<?xml version="1.0"?>
<link_info>
   <banner>TMS320C6x Linker PC v7.4.8</banner>
   <copyright>Copyright (c) 1996-2014 Texas Instruments Incorporated</copyright>
   <link_time>0x5f738d68</link_time>
   <output_file>Sonar.out</output_file>
   <entry_point>
      <name>_c_int00</name>
      <address>0xde20</address>
   </entry_point>
   <input_file_list>
      <input_file id="fl-b">
         <path>.\</path>
         <kind>object</kind>
         <file>config_AIC23.obj</file>
         <name>config_AIC23.obj</name>
      </input_file>
      <input_file id="fl-c">
         <path>.\</path>
         <kind>object</kind>
         <file>sonar.obj</file>
         <name>sonar.obj</name>
      </input_file>
      <input_file id="fl-d">
         <path>.\</path>
         <kind>object</kind>
         <file>sonarcfg.obj</file>
         <name>sonarcfg.obj</name>
      </input_file>
      <input_file id="fl-e">
         <path>.\</path>
         <kind>object</kind>
         <file>sonarcfg_c.obj</file>
         <name>sonarcfg_c.obj</name>
      </input_file>
      <input_file id="fl-8d">
         <path>C:\ti\bios_5_42_01_09\packages\ti\bios\lib\</path>
         <kind>archive</kind>
         <file>biosC6000.a67</file>
         <name>clk_htime.o67</name>
      </input_file>
      <input_file id="fl-8e">
         <path>C:\ti\bios_5_42_01_09\packages\ti\bios\lib\</path>
         <kind>archive</kind>
         <file>bios.a67</file>
         <name>biosdata.o67</name>
      </input_file>
      <input_file id="fl-8f">
         <path>C:\ti\bios_5_42_01_09\packages\ti\bios\lib\</path>
         <kind>archive</kind>
         <file>bios.a67</file>
         <name>hwi_disp_asm.o67</name>
      </input_file>
      <input_file id="fl-90">
         <path>C:\ti\bios_5_42_01_09\packages\ti\bios\lib\</path>
         <kind>archive</kind>
         <file>bios.a67</file>
         <name>idl_stub.o67</name>
      </input_file>
      <input_file id="fl-91">
         <path>C:\ti\bios_5_42_01_09\packages\ti\bios\lib\</path>
         <kind>archive</kind>
         <file>lnkrtdx.a67</file>
         <name>rtdx.o67</name>
      </input_file>
      <input_file id="fl-92">
         <path>C:\ti\bios_5_42_01_09\packages\ti\bios\lib\</path>
         <kind>archive</kind>
         <file>bios.a67</file>
         <name>swi.o67</name>
      </input_file>
      <input_file id="fl-93">
         <path>C:\ti\bios_5_42_01_09\packages\ti\bios\lib\</path>
         <kind>archive</kind>
         <file>bios.a67</file>
         <name>fxn_c.o67</name>
      </input_file>
      <input_file id="fl-94">
         <path>C:\ti\bios_5_42_01_09\packages\ti\bios\lib\</path>
         <kind>archive</kind>
         <file>bios.a67</file>
         <name>gbl_cslpllinit62.o67</name>
      </input_file>
      <input_file id="fl-95">
         <path>C:\ti\bios_5_42_01_09\packages\ti\bios\lib\</path>
         <kind>archive</kind>
         <file>bios.a67</file>
         <name>knl_tick.o67</name>
      </input_file>
      <input_file id="fl-96">
         <path>C:\ti\bios_5_42_01_09\packages\ti\bios\lib\</path>
         <kind>archive</kind>
         <file>bios.a67</file>
         <name>utl_doab.o67</name>
      </input_file>
      <input_file id="fl-97">
         <path>C:\ti\bios_5_42_01_09\packages\ti\bios\lib\</path>
         <kind>archive</kind>
         <file>bios.a67</file>
         <name>utl_doer.o67</name>
      </input_file>
      <input_file id="fl-98">
         <path>C:\ti\bios_5_42_01_09\packages\ti\bios\lib\</path>
         <kind>archive</kind>
         <file>bios.a67</file>
         <name>utl_putc.o67</name>
      </input_file>
      <input_file id="fl-99">
         <path>C:\ti\bios_5_42_01_09\packages\ti\bios\lib\</path>
         <kind>archive</kind>
         <file>bios.a67</file>
         <name>utl_halt.o67</name>
      </input_file>
      <input_file id="fl-9a">
         <path>C:\ti\bios_5_42_01_09\packages\ti\bios\lib\</path>
         <kind>archive</kind>
         <file>biosC6000.a67</file>
         <name>clk.o67</name>
      </input_file>
      <input_file id="fl-9b">
         <path>C:\ti\bios_5_42_01_09\packages\ti\bios\lib\</path>
         <kind>archive</kind>
         <file>bios.a67</file>
         <name>fxn.o67</name>
      </input_file>
      <input_file id="fl-9c">
         <path>C:\ti\bios_5_42_01_09\packages\ti\bios\lib\</path>
         <kind>archive</kind>
         <file>bios.a67</file>
         <name>boot.o67</name>
      </input_file>
      <input_file id="fl-9d">
         <path>C:\ti\bios_5_42_01_09\packages\ti\bios\lib\</path>
         <kind>archive</kind>
         <file>bios.a67</file>
         <name>trc.o67</name>
      </input_file>
      <input_file id="fl-9e">
         <path>C:\ti\bios_5_42_01_09\packages\ti\bios\lib\</path>
         <kind>archive</kind>
         <file>bios.a67</file>
         <name>hwi.o67</name>
      </input_file>
      <input_file id="fl-9f">
         <path>C:\ti\bios_5_42_01_09\packages\ti\bios\lib\</path>
         <kind>archive</kind>
         <file>bios.a67</file>
         <name>idl_busy.o67</name>
      </input_file>
      <input_file id="fl-a0">
         <path>C:\ti\bios_5_42_01_09\packages\ti\bios\lib\</path>
         <kind>archive</kind>
         <file>biosC6000.a67</file>
         <name>idl_cal.o67</name>
      </input_file>
      <input_file id="fl-a1">
         <path>C:\ti\bios_5_42_01_09\packages\ti\bios\lib\</path>
         <kind>archive</kind>
         <file>bios.a67</file>
         <name>idl.o67</name>
      </input_file>
      <input_file id="fl-a2">
         <path>C:\ti\bios_5_42_01_09\packages\ti\bios\lib\</path>
         <kind>archive</kind>
         <file>bios.a67</file>
         <name>knl_swit.o67</name>
      </input_file>
      <input_file id="fl-a3">
         <path>C:\ti\bios_5_42_01_09\packages\ti\bios\lib\</path>
         <kind>archive</kind>
         <file>bios.a67</file>
         <name>log.o67</name>
      </input_file>
      <input_file id="fl-a4">
         <path>C:\ti\bios_5_42_01_09\packages\ti\bios\lib\</path>
         <kind>archive</kind>
         <file>bios.a67</file>
         <name>pip.o67</name>
      </input_file>
      <input_file id="fl-a5">
         <path>C:\ti\bios_5_42_01_09\packages\ti\bios\lib\</path>
         <kind>archive</kind>
         <file>bios.a67</file>
         <name>prd.o67</name>
      </input_file>
      <input_file id="fl-a6">
         <path>C:\ti\bios_5_42_01_09\packages\ti\bios\lib\</path>
         <kind>archive</kind>
         <file>bios.a67</file>
         <name>rta.o67</name>
      </input_file>
      <input_file id="fl-a7">
         <path>C:\ti\bios_5_42_01_09\packages\ti\bios\lib\</path>
         <kind>archive</kind>
         <file>bios.a67</file>
         <name>rta_andn.o67</name>
      </input_file>
      <input_file id="fl-a8">
         <path>C:\ti\bios_5_42_01_09\packages\ti\bios\lib\</path>
         <kind>archive</kind>
         <file>bios.a67</file>
         <name>sts.o67</name>
      </input_file>
      <input_file id="fl-a9">
         <path>C:\ti\bios_5_42_01_09\packages\ti\bios\lib\</path>
         <kind>archive</kind>
         <file>bios.a67</file>
         <name>clk_data.o67</name>
      </input_file>
      <input_file id="fl-aa">
         <path>C:\ti\bios_5_42_01_09\packages\ti\bios\lib\</path>
         <kind>archive</kind>
         <file>bios.a67</file>
         <name>clk_data2.o67</name>
      </input_file>
      <input_file id="fl-ab">
         <path>C:\ti\bios_5_42_01_09\packages\ti\bios\lib\</path>
         <kind>archive</kind>
         <file>biosC6000.a67</file>
         <name>clk_meas.o67</name>
      </input_file>
      <input_file id="fl-ac">
         <path>C:\ti\bios_5_42_01_09\packages\ti\bios\lib\</path>
         <kind>archive</kind>
         <file>biosC6000.a67</file>
         <name>clk_start.o67</name>
      </input_file>
      <input_file id="fl-ad">
         <path>C:\ti\bios_5_42_01_09\packages\ti\bios\lib\</path>
         <kind>archive</kind>
         <file>biosC6000.a67</file>
         <name>clk_stop.o67</name>
      </input_file>
      <input_file id="fl-ae">
         <path>c:\ti\C6xCSL\lib_3x\</path>
         <kind>archive</kind>
         <file>csl6713.lib</file>
         <name>csl.obj</name>
      </input_file>
      <input_file id="fl-af">
         <path>c:\ti\DSK6713\c6000\dsk6713\lib\</path>
         <kind>archive</kind>
         <file>dsk6713bsl.lib</file>
         <name>dsk6713_led.obj</name>
      </input_file>
      <input_file id="fl-b0">
         <path>c:\ti\DSK6713\c6000\dsk6713\lib\</path>
         <kind>archive</kind>
         <file>dsk6713bsl.lib</file>
         <name>dsk6713.obj</name>
      </input_file>
      <input_file id="fl-b1">
         <path>c:\ti\C6xCSL\lib_3x\</path>
         <kind>archive</kind>
         <file>csl6713.lib</file>
         <name>csl_edma.obj</name>
      </input_file>
      <input_file id="fl-b2">
         <path>C:\ti\bios_5_42_01_09\packages\ti\bios\lib\</path>
         <kind>archive</kind>
         <file>bios.a67</file>
         <name>gbl_cslcacheinit.o67</name>
      </input_file>
      <input_file id="fl-b3">
         <path>C:\ti\bios_5_42_01_09\packages\ti\bios\lib\</path>
         <kind>archive</kind>
         <file>bios.a67</file>
         <name>gbl_vers.o67</name>
      </input_file>
      <input_file id="fl-b4">
         <path>C:\ti\bios_5_42_01_09\packages\ti\bios\lib\</path>
         <kind>archive</kind>
         <file>bios.a67</file>
         <name>hwi_c.o67</name>
      </input_file>
      <input_file id="fl-b5">
         <path>c:\ti\C6xCSL\lib_3x\</path>
         <kind>archive</kind>
         <file>csl6713.lib</file>
         <name>csl_irq.obj</name>
      </input_file>
      <input_file id="fl-b6">
         <path>C:\ti\bios_5_42_01_09\packages\ti\bios\lib\</path>
         <kind>archive</kind>
         <file>bios.a67</file>
         <name>knl.o67</name>
      </input_file>
      <input_file id="fl-b7">
         <path>C:\ti\bios_5_42_01_09\packages\ti\bios\lib\</path>
         <kind>archive</kind>
         <file>bios.a67</file>
         <name>knl_exit.o67</name>
      </input_file>
      <input_file id="fl-b8">
         <path>C:\ti\bios_5_42_01_09\packages\ti\bios\lib\</path>
         <kind>archive</kind>
         <file>bios.a67</file>
         <name>knl_chec.o67</name>
      </input_file>
      <input_file id="fl-b9">
         <path>C:\ti\bios_5_42_01_09\packages\ti\bios\lib\</path>
         <kind>archive</kind>
         <file>bios.a67</file>
         <name>knl_post.o67</name>
      </input_file>
      <input_file id="fl-ba">
         <path>C:\ti\bios_5_42_01_09\packages\ti\bios\lib\</path>
         <kind>archive</kind>
         <file>bios.a67</file>
         <name>knl_ipos.o67</name>
      </input_file>
      <input_file id="fl-bb">
         <path>C:\ti\bios_5_42_01_09\packages\ti\bios\lib\</path>
         <kind>archive</kind>
         <file>bios.a67</file>
         <name>knl_run.o67</name>
      </input_file>
      <input_file id="fl-bc">
         <path>c:\ti\C6xCSL\lib_3x\</path>
         <kind>archive</kind>
         <file>csl6713.lib</file>
         <name>csl_mcbsp.obj</name>
      </input_file>
      <input_file id="fl-bd">
         <path>C:\ti\bios_5_42_01_09\packages\ti\bios\lib\</path>
         <kind>archive</kind>
         <file>bios.a67</file>
         <name>obj_init.o67</name>
      </input_file>
      <input_file id="fl-be">
         <path>c:\ti\bios_5_42_01_09\packages\ti\rtdx\lib\c6000\</path>
         <kind>archive</kind>
         <file>rtdx.lib</file>
         <name>buffer2.o62</name>
      </input_file>
      <input_file id="fl-bf">
         <path>c:\ti\bios_5_42_01_09\packages\ti\rtdx\lib\c6000\</path>
         <kind>archive</kind>
         <file>rtdx.lib</file>
         <name>buffer1.o62</name>
      </input_file>
      <input_file id="fl-c0">
         <path>c:\ti\bios_5_42_01_09\packages\ti\rtdx\lib\c6000\</path>
         <kind>archive</kind>
         <file>rtdx.lib</file>
         <name>intr_tgt.o62</name>
      </input_file>
      <input_file id="fl-c1">
         <path>c:\ti\bios_5_42_01_09\packages\ti\rtdx\lib\c6000\</path>
         <kind>archive</kind>
         <file>rtdx.lib</file>
         <name>rtdx_mon.o62</name>
      </input_file>
      <input_file id="fl-c2">
         <path>C:\ti\bios_5_42_01_09\packages\ti\bios\lib\</path>
         <kind>archive</kind>
         <file>bios.a67</file>
         <name>sem_pend_binary.o67</name>
      </input_file>
      <input_file id="fl-c3">
         <path>C:\ti\bios_5_42_01_09\packages\ti\bios\lib\</path>
         <kind>archive</kind>
         <file>bios.a67</file>
         <name>sem_pend.o67</name>
      </input_file>
      <input_file id="fl-c4">
         <path>C:\ti\bios_5_42_01_09\packages\ti\bios\lib\</path>
         <kind>archive</kind>
         <file>bios.a67</file>
         <name>sem_post_asm.o67</name>
      </input_file>
      <input_file id="fl-c5">
         <path>C:\ti\bios_5_42_01_09\packages\ti\bios\lib\</path>
         <kind>archive</kind>
         <file>bios.a67</file>
         <name>sem_post.o67</name>
      </input_file>
      <input_file id="fl-c6">
         <path>C:\ti\bios_5_42_01_09\packages\ti\bios\lib\</path>
         <kind>archive</kind>
         <file>bios.a67</file>
         <name>sts_set.o67</name>
      </input_file>
      <input_file id="fl-c7">
         <path>c:\ti\C6xCSL\lib_3x\</path>
         <kind>archive</kind>
         <file>csl6713.lib</file>
         <name>csl_timer.obj</name>
      </input_file>
      <input_file id="fl-c8">
         <path>C:\ti\bios_5_42_01_09\packages\ti\bios\lib\</path>
         <kind>archive</kind>
         <file>bios.a67</file>
         <name>tsk.o67</name>
      </input_file>
      <input_file id="fl-c9">
         <path>C:\ti\bios_5_42_01_09\packages\ti\bios\lib\</path>
         <kind>archive</kind>
         <file>bios.a67</file>
         <name>tsk_exit.o67</name>
      </input_file>
      <input_file id="fl-ca">
         <path>C:\ti\bios_5_42_01_09\packages\ti\bios\lib\</path>
         <kind>archive</kind>
         <file>bios.a67</file>
         <name>sys_exit.o67</name>
      </input_file>
      <input_file id="fl-cb">
         <path>C:\ti\bios_5_42_01_09\packages\ti\bios\lib\</path>
         <kind>archive</kind>
         <file>bios.a67</file>
         <name>sys.o67</name>
      </input_file>
      <input_file id="fl-cc">
         <path>C:\ti\bios_5_42_01_09\packages\ti\bios\lib\</path>
         <kind>archive</kind>
         <file>bios.a67</file>
         <name>tsk_init.o67</name>
      </input_file>
      <input_file id="fl-cd">
         <path>C:\ti\bios_5_42_01_09\packages\ti\bios\lib\</path>
         <kind>archive</kind>
         <file>bios.a67</file>
         <name>tsk_setu.o67</name>
      </input_file>
      <input_file id="fl-ce">
         <path>C:\ti\bios_5_42_01_09\packages\ti\bios\lib\</path>
         <kind>archive</kind>
         <file>bios.a67</file>
         <name>tsk_stup.o67</name>
      </input_file>
      <input_file id="fl-cf">
         <path>C:\ti\bios_5_42_01_09\packages\ti\bios\lib\</path>
         <kind>archive</kind>
         <file>bios.a67</file>
         <name>lck.o67</name>
      </input_file>
      <input_file id="fl-d0">
         <path>C:\ti\bios_5_42_01_09\packages\ti\bios\lib\</path>
         <kind>archive</kind>
         <file>bios.a67</file>
         <name>sem_pend_counting.o67</name>
      </input_file>
      <input_file id="fl-d1">
         <path>C:\ti\bios_5_42_01_09\packages\ti\bios\lib\</path>
         <kind>archive</kind>
         <file>bios.a67</file>
         <name>sys_abor.o67</name>
      </input_file>
      <input_file id="fl-d2">
         <path>C:\ti\bios_5_42_01_09\packages\ti\bios\lib\</path>
         <kind>archive</kind>
         <file>bios.a67</file>
         <name>gbl_setL2CacheMode.o67</name>
      </input_file>
      <input_file id="fl-d3">
         <path>C:\ti\bios_5_42_01_09\packages\ti\bios\lib\</path>
         <kind>archive</kind>
         <file>bios.a67</file>
         <name>sem_dopo.o67</name>
      </input_file>
      <input_file id="fl-d4">
         <path>C:\ti\bios_5_42_01_09\packages\ti\bios\lib\</path>
         <kind>archive</kind>
         <file>bios.a67</file>
         <name>autoinit.o67</name>
      </input_file>
      <input_file id="fl-d5">
         <path>c:\ti\ccsv6\tools\compiler\c6000_7.4.8\lib\</path>
         <kind>archive</kind>
         <file>rts6700.lib</file>
         <name>divd.obj</name>
      </input_file>
      <input_file id="fl-d6">
         <path>c:\ti\ccsv6\tools\compiler\c6000_7.4.8\lib\</path>
         <kind>archive</kind>
         <file>rts6700.lib</file>
         <name>divf.obj</name>
      </input_file>
      <input_file id="fl-d7">
         <path>c:\ti\ccsv6\tools\compiler\c6000_7.4.8\lib\</path>
         <kind>archive</kind>
         <file>rts6700.lib</file>
         <name>frcmpyd_div.obj</name>
      </input_file>
      <input_file id="fl-d8">
         <path>c:\ti\ccsv6\tools\compiler\c6000_7.4.8\lib\</path>
         <kind>archive</kind>
         <file>rts6700.lib</file>
         <name>llshift.obj</name>
      </input_file>
      <input_file id="fl-d9">
         <path>c:\ti\ccsv6\tools\compiler\c6000_7.4.8\lib\</path>
         <kind>archive</kind>
         <file>rts6700.lib</file>
         <name>mpyll.obj</name>
      </input_file>
      <input_file id="fl-da">
         <path>c:\ti\ccsv6\tools\compiler\c6000_7.4.8\lib\</path>
         <kind>archive</kind>
         <file>rts6700.lib</file>
         <name>_lock.obj</name>
      </input_file>
      <input_file id="fl-db">
         <path>c:\ti\ccsv6\tools\compiler\c6000_7.4.8\lib\</path>
         <kind>archive</kind>
         <file>rts6700.lib</file>
         <name>strasg.obj</name>
      </input_file>
      <input_file id="fl-dc">
         <path>c:\ti\ccsv6\tools\compiler\c6000_7.4.8\lib\</path>
         <kind>archive</kind>
         <file>rts6700.lib</file>
         <name>atan.obj</name>
      </input_file>
      <input_file id="fl-dd">
         <path>c:\ti\ccsv6\tools\compiler\c6000_7.4.8\lib\</path>
         <kind>archive</kind>
         <file>rts6700.lib</file>
         <name>atexit.obj</name>
      </input_file>
      <input_file id="fl-de">
         <path>c:\ti\ccsv6\tools\compiler\c6000_7.4.8\lib\</path>
         <kind>archive</kind>
         <file>rts6700.lib</file>
         <name>sinit.obj</name>
      </input_file>
      <input_file id="fl-df">
         <path>c:\ti\ccsv6\tools\compiler\c6000_7.4.8\lib\</path>
         <kind>archive</kind>
         <file>rts6700.lib</file>
         <name>exit.obj</name>
      </input_file>
      <input_file id="fl-e0">
         <path>c:\ti\ccsv6\tools\compiler\c6000_7.4.8\lib\</path>
         <kind>archive</kind>
         <file>rts6700.lib</file>
         <name>cos.obj</name>
      </input_file>
      <input_file id="fl-e1">
         <path>c:\ti\ccsv6\tools\compiler\c6000_7.4.8\lib\</path>
         <kind>archive</kind>
         <file>rts6700.lib</file>
         <name>round.obj</name>
      </input_file>
      <input_file id="fl-e2">
         <path>c:\ti\ccsv6\tools\compiler\c6000_7.4.8\lib\</path>
         <kind>archive</kind>
         <file>rts6700.lib</file>
         <name>trunc.obj</name>
      </input_file>
      <input_file id="fl-e3">
         <path>c:\ti\ccsv6\tools\compiler\c6000_7.4.8\lib\</path>
         <kind>archive</kind>
         <file>rts6700.lib</file>
         <name>memcpy62.obj</name>
      </input_file>
      <input_file id="fl-e4">
         <path>c:\ti\ccsv6\tools\compiler\c6000_7.4.8\lib\</path>
         <kind>archive</kind>
         <file>rts6700.lib</file>
         <name>modf.obj</name>
      </input_file>
      <input_file id="fl-e5">
         <path>c:\ti\ccsv6\tools\compiler\c6000_7.4.8\lib\</path>
         <kind>archive</kind>
         <file>rts6700.lib</file>
         <name>sin.obj</name>
      </input_file>
      <input_file id="fl-e6">
         <path>c:\ti\ccsv6\tools\compiler\c6000_7.4.8\lib\</path>
         <kind>archive</kind>
         <file>rts6700.lib</file>
         <name>sqrt.obj</name>
      </input_file>
      <input_file id="fl-e7">
         <path>c:\ti\ccsv6\tools\compiler\c6000_7.4.8\lib\</path>
         <kind>archive</kind>
         <file>rts6700.lib</file>
         <name>errno.obj</name>
      </input_file>
   </input_file_list>
   <object_component_list>
      <object_component id="oc-73">
         <name>.vers</name>
         <load_address>0x0</load_address>
         <run_address>0x0</run_address>
         <size>0x3c</size>
         <input_file_ref idref="fl-d"/>
      </object_component>
      <object_component id="oc-60">
         <name>.clk</name>
         <uninitialized>true</uninitialized>
         <run_address>0xdb58</run_address>
         <size>0x8</size>
         <input_file_ref idref="fl-d"/>
      </object_component>
      <object_component id="oc-61">
         <name>.prd</name>
         <uninitialized>true</uninitialized>
         <run_address>0xf2e4</run_address>
         <size>0x20</size>
         <input_file_ref idref="fl-d"/>
      </object_component>
      <object_component id="oc-7">
         <name>HWI_A_VECS</name>
         <load_address>0x0</load_address>
         <run_address>0x0</run_address>
         <size>0x0</size>
      </object_component>
      <object_component id="oc-68">
         <name>.hwi_vec</name>
         <load_address>0x0</load_address>
         <run_address>0x0</run_address>
         <size>0x200</size>
         <input_file_ref idref="fl-d"/>
      </object_component>
      <object_component id="oc-69">
         <name>.swi</name>
         <uninitialized>true</uninitialized>
         <run_address>0xf140</run_address>
         <size>0x84</size>
         <input_file_ref idref="fl-d"/>
      </object_component>
      <object_component id="oc-6a">
         <name>.tsk</name>
         <uninitialized>true</uninitialized>
         <run_address>0xefc8</run_address>
         <size>0xc0</size>
         <input_file_ref idref="fl-d"/>
      </object_component>
      <object_component id="oc-6e">
         <name>.idl</name>
         <uninitialized>true</uninitialized>
         <run_address>0xf31c</run_address>
         <size>0x10</size>
         <input_file_ref idref="fl-d"/>
      </object_component>
      <object_component id="oc-6d">
         <name>.idlcal</name>
         <uninitialized>true</uninitialized>
         <run_address>0xf32c</run_address>
         <size>0x10</size>
         <input_file_ref idref="fl-d"/>
      </object_component>
      <object_component id="oc-53">
         <name>.bss</name>
         <uninitialized>true</uninitialized>
         <run_address>0xea30</run_address>
         <size>0x20</size>
         <input_file_ref idref="fl-c"/>
      </object_component>
      <object_component id="oc-5b">
         <name>.bss</name>
         <uninitialized>true</uninitialized>
         <run_address>0xea80</run_address>
         <size>0x18</size>
         <input_file_ref idref="fl-d"/>
      </object_component>
      <object_component id="oc-7c">
         <name>.bss</name>
         <uninitialized>true</uninitialized>
         <run_address>0xe880</run_address>
         <size>0xcc</size>
         <input_file_ref idref="fl-8e"/>
      </object_component>
      <object_component id="oc-7e">
         <name>.bss</name>
         <uninitialized>true</uninitialized>
         <run_address>0xe780</run_address>
         <size>0x100</size>
         <input_file_ref idref="fl-8f"/>
      </object_component>
      <object_component id="oc-85">
         <name>.bss</name>
         <uninitialized>true</uninitialized>
         <run_address>0xea68</run_address>
         <size>0x18</size>
         <input_file_ref idref="fl-91"/>
      </object_component>
      <object_component id="oc-8b">
         <name>.bss</name>
         <uninitialized>true</uninitialized>
         <run_address>0xe94c</run_address>
         <size>0x9c</size>
         <input_file_ref idref="fl-92"/>
      </object_component>
      <object_component id="oc-b9">
         <name>.bss</name>
         <uninitialized>true</uninitialized>
         <run_address>0xea50</run_address>
         <size>0x18</size>
         <input_file_ref idref="fl-9e"/>
      </object_component>
      <object_component id="oc-bb">
         <name>.bss</name>
         <uninitialized>true</uninitialized>
         <run_address>0xeacc</run_address>
         <size>0x4</size>
         <input_file_ref idref="fl-9f"/>
      </object_component>
      <object_component id="oc-e7">
         <name>.bss</name>
         <uninitialized>true</uninitialized>
         <run_address>0xeab4</run_address>
         <size>0x8</size>
         <input_file_ref idref="fl-a9"/>
      </object_component>
      <object_component id="oc-ea">
         <name>.bss</name>
         <uninitialized>true</uninitialized>
         <run_address>0xeac4</run_address>
         <size>0x4</size>
         <input_file_ref idref="fl-aa"/>
      </object_component>
      <object_component id="oc-120">
         <name>.bss</name>
         <uninitialized>true</uninitialized>
         <run_address>0xe9e8</run_address>
         <size>0x48</size>
         <input_file_ref idref="fl-b6"/>
      </object_component>
      <object_component id="oc-147">
         <name>.bss</name>
         <uninitialized>true</uninitialized>
         <run_address>0xea98</run_address>
         <size>0x10</size>
         <input_file_ref idref="fl-bf"/>
      </object_component>
      <object_component id="oc-170">
         <name>.bss</name>
         <uninitialized>true</uninitialized>
         <run_address>0xeaa8</run_address>
         <size>0xc</size>
         <input_file_ref idref="fl-c8"/>
      </object_component>
      <object_component id="oc-17e">
         <name>.bss</name>
         <uninitialized>true</uninitialized>
         <run_address>0xeabc</run_address>
         <size>0x8</size>
         <input_file_ref idref="fl-cb"/>
      </object_component>
      <object_component id="oc-19f">
         <name>.bss</name>
         <uninitialized>true</uninitialized>
         <run_address>0xeac8</run_address>
         <size>0x4</size>
         <input_file_ref idref="fl-d2"/>
      </object_component>
      <object_component id="oc-4f">
         <name>.far</name>
         <uninitialized>true</uninitialized>
         <run_address>0xd638</run_address>
         <size>0x34</size>
         <input_file_ref idref="fl-b"/>
      </object_component>
      <object_component id="oc-57">
         <name>.far</name>
         <uninitialized>true</uninitialized>
         <run_address>0xd52c</run_address>
         <size>0x50</size>
         <input_file_ref idref="fl-c"/>
      </object_component>
      <object_component id="oc-98">
         <name>.far</name>
         <uninitialized>true</uninitialized>
         <run_address>0xd6d8</run_address>
         <size>0x10</size>
         <input_file_ref idref="fl-95"/>
      </object_component>
      <object_component id="oc-a5">
         <name>.far</name>
         <uninitialized>true</uninitialized>
         <run_address>0xd6e8</run_address>
         <size>0xc</size>
         <input_file_ref idref="fl-98"/>
      </object_component>
      <object_component id="oc-fa">
         <name>.far</name>
         <uninitialized>true</uninitialized>
         <run_address>0xd66c</run_address>
         <size>0x28</size>
         <input_file_ref idref="fl-ae"/>
      </object_component>
      <object_component id="oc-ff">
         <name>.far</name>
         <uninitialized>true</uninitialized>
         <run_address>0xd70a</run_address>
         <size>0x2</size>
         <input_file_ref idref="fl-af"/>
      </object_component>
      <object_component id="oc-104">
         <name>.far</name>
         <uninitialized>true</uninitialized>
         <run_address>0xd708</run_address>
         <size>0x2</size>
         <input_file_ref idref="fl-b0"/>
      </object_component>
      <object_component id="oc-10a">
         <name>.far</name>
         <uninitialized>true</uninitialized>
         <run_address>0xd488</run_address>
         <size>0x54</size>
         <input_file_ref idref="fl-b1"/>
      </object_component>
      <object_component id="oc-11c">
         <name>.far</name>
         <uninitialized>true</uninitialized>
         <run_address>0xd1a8</run_address>
         <size>0xf4</size>
         <input_file_ref idref="fl-b5"/>
      </object_component>
      <object_component id="oc-123">
         <name>.far</name>
         <uninitialized>true</uninitialized>
         <run_address>0xd29c</run_address>
         <size>0xd8</size>
         <input_file_ref idref="fl-b6"/>
      </object_component>
      <object_component id="oc-13a">
         <name>.far</name>
         <uninitialized>true</uninitialized>
         <run_address>0xd600</run_address>
         <size>0x38</size>
         <input_file_ref idref="fl-bc"/>
      </object_component>
      <object_component id="oc-140">
         <name>.far</name>
         <uninitialized>true</uninitialized>
         <run_address>0xd434</run_address>
         <size>0x54</size>
         <input_file_ref idref="fl-bd"/>
      </object_component>
      <object_component id="oc-16c">
         <name>.far</name>
         <uninitialized>true</uninitialized>
         <run_address>0xd694</run_address>
         <size>0x24</size>
         <input_file_ref idref="fl-c7"/>
      </object_component>
      <object_component id="oc-173">
         <name>.far</name>
         <uninitialized>true</uninitialized>
         <run_address>0xd3d8</run_address>
         <size>0x5c</size>
         <input_file_ref idref="fl-c8"/>
      </object_component>
      <object_component id="oc-181">
         <name>.far</name>
         <uninitialized>true</uninitialized>
         <run_address>0xd6b8</run_address>
         <size>0x20</size>
         <input_file_ref idref="fl-cb"/>
      </object_component>
      <object_component id="oc-18e">
         <name>.far</name>
         <uninitialized>true</uninitialized>
         <run_address>0xd4dc</run_address>
         <size>0x50</size>
         <input_file_ref idref="fl-ce"/>
      </object_component>
      <object_component id="oc-1be">
         <name>.far</name>
         <uninitialized>true</uninitialized>
         <run_address>0xd700</run_address>
         <size>0x8</size>
         <input_file_ref idref="fl-da"/>
      </object_component>
      <object_component id="oc-1c6">
         <name>.far</name>
         <uninitialized>true</uninitialized>
         <run_address>0xd378</run_address>
         <size>0x60</size>
         <input_file_ref idref="fl-dc"/>
      </object_component>
      <object_component id="oc-1cb">
         <name>.far</name>
         <uninitialized>true</uninitialized>
         <run_address>0xd020</run_address>
         <size>0x188</size>
         <input_file_ref idref="fl-dd"/>
      </object_component>
      <object_component id="oc-1d0">
         <name>.far</name>
         <uninitialized>true</uninitialized>
         <run_address>0xd57c</run_address>
         <size>0x4</size>
         <input_file_ref idref="fl-de"/>
      </object_component>
      <object_component id="oc-1d5">
         <name>.far</name>
         <uninitialized>true</uninitialized>
         <run_address>0xd6f4</run_address>
         <size>0xc</size>
         <input_file_ref idref="fl-df"/>
      </object_component>
      <object_component id="oc-1da">
         <name>.far</name>
         <uninitialized>true</uninitialized>
         <run_address>0xd580</run_address>
         <size>0x40</size>
         <input_file_ref idref="fl-e0"/>
      </object_component>
      <object_component id="oc-1eb">
         <name>.far</name>
         <uninitialized>true</uninitialized>
         <run_address>0xd5c0</run_address>
         <size>0x40</size>
         <input_file_ref idref="fl-e5"/>
      </object_component>
      <object_component id="oc-1f3">
         <name>.far</name>
         <uninitialized>true</uninitialized>
         <run_address>0xd374</run_address>
         <size>0x4</size>
         <input_file_ref idref="fl-e7"/>
      </object_component>
      <object_component id="oc-71">
         <name>.sem</name>
         <uninitialized>true</uninitialized>
         <run_address>0xecd0</run_address>
         <size>0x2c</size>
         <input_file_ref idref="fl-d"/>
      </object_component>
      <object_component id="oc-87">
         <name>.bios</name>
         <load_address>0x5ae0</load_address>
         <run_address>0x5ae0</run_address>
         <size>0x600</size>
         <input_file_ref idref="fl-91"/>
      </object_component>
      <object_component id="oc-1a2">
         <name>.bios</name>
         <load_address>0x60e0</load_address>
         <run_address>0x60e0</run_address>
         <size>0x5e0</size>
         <input_file_ref idref="fl-d2"/>
      </object_component>
      <object_component id="oc-45">
         <name>.bios</name>
         <load_address>0x66c0</load_address>
         <run_address>0x66c0</run_address>
         <size>0x540</size>
         <input_file_ref idref="fl-92"/>
      </object_component>
      <object_component id="oc-46">
         <name>.bios</name>
         <load_address>0x6c00</load_address>
         <run_address>0x6c00</run_address>
         <size>0x460</size>
         <input_file_ref idref="fl-8f"/>
      </object_component>
      <object_component id="oc-d6">
         <name>.bios</name>
         <load_address>0x7060</load_address>
         <run_address>0x7060</run_address>
         <size>0x3a0</size>
         <input_file_ref idref="fl-a5"/>
      </object_component>
      <object_component id="oc-136">
         <name>.bios</name>
         <load_address>0x7400</load_address>
         <run_address>0x7400</run_address>
         <size>0x2c0</size>
         <input_file_ref idref="fl-bb"/>
      </object_component>
      <object_component id="oc-db">
         <name>.bios</name>
         <load_address>0x76c0</load_address>
         <run_address>0x76c0</run_address>
         <size>0x2c0</size>
         <input_file_ref idref="fl-a6"/>
      </object_component>
      <object_component id="oc-15c">
         <name>.bios</name>
         <load_address>0x7980</load_address>
         <run_address>0x7980</run_address>
         <size>0x2c0</size>
         <input_file_ref idref="fl-c3"/>
      </object_component>
      <object_component id="oc-49">
         <name>.bios</name>
         <load_address>0x7c40</load_address>
         <run_address>0x7c40</run_address>
         <size>0x260</size>
         <input_file_ref idref="fl-95"/>
      </object_component>
      <object_component id="oc-d2">
         <name>.bios</name>
         <load_address>0x7ea0</load_address>
         <run_address>0x7ea0</run_address>
         <size>0x240</size>
         <input_file_ref idref="fl-a4"/>
      </object_component>
      <object_component id="oc-1a6">
         <name>.bios</name>
         <load_address>0x80e0</load_address>
         <run_address>0x80e0</run_address>
         <size>0x220</size>
         <input_file_ref idref="fl-d3"/>
      </object_component>
      <object_component id="oc-188">
         <name>.bios</name>
         <load_address>0x8300</load_address>
         <run_address>0x8300</run_address>
         <size>0x200</size>
         <input_file_ref idref="fl-cd"/>
      </object_component>
      <object_component id="oc-ca">
         <name>.bios</name>
         <load_address>0x8500</load_address>
         <run_address>0x8500</run_address>
         <size>0x1c0</size>
         <input_file_ref idref="fl-a2"/>
      </object_component>
      <object_component id="oc-ab">
         <name>.bios</name>
         <load_address>0x86c0</load_address>
         <run_address>0x86c0</run_address>
         <size>0x1c0</size>
         <input_file_ref idref="fl-9a"/>
      </object_component>
      <object_component id="oc-177">
         <name>.bios</name>
         <load_address>0x8880</load_address>
         <run_address>0x8880</run_address>
         <size>0x1a0</size>
         <input_file_ref idref="fl-c9"/>
      </object_component>
      <object_component id="oc-1aa">
         <name>.bios</name>
         <load_address>0x8a20</load_address>
         <run_address>0x8a20</run_address>
         <size>0x180</size>
         <input_file_ref idref="fl-d4"/>
      </object_component>
      <object_component id="oc-18f">
         <name>.bios</name>
         <load_address>0x8ba0</load_address>
         <run_address>0x8ba0</run_address>
         <size>0x180</size>
         <input_file_ref idref="fl-ce"/>
      </object_component>
      <object_component id="oc-129">
         <name>.bios</name>
         <load_address>0x8d20</load_address>
         <run_address>0x8d20</run_address>
         <size>0x140</size>
         <input_file_ref idref="fl-b8"/>
      </object_component>
      <object_component id="oc-10f">
         <name>.bios</name>
         <load_address>0x8e60</load_address>
         <run_address>0x8e60</run_address>
         <size>0xe0</size>
         <input_file_ref idref="fl-b2"/>
      </object_component>
      <object_component id="oc-126">
         <name>.bios</name>
         <load_address>0x8f40</load_address>
         <run_address>0x8f40</run_address>
         <size>0xe0</size>
         <input_file_ref idref="fl-b7"/>
      </object_component>
      <object_component id="oc-164">
         <name>.bios</name>
         <load_address>0x9020</load_address>
         <run_address>0x9020</run_address>
         <size>0xe0</size>
         <input_file_ref idref="fl-c5"/>
      </object_component>
      <object_component id="oc-15f">
         <name>.bios</name>
         <load_address>0x9100</load_address>
         <run_address>0x9100</run_address>
         <size>0xe0</size>
         <input_file_ref idref="fl-c4"/>
      </object_component>
      <object_component id="oc-ed">
         <name>.bios</name>
         <load_address>0x91e0</load_address>
         <run_address>0x91e0</run_address>
         <size>0xe0</size>
         <input_file_ref idref="fl-ab"/>
      </object_component>
      <object_component id="oc-132">
         <name>.bios</name>
         <load_address>0x92c0</load_address>
         <run_address>0x92c0</run_address>
         <size>0xc0</size>
         <input_file_ref idref="fl-ba"/>
      </object_component>
      <object_component id="oc-12e">
         <name>.bios</name>
         <load_address>0x9380</load_address>
         <run_address>0x9380</run_address>
         <size>0xc0</size>
         <input_file_ref idref="fl-b9"/>
      </object_component>
      <object_component id="oc-194">
         <name>.bios</name>
         <load_address>0x9440</load_address>
         <run_address>0x9440</run_address>
         <size>0xc0</size>
         <input_file_ref idref="fl-cf"/>
      </object_component>
      <object_component id="oc-17b">
         <name>.bios</name>
         <load_address>0x9500</load_address>
         <run_address>0x9500</run_address>
         <size>0xc0</size>
         <input_file_ref idref="fl-ca"/>
      </object_component>
      <object_component id="oc-47">
         <name>.bios</name>
         <load_address>0x95c0</load_address>
         <run_address>0x95c0</run_address>
         <size>0xc0</size>
         <input_file_ref idref="fl-8d"/>
      </object_component>
      <object_component id="oc-af">
         <name>.bios</name>
         <load_address>0x9680</load_address>
         <run_address>0x9680</run_address>
         <size>0x80</size>
         <input_file_ref idref="fl-9b"/>
      </object_component>
      <object_component id="oc-bd">
         <name>.bios</name>
         <load_address>0x9700</load_address>
         <run_address>0x9700</run_address>
         <size>0x80</size>
         <input_file_ref idref="fl-9f"/>
      </object_component>
      <object_component id="oc-ce">
         <name>.bios</name>
         <load_address>0x9780</load_address>
         <run_address>0x9780</run_address>
         <size>0x80</size>
         <input_file_ref idref="fl-a3"/>
      </object_component>
      <object_component id="oc-e3">
         <name>.bios</name>
         <load_address>0x9800</load_address>
         <run_address>0x9800</run_address>
         <size>0x80</size>
         <input_file_ref idref="fl-a8"/>
      </object_component>
      <object_component id="oc-c1">
         <name>.bios</name>
         <load_address>0x9880</load_address>
         <run_address>0x9880</run_address>
         <size>0x80</size>
         <input_file_ref idref="fl-a0"/>
      </object_component>
      <object_component id="oc-116">
         <name>.bios</name>
         <load_address>0x9900</load_address>
         <run_address>0x9900</run_address>
         <size>0x60</size>
         <input_file_ref idref="fl-b4"/>
      </object_component>
      <object_component id="oc-157">
         <name>.bios</name>
         <load_address>0x9960</load_address>
         <run_address>0x9960</run_address>
         <size>0x60</size>
         <input_file_ref idref="fl-c2"/>
      </object_component>
      <object_component id="oc-197">
         <name>.bios</name>
         <load_address>0x99c0</load_address>
         <run_address>0x99c0</run_address>
         <size>0x60</size>
         <input_file_ref idref="fl-d0"/>
      </object_component>
      <object_component id="oc-19c">
         <name>.bios</name>
         <load_address>0x9a20</load_address>
         <run_address>0x9a20</run_address>
         <size>0x60</size>
         <input_file_ref idref="fl-d1"/>
      </object_component>
      <object_component id="oc-48">
         <name>.bios</name>
         <load_address>0x9a80</load_address>
         <run_address>0x9a80</run_address>
         <size>0x60</size>
         <input_file_ref idref="fl-98"/>
      </object_component>
      <object_component id="oc-f1">
         <name>.bios</name>
         <load_address>0x9ae0</load_address>
         <run_address>0x9ae0</run_address>
         <size>0x60</size>
         <input_file_ref idref="fl-ac"/>
      </object_component>
      <object_component id="oc-42">
         <name>.bios</name>
         <load_address>0x9b40</load_address>
         <run_address>0x9b40</run_address>
         <size>0x40</size>
         <input_file_ref idref="fl-90"/>
      </object_component>
      <object_component id="oc-df">
         <name>.bios</name>
         <load_address>0x9b80</load_address>
         <run_address>0x9b80</run_address>
         <size>0x40</size>
         <input_file_ref idref="fl-a7"/>
      </object_component>
      <object_component id="oc-41">
         <name>.bios</name>
         <load_address>0x9bc0</load_address>
         <run_address>0x9bc0</run_address>
         <size>0x40</size>
         <input_file_ref idref="fl-96"/>
      </object_component>
      <object_component id="oc-f5">
         <name>.bios</name>
         <load_address>0x9c00</load_address>
         <run_address>0x9c00</run_address>
         <size>0x40</size>
         <input_file_ref idref="fl-ad"/>
      </object_component>
      <object_component id="oc-4c">
         <name>.bios</name>
         <load_address>0x9c40</load_address>
         <run_address>0x9c40</run_address>
         <size>0x20</size>
         <input_file_ref idref="fl-93"/>
      </object_component>
      <object_component id="oc-112">
         <name>.bios</name>
         <load_address>0x9c60</load_address>
         <run_address>0x9c60</run_address>
         <size>0x20</size>
         <input_file_ref idref="fl-b3"/>
      </object_component>
      <object_component id="oc-c5">
         <name>.bios</name>
         <load_address>0x9c80</load_address>
         <run_address>0x9c80</run_address>
         <size>0x20</size>
         <input_file_ref idref="fl-a1"/>
      </object_component>
      <object_component id="oc-167">
         <name>.bios</name>
         <load_address>0x9ca0</load_address>
         <run_address>0x9ca0</run_address>
         <size>0x20</size>
         <input_file_ref idref="fl-c6"/>
      </object_component>
      <object_component id="oc-4b">
         <name>.bios</name>
         <load_address>0x9cc0</load_address>
         <run_address>0x9cc0</run_address>
         <size>0x20</size>
         <input_file_ref idref="fl-97"/>
      </object_component>
      <object_component id="oc-4a">
         <name>.bios</name>
         <load_address>0x9ce0</load_address>
         <run_address>0x9ce0</run_address>
         <size>0x20</size>
         <input_file_ref idref="fl-99"/>
      </object_component>
      <object_component id="oc-14b">
         <name>.pinit</name>
         <load_address>0xf34c</load_address>
         <run_address>0xf34c</run_address>
         <size>0x4</size>
         <input_file_ref idref="fl-bf"/>
      </object_component>
      <object_component id="oc-154">
         <name>.pinit</name>
         <load_address>0xf350</load_address>
         <run_address>0xf350</run_address>
         <size>0x4</size>
         <input_file_ref idref="fl-c1"/>
      </object_component>
      <object_component id="oc-5f">
         <name>.sys</name>
         <uninitialized>true</uninitialized>
         <run_address>0xf33c</run_address>
         <size>0x10</size>
         <input_file_ref idref="fl-d"/>
      </object_component>
      <object_component id="oc-1f5">
         <name>.text</name>
         <load_address>0x200</load_address>
         <run_address>0x200</run_address>
         <size>0x19c0</size>
         <input_file_ref idref="fl-c"/>
      </object_component>
      <object_component id="oc-210">
         <name>.text:__divd</name>
         <load_address>0x1bc0</load_address>
         <run_address>0x1bc0</run_address>
         <size>0x720</size>
         <input_file_ref idref="fl-d5"/>
      </object_component>
      <object_component id="oc-103">
         <name>.text</name>
         <load_address>0x22e0</load_address>
         <run_address>0x22e0</run_address>
         <size>0x480</size>
         <input_file_ref idref="fl-b0"/>
      </object_component>
      <object_component id="oc-20e">
         <name>.text:_cos</name>
         <load_address>0x2760</load_address>
         <run_address>0x2760</run_address>
         <size>0x340</size>
         <input_file_ref idref="fl-e0"/>
      </object_component>
      <object_component id="oc-212">
         <name>.text:__divf</name>
         <load_address>0x2aa0</load_address>
         <run_address>0x2aa0</run_address>
         <size>0x300</size>
         <input_file_ref idref="fl-d6"/>
      </object_component>
      <object_component id="oc-20f">
         <name>.text:_sin</name>
         <load_address>0x2da0</load_address>
         <run_address>0x2da0</run_address>
         <size>0x2e0</size>
         <input_file_ref idref="fl-e5"/>
      </object_component>
      <object_component id="oc-206">
         <name>.text:_EDMA_open</name>
         <load_address>0x3080</load_address>
         <run_address>0x3080</run_address>
         <size>0x280</size>
         <input_file_ref idref="fl-b1"/>
      </object_component>
      <object_component id="oc-214">
         <name>.text</name>
         <load_address>0x3300</load_address>
         <run_address>0x3300</run_address>
         <size>0x260</size>
         <input_file_ref idref="fl-b"/>
      </object_component>
      <object_component id="oc-213">
         <name>.text:_atan</name>
         <load_address>0x3560</load_address>
         <run_address>0x3560</run_address>
         <size>0x240</size>
         <input_file_ref idref="fl-dc"/>
      </object_component>
      <object_component id="oc-1fe">
         <name>.text:_memcpy</name>
         <load_address>0x37a0</load_address>
         <run_address>0x37a0</run_address>
         <size>0x240</size>
         <input_file_ref idref="fl-e3"/>
      </object_component>
      <object_component id="oc-201">
         <name>.text:__CSL_init</name>
         <load_address>0x39e0</load_address>
         <run_address>0x39e0</run_address>
         <size>0x220</size>
         <input_file_ref idref="fl-ae"/>
      </object_component>
      <object_component id="oc-fe">
         <name>.text</name>
         <load_address>0x3c00</load_address>
         <run_address>0x3c00</run_address>
         <size>0x1e0</size>
         <input_file_ref idref="fl-af"/>
      </object_component>
      <object_component id="oc-20a">
         <name>.text:_IRQ_map</name>
         <load_address>0x3de0</load_address>
         <run_address>0x3de0</run_address>
         <size>0x1c0</size>
         <input_file_ref idref="fl-b5"/>
      </object_component>
      <object_component id="oc-232">
         <name>.text:_mux2Tables</name>
         <load_address>0x3fa0</load_address>
         <run_address>0x3fa0</run_address>
         <size>0x1c0</size>
         <input_file_ref idref="fl-b5"/>
      </object_component>
      <object_component id="oc-22c">
         <name>.text:_MCBSP_reset</name>
         <load_address>0x4160</load_address>
         <run_address>0x4160</run_address>
         <size>0x1a0</size>
         <input_file_ref idref="fl-bc"/>
      </object_component>
      <object_component id="oc-43">
         <name>.text</name>
         <load_address>0x4300</load_address>
         <run_address>0x4300</run_address>
         <size>0x180</size>
         <input_file_ref idref="fl-94"/>
      </object_component>
      <object_component id="oc-235">
         <name>.text:_call_dtors</name>
         <load_address>0x4480</load_address>
         <run_address>0x4480</run_address>
         <size>0x160</size>
         <input_file_ref idref="fl-de"/>
      </object_component>
      <object_component id="oc-224">
         <name>.text:_EDMA_reset</name>
         <load_address>0x45e0</load_address>
         <run_address>0x45e0</run_address>
         <size>0x140</size>
         <input_file_ref idref="fl-b1"/>
      </object_component>
      <object_component id="oc-222">
         <name>.text:_TIMER_open</name>
         <load_address>0x4720</load_address>
         <run_address>0x4720</run_address>
         <size>0x140</size>
         <input_file_ref idref="fl-c7"/>
      </object_component>
      <object_component id="oc-22a">
         <name>.text:__frcmpyd_div</name>
         <load_address>0x4860</load_address>
         <run_address>0x4860</run_address>
         <size>0x140</size>
         <input_file_ref idref="fl-d7"/>
      </object_component>
      <object_component id="oc-211">
         <name>.text:_sqrt</name>
         <load_address>0x49a0</load_address>
         <run_address>0x49a0</run_address>
         <size>0x140</size>
         <input_file_ref idref="fl-e6"/>
      </object_component>
      <object_component id="oc-233">
         <name>.text:_TIMER_reset</name>
         <load_address>0x4ae0</load_address>
         <run_address>0x4ae0</run_address>
         <size>0x120</size>
         <input_file_ref idref="fl-c7"/>
      </object_component>
      <object_component id="oc-208">
         <name>.text:_EDMA_intAlloc</name>
         <load_address>0x4c00</load_address>
         <run_address>0x4c00</run_address>
         <size>0x100</size>
         <input_file_ref idref="fl-b1"/>
      </object_component>
      <object_component id="oc-215">
         <name>.text:_MCBSP_open</name>
         <load_address>0x4d00</load_address>
         <run_address>0x4d00</run_address>
         <size>0x100</size>
         <input_file_ref idref="fl-bc"/>
      </object_component>
      <object_component id="oc-217">
         <name>.text:_MCBSP_start</name>
         <load_address>0x4e00</load_address>
         <run_address>0x4e00</run_address>
         <size>0x100</size>
         <input_file_ref idref="fl-bc"/>
      </object_component>
      <object_component id="oc-202">
         <name>.text:_EDMA_config</name>
         <load_address>0x4f00</load_address>
         <run_address>0x4f00</run_address>
         <size>0xe0</size>
         <input_file_ref idref="fl-b1"/>
      </object_component>
      <object_component id="oc-227">
         <name>.text:__nround</name>
         <load_address>0x4fe0</load_address>
         <run_address>0x4fe0</run_address>
         <size>0xe0</size>
         <input_file_ref idref="fl-e1"/>
      </object_component>
      <object_component id="oc-1f9">
         <name>.text:__strasg</name>
         <load_address>0x50c0</load_address>
         <run_address>0x50c0</run_address>
         <size>0xe0</size>
         <input_file_ref idref="fl-db"/>
      </object_component>
      <object_component id="oc-21f">
         <name>.text:_atexit</name>
         <load_address>0x51a0</load_address>
         <run_address>0x51a0</run_address>
         <size>0xe0</size>
         <input_file_ref idref="fl-dd"/>
      </object_component>
      <object_component id="oc-228">
         <name>.text:_modf</name>
         <load_address>0x5280</load_address>
         <run_address>0x5280</run_address>
         <size>0xe0</size>
         <input_file_ref idref="fl-e4"/>
      </object_component>
      <object_component id="oc-18b">
         <name>.text</name>
         <load_address>0x5360</load_address>
         <run_address>0x5360</run_address>
         <size>0xc0</size>
         <input_file_ref idref="fl-ce"/>
      </object_component>
      <object_component id="oc-216">
         <name>.text:_MCBSP_config</name>
         <load_address>0x5420</load_address>
         <run_address>0x5420</run_address>
         <size>0xa0</size>
         <input_file_ref idref="fl-bc"/>
      </object_component>
      <object_component id="oc-221">
         <name>.text:__IRQ_init</name>
         <load_address>0x54c0</load_address>
         <run_address>0x54c0</run_address>
         <size>0xa0</size>
         <input_file_ref idref="fl-b5"/>
      </object_component>
      <object_component id="oc-234">
         <name>.text:__mpyll</name>
         <load_address>0x5560</load_address>
         <run_address>0x5560</run_address>
         <size>0xa0</size>
         <input_file_ref idref="fl-d9"/>
      </object_component>
      <object_component id="oc-225">
         <name>.text:_setMux</name>
         <load_address>0x5600</load_address>
         <run_address>0x5600</run_address>
         <size>0xa0</size>
         <input_file_ref idref="fl-b5"/>
      </object_component>
      <object_component id="oc-21a">
         <name>.text:_EDMA_disableChannel</name>
         <load_address>0x56a0</load_address>
         <run_address>0x56a0</run_address>
         <size>0x60</size>
         <input_file_ref idref="fl-b1"/>
      </object_component>
      <object_component id="oc-205">
         <name>.text:_EDMA_enableChannel</name>
         <load_address>0x5700</load_address>
         <run_address>0x5700</run_address>
         <size>0x60</size>
         <input_file_ref idref="fl-b1"/>
      </object_component>
      <object_component id="oc-204">
         <name>.text:_EDMA_intEnable</name>
         <load_address>0x5760</load_address>
         <run_address>0x5760</run_address>
         <size>0x60</size>
         <input_file_ref idref="fl-b1"/>
      </object_component>
      <object_component id="oc-223">
         <name>.text:_EDMA_qdmaConfig</name>
         <load_address>0x57c0</load_address>
         <run_address>0x57c0</run_address>
         <size>0x60</size>
         <input_file_ref idref="fl-b1"/>
      </object_component>
      <object_component id="oc-229">
         <name>.text:__llshru</name>
         <load_address>0x5820</load_address>
         <run_address>0x5820</run_address>
         <size>0x60</size>
         <input_file_ref idref="fl-d8"/>
      </object_component>
      <object_component id="oc-20c">
         <name>.text:_IRQ_enable</name>
         <load_address>0x5880</load_address>
         <run_address>0x5880</run_address>
         <size>0x40</size>
         <input_file_ref idref="fl-b5"/>
      </object_component>
      <object_component id="oc-231">
         <name>.text:___add_dtor</name>
         <load_address>0x58c0</load_address>
         <run_address>0x58c0</run_address>
         <size>0x40</size>
         <input_file_ref idref="fl-de"/>
      </object_component>
      <object_component id="oc-226">
         <name>.text:__trunc</name>
         <load_address>0x5900</load_address>
         <run_address>0x5900</run_address>
         <size>0x40</size>
         <input_file_ref idref="fl-e2"/>
      </object_component>
      <object_component id="oc-200">
         <name>.text:_CSL6713_LIB_</name>
         <load_address>0x5940</load_address>
         <run_address>0x5940</run_address>
         <size>0x20</size>
         <input_file_ref idref="fl-ae"/>
      </object_component>
      <object_component id="oc-203">
         <name>.text:_EDMA_intClear</name>
         <load_address>0x5960</load_address>
         <run_address>0x5960</run_address>
         <size>0x20</size>
         <input_file_ref idref="fl-b1"/>
      </object_component>
      <object_component id="oc-219">
         <name>.text:_EDMA_intTest</name>
         <load_address>0x5980</load_address>
         <run_address>0x5980</run_address>
         <size>0x20</size>
         <input_file_ref idref="fl-b1"/>
      </object_component>
      <object_component id="oc-20b">
         <name>.text:_IRQ_clear</name>
         <load_address>0x59a0</load_address>
         <run_address>0x59a0</run_address>
         <size>0x20</size>
         <input_file_ref idref="fl-b5"/>
      </object_component>
      <object_component id="oc-20d">
         <name>.text:_IRQ_globalEnable</name>
         <load_address>0x59c0</load_address>
         <run_address>0x59c0</run_address>
         <size>0x20</size>
         <input_file_ref idref="fl-b5"/>
      </object_component>
      <object_component id="oc-207">
         <name>.text:_MCBSP_getRcvAddr</name>
         <load_address>0x59e0</load_address>
         <run_address>0x59e0</run_address>
         <size>0x20</size>
         <input_file_ref idref="fl-bc"/>
      </object_component>
      <object_component id="oc-209">
         <name>.text:_MCBSP_getXmtAddr</name>
         <load_address>0x5a00</load_address>
         <run_address>0x5a00</run_address>
         <size>0x20</size>
         <input_file_ref idref="fl-bc"/>
      </object_component>
      <object_component id="oc-218">
         <name>.text:_MCBSP_write</name>
         <load_address>0x5a20</load_address>
         <run_address>0x5a20</run_address>
         <size>0x20</size>
         <input_file_ref idref="fl-bc"/>
      </object_component>
      <object_component id="oc-22b">
         <name>.text:_MCBSP_xrdy</name>
         <load_address>0x5a40</load_address>
         <run_address>0x5a40</run_address>
         <size>0x20</size>
         <input_file_ref idref="fl-bc"/>
      </object_component>
      <object_component id="oc-1ff">
         <name>.text:__nop</name>
         <load_address>0x5a60</load_address>
         <run_address>0x5a60</run_address>
         <size>0x20</size>
         <input_file_ref idref="fl-da"/>
      </object_component>
      <object_component id="oc-1fc">
         <name>.text:__register_lock</name>
         <load_address>0x5a80</load_address>
         <run_address>0x5a80</run_address>
         <size>0x20</size>
         <input_file_ref idref="fl-da"/>
      </object_component>
      <object_component id="oc-1fd">
         <name>.text:__register_unlock</name>
         <load_address>0x5aa0</load_address>
         <run_address>0x5aa0</run_address>
         <size>0x20</size>
         <input_file_ref idref="fl-da"/>
      </object_component>
      <object_component id="oc-11a">
         <name>.text</name>
         <load_address>0x5ac0</load_address>
         <run_address>0x5ac0</run_address>
         <size>0x20</size>
         <input_file_ref idref="fl-b5"/>
      </object_component>
      <object_component id="oc-5d">
         <name>.cinit</name>
         <load_address>0x9d00</load_address>
         <run_address>0x9d00</run_address>
         <size>0x79c</size>
         <input_file_ref idref="fl-d"/>
      </object_component>
      <object_component id="oc-7d">
         <name>.cinit</name>
         <load_address>0xa4a0</load_address>
         <run_address>0xa4a0</run_address>
         <size>0x26c</size>
         <input_file_ref idref="fl-8e"/>
      </object_component>
      <object_component id="oc-122">
         <name>.cinit</name>
         <load_address>0xa710</load_address>
         <run_address>0xa710</run_address>
         <size>0x1a4</size>
         <input_file_ref idref="fl-b6"/>
      </object_component>
      <object_component id="oc-11b">
         <name>.cinit</name>
         <load_address>0xa8b8</load_address>
         <run_address>0xa8b8</run_address>
         <size>0x12c</size>
         <input_file_ref idref="fl-b5"/>
      </object_component>
      <object_component id="oc-55">
         <name>.cinit</name>
         <load_address>0xa9e8</load_address>
         <run_address>0xa9e8</run_address>
         <size>0xc4</size>
         <input_file_ref idref="fl-c"/>
      </object_component>
      <object_component id="oc-8c">
         <name>.cinit</name>
         <load_address>0xaab0</load_address>
         <run_address>0xaab0</run_address>
         <size>0xb0</size>
         <input_file_ref idref="fl-92"/>
      </object_component>
      <object_component id="oc-172">
         <name>.cinit</name>
         <load_address>0xab60</load_address>
         <run_address>0xab60</run_address>
         <size>0x80</size>
         <input_file_ref idref="fl-c8"/>
      </object_component>
      <object_component id="oc-109">
         <name>.cinit</name>
         <load_address>0xabe0</load_address>
         <run_address>0xabe0</run_address>
         <size>0x70</size>
         <input_file_ref idref="fl-b1"/>
      </object_component>
      <object_component id="oc-1c5">
         <name>.cinit</name>
         <load_address>0xac50</load_address>
         <run_address>0xac50</run_address>
         <size>0x70</size>
         <input_file_ref idref="fl-dc"/>
      </object_component>
      <object_component id="oc-18d">
         <name>.cinit</name>
         <load_address>0xacc0</load_address>
         <run_address>0xacc0</run_address>
         <size>0x60</size>
         <input_file_ref idref="fl-ce"/>
      </object_component>
      <object_component id="oc-86">
         <name>.cinit</name>
         <load_address>0xad20</load_address>
         <run_address>0xad20</run_address>
         <size>0x5c</size>
         <input_file_ref idref="fl-91"/>
      </object_component>
      <object_component id="oc-139">
         <name>.cinit</name>
         <load_address>0xad80</load_address>
         <run_address>0xad80</run_address>
         <size>0x54</size>
         <input_file_ref idref="fl-bc"/>
      </object_component>
      <object_component id="oc-da">
         <name>.cinit</name>
         <load_address>0xadd8</load_address>
         <run_address>0xadd8</run_address>
         <size>0x4c</size>
         <input_file_ref idref="fl-a6"/>
      </object_component>
      <object_component id="oc-16b">
         <name>.cinit</name>
         <load_address>0xae28</load_address>
         <run_address>0xae28</run_address>
         <size>0x4c</size>
         <input_file_ref idref="fl-c7"/>
      </object_component>
      <object_component id="oc-149">
         <name>.cinit</name>
         <load_address>0xae78</load_address>
         <run_address>0xae78</run_address>
         <size>0x4c</size>
         <input_file_ref idref="fl-bf"/>
      </object_component>
      <object_component id="oc-4e">
         <name>.cinit</name>
         <load_address>0xaec8</load_address>
         <run_address>0xaec8</run_address>
         <size>0x48</size>
         <input_file_ref idref="fl-b"/>
      </object_component>
      <object_component id="oc-1d9">
         <name>.cinit</name>
         <load_address>0xaf10</load_address>
         <run_address>0xaf10</run_address>
         <size>0x48</size>
         <input_file_ref idref="fl-e0"/>
      </object_component>
      <object_component id="oc-1ea">
         <name>.cinit</name>
         <load_address>0xaf58</load_address>
         <run_address>0xaf58</run_address>
         <size>0x48</size>
         <input_file_ref idref="fl-e5"/>
      </object_component>
      <object_component id="oc-f9">
         <name>.cinit</name>
         <load_address>0xafa0</load_address>
         <run_address>0xafa0</run_address>
         <size>0x3c</size>
         <input_file_ref idref="fl-ae"/>
      </object_component>
      <object_component id="oc-ba">
         <name>.cinit</name>
         <load_address>0xafe0</load_address>
         <run_address>0xafe0</run_address>
         <size>0x34</size>
         <input_file_ref idref="fl-9e"/>
      </object_component>
      <object_component id="oc-a4">
         <name>.cinit</name>
         <load_address>0xb018</load_address>
         <run_address>0xb018</run_address>
         <size>0x2c</size>
         <input_file_ref idref="fl-98"/>
      </object_component>
      <object_component id="oc-1d4">
         <name>.cinit</name>
         <load_address>0xb048</load_address>
         <run_address>0xb048</run_address>
         <size>0x2c</size>
         <input_file_ref idref="fl-df"/>
      </object_component>
      <object_component id="oc-13f">
         <name>.cinit</name>
         <load_address>0xb078</load_address>
         <run_address>0xb078</run_address>
         <size>0x24</size>
         <input_file_ref idref="fl-bd"/>
      </object_component>
      <object_component id="oc-180">
         <name>.cinit</name>
         <load_address>0xb0a0</load_address>
         <run_address>0xb0a0</run_address>
         <size>0x1c</size>
         <input_file_ref idref="fl-cb"/>
      </object_component>
      <object_component id="oc-1bd">
         <name>.cinit</name>
         <load_address>0xb0c0</load_address>
         <run_address>0xb0c0</run_address>
         <size>0x1c</size>
         <input_file_ref idref="fl-da"/>
      </object_component>
      <object_component id="oc-1ca">
         <name>.cinit</name>
         <load_address>0xb0e0</load_address>
         <run_address>0xb0e0</run_address>
         <size>0x1c</size>
         <input_file_ref idref="fl-dd"/>
      </object_component>
      <object_component id="oc-97">
         <name>.cinit</name>
         <load_address>0xb100</load_address>
         <run_address>0xb100</run_address>
         <size>0x18</size>
         <input_file_ref idref="fl-95"/>
      </object_component>
      <object_component id="oc-1a1">
         <name>.cinit</name>
         <load_address>0xb118</load_address>
         <run_address>0xb118</run_address>
         <size>0xc</size>
         <input_file_ref idref="fl-d2"/>
      </object_component>
      <object_component id="oc-bc">
         <name>.cinit</name>
         <load_address>0xb128</load_address>
         <run_address>0xb128</run_address>
         <size>0xc</size>
         <input_file_ref idref="fl-9f"/>
      </object_component>
      <object_component id="oc-c9">
         <name>.cinit</name>
         <load_address>0xb138</load_address>
         <run_address>0xb138</run_address>
         <size>0xc</size>
         <input_file_ref idref="fl-a2"/>
      </object_component>
      <object_component id="oc-1f2">
         <name>.cinit</name>
         <load_address>0xb148</load_address>
         <run_address>0xb148</run_address>
         <size>0xc</size>
         <input_file_ref idref="fl-e7"/>
      </object_component>
      <object_component id="oc-1cf">
         <name>.cinit</name>
         <load_address>0xb158</load_address>
         <run_address>0xb158</run_address>
         <size>0xc</size>
         <input_file_ref idref="fl-de"/>
      </object_component>
      <object_component id="oc-21c">
         <name>.switch</name>
         <load_address>0xf2bc</load_address>
         <run_address>0xf2bc</run_address>
         <size>0x28</size>
         <input_file_ref idref="fl-c1"/>
      </object_component>
      <object_component id="oc-5c">
         <name>.gblinit</name>
         <load_address>0xf234</load_address>
         <run_address>0xf234</run_address>
         <size>0x4c</size>
         <input_file_ref idref="fl-d"/>
      </object_component>
      <object_component id="oc-72">
         <name>.sysinit</name>
         <load_address>0xdb60</load_address>
         <run_address>0xdb60</run_address>
         <size>0x2c0</size>
         <input_file_ref idref="fl-d"/>
      </object_component>
      <object_component id="oc-44">
         <name>.sysinit</name>
         <load_address>0xde20</load_address>
         <run_address>0xde20</run_address>
         <size>0xc0</size>
         <input_file_ref idref="fl-9c"/>
      </object_component>
      <object_component id="oc-184">
         <name>.sysinit</name>
         <load_address>0xdee0</load_address>
         <run_address>0xdee0</run_address>
         <size>0x80</size>
         <input_file_ref idref="fl-cc"/>
      </object_component>
      <object_component id="oc-141">
         <name>.sysinit</name>
         <load_address>0xdf60</load_address>
         <run_address>0xdf60</run_address>
         <size>0x20</size>
         <input_file_ref idref="fl-bd"/>
      </object_component>
      <object_component id="oc-b8">
         <name>.trcdata</name>
         <load_address>0xf358</load_address>
         <run_address>0xf358</run_address>
         <size>0xc</size>
         <input_file_ref idref="fl-9d"/>
      </object_component>
      <object_component id="oc-5e">
         <name>.rtdx_data</name>
         <uninitialized>true</uninitialized>
         <run_address>0xd70c</run_address>
         <size>0x410</size>
         <input_file_ref idref="fl-d"/>
      </object_component>
      <object_component id="oc-14a">
         <name>.rtdx_data</name>
         <uninitialized>true</uninitialized>
         <run_address>0xdb1c</run_address>
         <size>0x20</size>
         <input_file_ref idref="fl-bf"/>
      </object_component>
      <object_component id="oc-153">
         <name>.rtdx_data</name>
         <uninitialized>true</uninitialized>
         <run_address>0xdb3c</run_address>
         <size>0x1c</size>
         <input_file_ref idref="fl-c1"/>
      </object_component>
      <object_component id="oc-1f6">
         <name>.rtdx_text:_RTDX_Poll</name>
         <load_address>0xc180</load_address>
         <run_address>0xc180</run_address>
         <size>0x400</size>
         <input_file_ref idref="fl-c1"/>
      </object_component>
      <object_component id="oc-21e">
         <name>.rtdx_text:_RTDX_Buffer_WriteCB</name>
         <load_address>0xc580</load_address>
         <run_address>0xc580</run_address>
         <size>0x340</size>
         <input_file_ref idref="fl-bf"/>
      </object_component>
      <object_component id="oc-22f">
         <name>.rtdx_text:_RTDX_write_next</name>
         <load_address>0xc8c0</load_address>
         <run_address>0xc8c0</run_address>
         <size>0x300</size>
         <input_file_ref idref="fl-bf"/>
      </object_component>
      <object_component id="oc-230">
         <name>.rtdx_text:_RTDX_Mon_Queue</name>
         <load_address>0xcbc0</load_address>
         <run_address>0xcbc0</run_address>
         <size>0x140</size>
         <input_file_ref idref="fl-c1"/>
      </object_component>
      <object_component id="oc-22e">
         <name>.rtdx_text:_claim</name>
         <load_address>0xcd00</load_address>
         <run_address>0xcd00</run_address>
         <size>0xe0</size>
         <input_file_ref idref="fl-bf"/>
      </object_component>
      <object_component id="oc-1fb">
         <name>.rtdx_text:_RTDX_Init_RT_Monitor</name>
         <load_address>0xcde0</load_address>
         <run_address>0xcde0</run_address>
         <size>0x80</size>
         <input_file_ref idref="fl-c1"/>
      </object_component>
      <object_component id="oc-1fa">
         <name>.rtdx_text:_RTDX_Buffer_Initialize</name>
         <load_address>0xce60</load_address>
         <run_address>0xce60</run_address>
         <size>0x60</size>
         <input_file_ref idref="fl-bf"/>
      </object_component>
      <object_component id="oc-21d">
         <name>.rtdx_text:_RTDX_Buffer_ReadCB</name>
         <load_address>0xcec0</load_address>
         <run_address>0xcec0</run_address>
         <size>0x60</size>
         <input_file_ref idref="fl-be"/>
      </object_component>
      <object_component id="oc-22d">
         <name>.rtdx_text:_RTDX_Buffer_Size</name>
         <load_address>0xcf20</load_address>
         <run_address>0xcf20</run_address>
         <size>0x40</size>
         <input_file_ref idref="fl-bf"/>
      </object_component>
      <object_component id="oc-220">
         <name>.rtdx_text:_RTDX_Final_RT_Monitor</name>
         <load_address>0xcf60</load_address>
         <run_address>0xcf60</run_address>
         <size>0x40</size>
         <input_file_ref idref="fl-c1"/>
      </object_component>
      <object_component id="oc-1f7">
         <name>.rtdx_text:_RTDX_Buffer_Read</name>
         <load_address>0xcfa0</load_address>
         <run_address>0xcfa0</run_address>
         <size>0x20</size>
         <input_file_ref idref="fl-be"/>
      </object_component>
      <object_component id="oc-1f8">
         <name>.rtdx_text:_RTDX_Buffer_Write</name>
         <load_address>0xcfc0</load_address>
         <run_address>0xcfc0</run_address>
         <size>0x20</size>
         <input_file_ref idref="fl-bf"/>
      </object_component>
      <object_component id="oc-21b">
         <name>.rtdx_text:_RTDX_checksum</name>
         <load_address>0xcfe0</load_address>
         <run_address>0xcfe0</run_address>
         <size>0x20</size>
         <input_file_ref idref="fl-c1"/>
      </object_component>
      <object_component id="oc-14f">
         <name>.rtdx_text</name>
         <load_address>0xd000</load_address>
         <run_address>0xd000</run_address>
         <size>0x20</size>
         <input_file_ref idref="fl-c0"/>
      </object_component>
      <object_component id="oc-6b">
         <name>.TSK_idle$stk</name>
         <uninitialized>true</uninitialized>
         <run_address>0xdf80</run_address>
         <size>0x400</size>
         <input_file_ref idref="fl-d"/>
      </object_component>
      <object_component id="oc-6c">
         <name>.task_led_toggle$stk</name>
         <uninitialized>true</uninitialized>
         <run_address>0xb170</run_address>
         <size>0x1000</size>
         <input_file_ref idref="fl-d"/>
      </object_component>
      <object_component id="oc-6f">
         <name>.LOG_system$buf</name>
         <uninitialized>true</uninitialized>
         <run_address>0xed00</run_address>
         <size>0x100</size>
         <input_file_ref idref="fl-d"/>
      </object_component>
      <object_component id="oc-64">
         <name>.hst1</name>
         <uninitialized>true</uninitialized>
         <run_address>0xc170</run_address>
         <size>0x10</size>
         <input_file_ref idref="fl-d"/>
      </object_component>
      <object_component id="oc-67">
         <name>.hst0</name>
         <uninitialized>true</uninitialized>
         <run_address>0xee00</run_address>
         <size>0x100</size>
         <input_file_ref idref="fl-d"/>
      </object_component>
      <object_component id="oc-190">
         <name>.const</name>
         <load_address>0xf088</load_address>
         <run_address>0xf088</run_address>
         <size>0x4e</size>
         <input_file_ref idref="fl-ce"/>
      </object_component>
      <object_component id="oc-9c">
         <name>.const</name>
         <load_address>0xf0d6</load_address>
         <run_address>0xf0d6</run_address>
         <size>0x23</size>
         <input_file_ref idref="fl-96"/>
      </object_component>
      <object_component id="oc-a0">
         <name>.const</name>
         <load_address>0xf0f9</load_address>
         <run_address>0xf0f9</run_address>
         <size>0x22</size>
         <input_file_ref idref="fl-97"/>
      </object_component>
      <object_component id="oc-105">
         <name>.const</name>
         <load_address>0xf11c</load_address>
         <run_address>0xf11c</run_address>
         <size>0x20</size>
         <input_file_ref idref="fl-b0"/>
      </object_component>
      <object_component id="oc-174">
         <name>.const</name>
         <load_address>0xf13c</load_address>
         <run_address>0xf13c</run_address>
         <size>0x1</size>
         <input_file_ref idref="fl-c8"/>
      </object_component>
      <object_component id="oc-62">
         <name>.printf</name>
         <load_address>0xf13d</load_address>
         <run_address>0xf13d</run_address>
         <size>0xaa</size>
         <input_file_ref idref="fl-d"/>
      </object_component>
      <object_component id="oc-b4">
         <name>.args</name>
         <load_address>0xb16c</load_address>
         <run_address>0xb16c</run_address>
         <size>0x0</size>
         <input_file_ref idref="fl-9c"/>
      </object_component>
      <object_component id="oc-35">
         <name>_SYS_PUTCBEG</name>
         <load_address>0xead0</load_address>
         <run_address>0xead0</run_address>
         <size>0x0</size>
      </object_component>
      <object_component id="oc-37">
         <name>_SYS_PUTCEND</name>
         <load_address>0xecd0</load_address>
         <run_address>0xecd0</run_address>
         <size>0x0</size>
      </object_component>
      <object_component id="oc-65">
         <name>.hst</name>
         <uninitialized>true</uninitialized>
         <run_address>0xf280</run_address>
         <size>0x3c</size>
         <input_file_ref idref="fl-d"/>
      </object_component>
      <object_component id="oc-70">
         <name>.log</name>
         <load_address>0xf304</load_address>
         <run_address>0xf304</run_address>
         <size>0x18</size>
         <input_file_ref idref="fl-d"/>
      </object_component>
      <object_component id="oc-66">
         <name>.pip</name>
         <uninitialized>true</uninitialized>
         <run_address>0xef00</run_address>
         <size>0xc8</size>
         <input_file_ref idref="fl-d"/>
      </object_component>
      <object_component id="oc-63">
         <name>.sts</name>
         <load_address>0xf1c4</load_address>
         <run_address>0xf1c4</run_address>
         <size>0x70</size>
         <input_file_ref idref="fl-d"/>
      </object_component>
      <object_component id="oc-3d">
         <name>GBL_stackbeg</name>
         <uninitialized>true</uninitialized>
         <run_address>0xe380</run_address>
         <size>0x0</size>
      </object_component>
      <object_component id="oc-b5">
         <name>.stack</name>
         <uninitialized>true</uninitialized>
         <run_address>0xe380</run_address>
         <size>0x0</size>
         <input_file_ref idref="fl-9c"/>
      </object_component>
      <object_component id="oc-26f">
         <name>.stack</name>
         <uninitialized>true</uninitialized>
         <run_address>0xe380</run_address>
         <size>0x0</size>
      </object_component>
      <object_component id="oc-56">
         <name>.processbuffer</name>
         <uninitialized>true</uninitialized>
         <run_address>0x80200000</run_address>
         <size>0x77bc0</size>
         <input_file_ref idref="fl-c"/>
      </object_component>
      <object_component id="oc-4d">
         <name>.debug_info</name>
         <load_address>0x0</load_address>
         <run_address>0x0</run_address>
         <size>0xc12</size>
         <input_file_ref idref="fl-b"/>
      </object_component>
      <object_component id="oc-54">
         <name>.debug_info</name>
         <load_address>0xc12</load_address>
         <run_address>0xc12</run_address>
         <size>0x2aca</size>
         <input_file_ref idref="fl-c"/>
      </object_component>
      <object_component id="oc-74">
         <name>.debug_info</name>
         <load_address>0x36dc</load_address>
         <run_address>0x36dc</run_address>
         <size>0x318</size>
         <input_file_ref idref="fl-d"/>
      </object_component>
      <object_component id="oc-77">
         <name>.debug_info</name>
         <load_address>0x39f4</load_address>
         <run_address>0x39f4</run_address>
         <size>0x5c8</size>
         <input_file_ref idref="fl-e"/>
[...]
         <value>0x54c0</value>
         <object_component_ref idref="oc-221"/>
      </symbol>
      <symbol id="sm-61e">
         <name>_IRQ_enable</name>
         <value>0x5880</value>
         <object_component_ref idref="oc-20c"/>
      </symbol>
      <symbol id="sm-61f">
         <name>__IRQ_dispatchTable</name>
         <value>0xd294</value>
         <object_component_ref idref="oc-11c"/>
      </symbol>
      <symbol id="sm-620">
         <name>__IRQ_hookFetchPacket</name>
         <value>0x5ac0</value>
         <object_component_ref idref="oc-11a"/>
      </symbol>
      <symbol id="sm-62c">
         <name>_KNL_maxqueue</name>
         <value>0xea18</value>
         <object_component_ref idref="oc-120"/>
      </symbol>
      <symbol id="sm-62d">
         <name>_KNL_inactive</name>
         <value>0xe9f8</value>
         <object_component_ref idref="oc-120"/>
      </symbol>
      <symbol id="sm-62e">
         <name>_KNL_tswitchfxn</name>
         <value>0xea1c</value>
         <object_component_ref idref="oc-120"/>
      </symbol>
      <symbol id="sm-62f">
         <name>_KNL_setpri</name>
         <value>0xe9f4</value>
         <object_component_ref idref="oc-120"/>
      </symbol>
      <symbol id="sm-630">
         <name>_KNL_swiptr</name>
         <value>0xea10</value>
         <object_component_ref idref="oc-120"/>
      </symbol>
      <symbol id="sm-631">
         <name>_KNL_dummy</name>
         <value>0xd33c</value>
         <object_component_ref idref="oc-123"/>
      </symbol>
      <symbol id="sm-632">
         <name>_KNL_curtask</name>
         <value>0xea04</value>
         <object_component_ref idref="oc-120"/>
      </symbol>
      <symbol id="sm-633">
         <name>_KNL_curqueue</name>
         <value>0xea14</value>
         <object_component_ref idref="oc-120"/>
      </symbol>
      <symbol id="sm-634">
         <name>_KNL_wList</name>
         <value>0xe9ec</value>
         <object_component_ref idref="oc-120"/>
      </symbol>
      <symbol id="sm-635">
         <name>_KNL_curtime</name>
         <value>0xea0c</value>
         <object_component_ref idref="oc-120"/>
      </symbol>
      <symbol id="sm-636">
         <name>_KNL_set</name>
         <value>0xea00</value>
         <object_component_ref idref="oc-120"/>
      </symbol>
      <symbol id="sm-637">
         <name>_KNL_alarm</name>
         <value>0xe9f0</value>
         <object_component_ref idref="oc-120"/>
      </symbol>
      <symbol id="sm-638">
         <name>_KNL_prevtask</name>
         <value>0xea08</value>
         <object_component_ref idref="oc-120"/>
      </symbol>
      <symbol id="sm-639">
         <name>_KNL_queues</name>
         <value>0xd29c</value>
         <object_component_ref idref="oc-123"/>
      </symbol>
      <symbol id="sm-63a">
         <name>_KNL_idlefxn</name>
         <value>0xea2c</value>
         <object_component_ref idref="oc-120"/>
      </symbol>
      <symbol id="sm-63b">
         <name>_KNL_priority</name>
         <value>0xe9fc</value>
         <object_component_ref idref="oc-120"/>
      </symbol>
      <symbol id="sm-63c">
         <name>_KNL_treadyfxn</name>
         <value>0xea28</value>
         <object_component_ref idref="oc-120"/>
      </symbol>
      <symbol id="sm-63d">
         <name>_KNL_tcreatefxn</name>
         <value>0xea20</value>
         <object_component_ref idref="oc-120"/>
      </symbol>
      <symbol id="sm-63e">
         <name>_KNL_wFlag</name>
         <value>0xe9e8</value>
         <object_component_ref idref="oc-120"/>
      </symbol>
      <symbol id="sm-63f">
         <name>_KNL_tdeletefxn</name>
         <value>0xea24</value>
         <object_component_ref idref="oc-120"/>
      </symbol>
      <symbol id="sm-649">
         <name>_KNL_exit</name>
         <value>0x8f40</value>
         <object_component_ref idref="oc-126"/>
      </symbol>
      <symbol id="sm-64a">
         <name>_KNL_enter</name>
         <value>0x8f94</value>
         <object_component_ref idref="oc-126"/>
      </symbol>
      <symbol id="sm-652">
         <name>__KNL_lat1beg</name>
         <value>0x8d70</value>
         <object_component_ref idref="oc-129"/>
      </symbol>
      <symbol id="sm-653">
         <name>__KNL_lat1end</name>
         <value>0x8df8</value>
         <object_component_ref idref="oc-129"/>
      </symbol>
      <symbol id="sm-654">
         <name>_KNL_max</name>
         <value>0x8e1c</value>
         <object_component_ref idref="oc-129"/>
      </symbol>
      <symbol id="sm-655">
         <name>_KNL_check</name>
         <value>0x8d20</value>
         <object_component_ref idref="oc-129"/>
      </symbol>
      <symbol id="sm-656">
         <name>_KNL_idle</name>
         <value>0x8df8</value>
         <object_component_ref idref="oc-129"/>
      </symbol>
      <symbol id="sm-660">
         <name>_KNL_post</name>
         <value>0x9380</value>
         <object_component_ref idref="oc-12e"/>
      </symbol>
      <symbol id="sm-66a">
         <name>_KNL_ipost</name>
         <value>0x92c0</value>
         <object_component_ref idref="oc-132"/>
      </symbol>
      <symbol id="sm-674">
         <name>_KNL_run</name>
         <value>0x7400</value>
         <object_component_ref idref="oc-136"/>
      </symbol>
      <symbol id="sm-690">
         <name>_MCBSP_reset</name>
         <value>0x4160</value>
         <object_component_ref idref="oc-22c"/>
      </symbol>
      <symbol id="sm-691">
         <name>_MCBSP_getRcvAddr</name>
         <value>0x59e0</value>
         <object_component_ref idref="oc-207"/>
      </symbol>
      <symbol id="sm-692">
         <name>_MCBSP_open</name>
         <value>0x4d00</value>
         <object_component_ref idref="oc-215"/>
      </symbol>
      <symbol id="sm-693">
         <name>_MCBSP_getXmtAddr</name>
         <value>0x5a00</value>
         <object_component_ref idref="oc-209"/>
      </symbol>
      <symbol id="sm-694">
         <name>__MCBSP_hDev0</name>
         <value>0xd630</value>
         <object_component_ref idref="oc-13a"/>
      </symbol>
      <symbol id="sm-695">
         <name>__MCBSP_hDev1</name>
         <value>0xd634</value>
         <object_component_ref idref="oc-13a"/>
      </symbol>
      <symbol id="sm-696">
         <name>_MCBSP_start</name>
         <value>0x4e00</value>
         <object_component_ref idref="oc-217"/>
      </symbol>
      <symbol id="sm-697">
         <name>_MCBSP_config</name>
         <value>0x5420</value>
         <object_component_ref idref="oc-216"/>
      </symbol>
      <symbol id="sm-698">
         <name>_MCBSP_xrdy</name>
         <value>0x5a40</value>
         <object_component_ref idref="oc-22b"/>
      </symbol>
      <symbol id="sm-699">
         <name>_MCBSP_write</name>
         <value>0x5a20</value>
         <object_component_ref idref="oc-218"/>
      </symbol>
      <symbol id="sm-6a7">
         <name>_OBJ_table</name>
         <value>0xd434</value>
         <object_component_ref idref="oc-140"/>
      </symbol>
      <symbol id="sm-6a8">
         <name>_OBJ_init</name>
         <value>0xdf60</value>
         <object_component_ref idref="oc-141"/>
      </symbol>
      <symbol id="sm-6a9">
         <name>_OBJ_segtab</name>
         <value>0xd46c</value>
         <object_component_ref idref="oc-140"/>
      </symbol>
      <symbol id="sm-6b5">
         <name>_RTDX_Buffer_ReadCB</name>
         <value>0xcec0</value>
         <object_component_ref idref="oc-21d"/>
      </symbol>
      <symbol id="sm-6b6">
         <name>RTDX_NORMALIZED_HDR</name>
         <value>0x1</value>
      </symbol>
      <symbol id="sm-6b7">
         <name>_RTDX_Buffer_Read</name>
         <value>0xcfa0</value>
         <object_component_ref idref="oc-1f7"/>
      </symbol>
      <symbol id="sm-6d3">
         <name>_rtdx_buffer_state</name>
         <value>0xdb1c</value>
         <object_component_ref idref="oc-14a"/>
      </symbol>
      <symbol id="sm-6d4">
         <name>_RTDX_Buffer_WriteCB</name>
         <value>0xc580</value>
         <object_component_ref idref="oc-21e"/>
      </symbol>
      <symbol id="sm-6d5">
         <name>_rtdxNullChanCnt</name>
         <value>0xeaa0</value>
         <object_component_ref idref="oc-147"/>
      </symbol>
      <symbol id="sm-6d6">
         <name>_RTDX_writing</name>
         <value>0xdb28</value>
         <object_component_ref idref="oc-14a"/>
      </symbol>
      <symbol id="sm-6d7">
         <name>_RTDX_Buffer_Initialize</name>
         <value>0xce60</value>
         <object_component_ref idref="oc-1fa"/>
      </symbol>
      <symbol id="sm-6d8">
         <name>_RTDX_Buffer_Write</name>
         <value>0xcfc0</value>
         <object_component_ref idref="oc-1f8"/>
      </symbol>
      <symbol id="sm-6d9">
         <name>_rtdxNullFuncCnt</name>
         <value>0xeaa4</value>
         <object_component_ref idref="oc-147"/>
      </symbol>
      <symbol id="sm-6da">
         <name>_RTDX_Buffer_Size</name>
         <value>0xcf20</value>
         <object_component_ref idref="oc-22d"/>
      </symbol>
      <symbol id="sm-6e4">
         <name>_RTDX_Mask_IER</name>
         <value>0xd000</value>
         <object_component_ref idref="oc-14f"/>
      </symbol>
      <symbol id="sm-6fc">
         <name>_RTDX_Mon_Queue</name>
         <value>0xcbc0</value>
         <object_component_ref idref="oc-230"/>
      </symbol>
      <symbol id="sm-6fd">
         <name>_rtdx_mon_state</name>
         <value>0xdb3c</value>
         <object_component_ref idref="oc-153"/>
      </symbol>
      <symbol id="sm-6fe">
         <name>_RTDX_JTAGONLY</name>
         <value>0x2</value>
      </symbol>
      <symbol id="sm-6ff">
         <name>_RTDX_Final_RT_Monitor</name>
         <value>0xcf60</value>
         <object_component_ref idref="oc-220"/>
      </symbol>
      <symbol id="sm-700">
         <name>_RTDX_Poll</name>
         <value>0xc180</value>
         <object_component_ref idref="oc-1f6"/>
      </symbol>
      <symbol id="sm-701">
         <name>_RTDX_Init_RT_Monitor</name>
         <value>0xcde0</value>
         <object_component_ref idref="oc-1fb"/>
      </symbol>
      <symbol id="sm-709">
         <name>_SEM_pendBinary</name>
         <value>0x9960</value>
         <object_component_ref idref="oc-157"/>
      </symbol>
      <symbol id="sm-713">
         <name>_SEM_pendEnterKnl</name>
         <value>0x7980</value>
         <object_component_ref idref="oc-15c"/>
      </symbol>
      <symbol id="sm-71b">
         <name>_SEM_postBinary</name>
         <value>0x9100</value>
         <object_component_ref idref="oc-15f"/>
      </symbol>
      <symbol id="sm-71c">
         <name>_SEM_post</name>
         <value>0x9100</value>
         <object_component_ref idref="oc-15f"/>
      </symbol>
      <symbol id="sm-726">
         <name>_SEM_postEnterKnl</name>
         <value>0x9020</value>
         <object_component_ref idref="oc-164"/>
      </symbol>
      <symbol id="sm-72e">
         <name>_STS_set</name>
         <value>0x9ca0</value>
         <object_component_ref idref="oc-167"/>
      </symbol>
      <symbol id="sm-73e">
         <name>_TIMER_reset</name>
         <value>0x4ae0</value>
         <object_component_ref idref="oc-233"/>
      </symbol>
      <symbol id="sm-73f">
         <name>_TIMER_open</name>
         <value>0x4720</value>
         <object_component_ref idref="oc-222"/>
      </symbol>
      <symbol id="sm-740">
         <name>__TIMER_hDev0</name>
         <value>0xd6ac</value>
         <object_component_ref idref="oc-16c"/>
      </symbol>
      <symbol id="sm-741">
         <name>__TIMER_hDev1</name>
         <value>0xd6b0</value>
         <object_component_ref idref="oc-16c"/>
      </symbol>
      <symbol id="sm-742">
         <name>__TIMER_hBios</name>
         <value>0xd6b4</value>
         <object_component_ref idref="oc-16c"/>
      </symbol>
      <symbol id="sm-743">
         <name>__TIMER_deviceTable</name>
         <value>0xd694</value>
         <object_component_ref idref="oc-16c"/>
      </symbol>
      <symbol id="sm-751">
         <name>_TSK_nTasks</name>
         <value>0xeaa8</value>
         <object_component_ref idref="oc-170"/>
      </symbol>
      <symbol id="sm-752">
         <name>_TSK_config</name>
         <value>0xd3f4</value>
         <object_component_ref idref="oc-173"/>
      </symbol>
      <symbol id="sm-753">
         <name>_TSK</name>
         <value>0xeab0</value>
         <object_component_ref idref="oc-170"/>
      </symbol>
      <symbol id="sm-754">
         <name>_TSK_timerSem</name>
         <value>0xd414</value>
         <object_component_ref idref="oc-173"/>
      </symbol>
      <symbol id="sm-755">
         <name>_TSK_pid</name>
         <value>0xeaac</value>
         <object_component_ref idref="oc-170"/>
      </symbol>
      <symbol id="sm-756">
         <name>_TSK_ATTRS</name>
         <value>0xd3d8</value>
         <object_component_ref idref="oc-173"/>
      </symbol>
      <symbol id="sm-760">
         <name>_TSK_exit</name>
         <value>0x8880</value>
         <object_component_ref idref="oc-177"/>
      </symbol>
      <symbol id="sm-76a">
         <name>_SYS_exit</name>
         <value>0x9500</value>
         <object_component_ref idref="oc-17b"/>
      </symbol>
      <symbol id="sm-776">
         <name>_SYS_exitStack</name>
         <value>0xd6b8</value>
         <object_component_ref idref="oc-181"/>
      </symbol>
      <symbol id="sm-777">
         <name>_SYS_exitStackPtr</name>
         <value>0xeabc</value>
         <object_component_ref idref="oc-17e"/>
      </symbol>
      <symbol id="sm-778">
         <name>_SYS_exitStackTop</name>
         <value>0xeac0</value>
         <object_component_ref idref="oc-17e"/>
      </symbol>
      <symbol id="sm-782">
         <name>_TSK_init</name>
         <value>0xdee0</value>
         <object_component_ref idref="oc-184"/>
      </symbol>
      <symbol id="sm-78c">
         <name>_TSK_setup</name>
         <value>0x8300</value>
         <object_component_ref idref="oc-188"/>
      </symbol>
      <symbol id="sm-79e">
         <name>__MEM_mutex</name>
         <value>0xd504</value>
         <object_component_ref idref="oc-18e"/>
      </symbol>
      <symbol id="sm-79f">
         <name>_TSK_startup</name>
         <value>0x8c60</value>
         <object_component_ref idref="oc-18f"/>
      </symbol>
      <symbol id="sm-7a0">
         <name>__TSK_mutex</name>
         <value>0xd4dc</value>
         <object_component_ref idref="oc-18e"/>
      </symbol>
      <symbol id="sm-7aa">
         <name>_LCK_pend</name>
         <value>0x9470</value>
         <object_component_ref idref="oc-194"/>
      </symbol>
      <symbol id="sm-7ab">
         <name>_LCK_post</name>
         <value>0x9440</value>
         <object_component_ref idref="oc-194"/>
      </symbol>
      <symbol id="sm-7b3">
         <name>_SEM_pend</name>
         <value>0x99c0</value>
         <object_component_ref idref="oc-197"/>
      </symbol>
      <symbol id="sm-7bd">
         <name>_SYS_abort</name>
         <value>0x9a20</value>
         <object_component_ref idref="oc-19c"/>
      </symbol>
      <symbol id="sm-7cb">
         <name>__GBL_setL2CacheMode</name>
         <value>0x6514</value>
         <object_component_ref idref="oc-1a2"/>
      </symbol>
      <symbol id="sm-7d5">
         <name>__SEM_dopost</name>
         <value>0x80e0</value>
         <object_component_ref idref="oc-1a6"/>
      </symbol>
      <symbol id="sm-7df">
         <name>__auto_init</name>
         <value>0x8a20</value>
         <object_component_ref idref="oc-1aa"/>
      </symbol>
      <symbol id="sm-7e9">
         <name>__divd</name>
         <value>0x1bc0</value>
         <object_component_ref idref="oc-210"/>
      </symbol>
      <symbol id="sm-7f3">
         <name>__divf</name>
         <value>0x2aa0</value>
         <object_component_ref idref="oc-212"/>
      </symbol>
      <symbol id="sm-7fd">
         <name>__frcmpyd_div</name>
         <value>0x4860</value>
         <object_component_ref idref="oc-22a"/>
      </symbol>
      <symbol id="sm-807">
         <name>__llshru</name>
         <value>0x5820</value>
         <object_component_ref idref="oc-229"/>
      </symbol>
      <symbol id="sm-811">
         <name>__mpyll</name>
         <value>0x5560</value>
         <object_component_ref idref="oc-234"/>
      </symbol>
      <symbol id="sm-823">
         <name>__unlock</name>
         <value>0xd704</value>
         <object_component_ref idref="oc-1be"/>
      </symbol>
      <symbol id="sm-824">
         <name>__lock</name>
         <value>0xd700</value>
         <object_component_ref idref="oc-1be"/>
      </symbol>
      <symbol id="sm-825">
         <name>__register_lock</name>
         <value>0x5a80</value>
         <object_component_ref idref="oc-1fc"/>
      </symbol>
      <symbol id="sm-826">
         <name>__nop</name>
         <value>0x5a60</value>
         <object_component_ref idref="oc-1ff"/>
      </symbol>
      <symbol id="sm-827">
         <name>__register_unlock</name>
         <value>0x5aa0</value>
         <object_component_ref idref="oc-1fd"/>
      </symbol>
      <symbol id="sm-82f">
         <name>__strasg</name>
         <value>0x50c0</value>
         <object_component_ref idref="oc-1f9"/>
      </symbol>
      <symbol id="sm-83d">
         <name>_atan</name>
         <value>0x3560</value>
         <object_component_ref idref="oc-213"/>
      </symbol>
      <symbol id="sm-84b">
         <name>_atexit</name>
         <value>0x51a0</value>
         <object_component_ref idref="oc-21f"/>
      </symbol>
      <symbol id="sm-84c">
         <name>___atexit_func_id__</name>
         <value>0xd020</value>
         <object_component_ref idref="oc-1cb"/>
      </symbol>
      <symbol id="sm-85c">
         <name>_dtors</name>
         <value>0xd57c</value>
         <object_component_ref idref="oc-1d0"/>
      </symbol>
      <symbol id="sm-85d">
         <name>_call_dtors</name>
         <value>0x4480</value>
         <object_component_ref idref="oc-235"/>
      </symbol>
      <symbol id="sm-85e">
         <name>___add_dtor</name>
         <value>0x58c0</value>
         <object_component_ref idref="oc-231"/>
      </symbol>
      <symbol id="sm-86a">
         <name>___TI_enable_exit_profile_output</name>
         <value>0xd6fc</value>
         <object_component_ref idref="oc-1d5"/>
      </symbol>
      <symbol id="sm-86b">
         <name>__cleanup_ptr</name>
         <value>0xd6f4</value>
         <object_component_ref idref="oc-1d5"/>
      </symbol>
      <symbol id="sm-86c">
         <name>__dtors_ptr</name>
         <value>0xd6f8</value>
         <object_component_ref idref="oc-1d5"/>
      </symbol>
      <symbol id="sm-87a">
         <name>_cos</name>
         <value>0x2760</value>
         <object_component_ref idref="oc-20e"/>
      </symbol>
      <symbol id="sm-884">
         <name>__nround</name>
         <value>0x4fe0</value>
         <object_component_ref idref="oc-227"/>
      </symbol>
      <symbol id="sm-88e">
         <name>__trunc</name>
         <value>0x5900</value>
         <object_component_ref idref="oc-226"/>
      </symbol>
      <symbol id="sm-898">
         <name>_memcpy</name>
         <value>0x37a0</value>
         <object_component_ref idref="oc-1fe"/>
      </symbol>
      <symbol id="sm-8a2">
         <name>_modf</name>
         <value>0x5280</value>
         <object_component_ref idref="oc-228"/>
      </symbol>
      <symbol id="sm-8b0">
         <name>_sin</name>
         <value>0x2da0</value>
         <object_component_ref idref="oc-20f"/>
      </symbol>
      <symbol id="sm-8ba">
         <name>_sqrt</name>
         <value>0x49a0</value>
         <object_component_ref idref="oc-211"/>
      </symbol>
      <symbol id="sm-8c4">
         <name>_errno</name>
         <value>0xd374</value>
         <object_component_ref idref="oc-1f3"/>
      </symbol>
   </symbol_table>
</link_info>
