******************************************************************************
               TMS320C6x Linker PC v7.4.8                      
******************************************************************************
>> Linked Wed Aug 19 19:56:59 2020

OUTPUT FILE NAME:   <Sonar.out>
ENTRY POINT SYMBOL: "_c_int00"  address: 0000e120


MEMORY CONFIGURATION

         name            origin    length      used     unused   attr    fill
----------------------  --------  ---------  --------  --------  ----  --------
  IRAM                  00000000   00023e00  0000f669  00014797  RWIX
  Buffers               00023e00   0001c200  00003840  000189c0  RWIX
  SDRAM                 80000000   00400000  00000000  00400000  RWIX
  process_mem           80400000   00400000  0003a1c0  003c5e40  RWIX


SECTION ALLOCATION MAP

 output                                  attributes/
section   page    origin      length       input sections
--------  ----  ----------  ----------   ----------------
.vers      0    00000000    0000003c     COPY SECTION
                  00000000    0000003c     sonarcfg.obj (.vers)

.hwi_vec   0    00000000    00000200     
                  00000000    00000200     sonarcfg.obj (.hwi_vec)

.data      0    00000000    00000000     UNINITIALIZED

.text      0    00000200    00005be0     
                  00000200    00001520     sonar.obj (.text)
                  00001720    00000720     rts6700.lib : divd.obj (.text:__divd)
                  00001e40    00000640     dsp67x.lib : DSPF_sp_icfftr2_dif.obj (.text)
                  00002480    000004e0                : DSPF_sp_cfftr2_dit.obj (.text)
                  00002960    00000480     dsk6713bsl.lib : dsk6713.obj (.text)
                  00002de0    00000340     rts6700.lib : cos.obj (.text:_cos)
                  00003120    00000300                 : divf.obj (.text:__divf)
                  00003420    000002e0                 : sin.obj (.text:_sin)
                  00003700    00000280     csl6713.lib : csl_edma.obj (.text:_EDMA_open)
                  00003980    00000260     config_AIC23.obj (.text)
                  00003be0    00000240     rts6700.lib : atan.obj (.text:_atan)
                  00003e20    00000240                 : memcpy62.obj (.text:_memcpy)
                  00004060    00000220     csl6713.lib : csl.obj (.text:__CSL_init)
                  00004280    000001e0     dsk6713bsl.lib : dsk6713_led.obj (.text)
                  00004460    000001c0     csl6713.lib : csl_irq.obj (.text:_IRQ_map)
                  00004620    000001c0                 : csl_irq.obj (.text:_mux2Tables)
                  000047e0    000001a0                 : csl_mcbsp.obj (.text:_MCBSP_reset)
                  00004980    00000180     bios.a67 : gbl_cslpllinit62.o67 (.text)
                  00004b00    00000160     rts6700.lib : sinit.obj (.text:_call_dtors)
                  00004c60    00000140     csl6713.lib : csl_edma.obj (.text:_EDMA_reset)
                  00004da0    00000140                 : csl_timer.obj (.text:_TIMER_open)
                  00004ee0    00000140     rts6700.lib : frcmpyd_div.obj (.text:__frcmpyd_div)
                  00005020    00000140                 : sqrt.obj (.text:_sqrt)
                  00005160    00000120     csl6713.lib : csl_timer.obj (.text:_TIMER_reset)
                  00005280    00000100                 : csl_edma.obj (.text:_EDMA_intAlloc)
                  00005380    00000100                 : csl_mcbsp.obj (.text:_MCBSP_open)
                  00005480    00000100                 : csl_mcbsp.obj (.text:_MCBSP_start)
                  00005580    000000e0     rts6700.lib : round.obj (.text:__nround)
                  00005660    000000e0                 : strasg.obj (.text:__strasg)
                  00005740    000000e0                 : atexit.obj (.text:_atexit)
                  00005820    000000e0                 : modf.obj (.text:_modf)
                  00005900    000000c0     bios.a67 : tsk_stup.o67 (.text)
                  000059c0    000000a0     csl6713.lib : csl_irq.obj (.text:__IRQ_init)
                  00005a60    000000a0     rts6700.lib : mpyll.obj (.text:__mpyll)
                  00005b00    000000a0     csl6713.lib : csl_irq.obj (.text:_setMux)
                  00005ba0    00000060                 : csl_edma.obj (.text:_EDMA_disableChannel)
                  00005c00    00000060                 : csl_edma.obj (.text:_EDMA_enableChannel)
                  00005c60    00000060     rts6700.lib : llshift.obj (.text:__llshru)
                  00005cc0    00000040                 : sinit.obj (.text:___add_dtor)
                  00005d00    00000040                 : trunc.obj (.text:__trunc)
                  00005d40    00000020     csl6713.lib : csl.obj (.text:_CSL6713_LIB_)
                  00005d60    00000020     rts6700.lib : _lock.obj (.text:__nop)
                  00005d80    00000020                 : _lock.obj (.text:__register_lock)
                  00005da0    00000020                 : _lock.obj (.text:__register_unlock)
                  00005dc0    00000020     csl6713.lib : csl_irq.obj (.text)

.bios      0    00005de0    00004220     
                  00005de0    00000600     lnkrtdx.a67 : rtdx.o67 (.bios)
                  000063e0    000005e0     bios.a67 : gbl_setL2CacheMode.o67 (.bios)
                  000069c0    00000540              : swi.o67 (.bios)
                  00006f00    00000460              : hwi_disp_asm.o67 (.bios)
                  00007360    000003a0              : prd.o67 (.bios)
                  00007700    000002c0              : knl_run.o67 (.bios)
                  000079c0    000002c0              : rta.o67 (.bios)
                  00007c80    000002c0              : sem_pend.o67 (.bios)
                  00007f40    00000260              : knl_tick.o67 (.bios)
                  000081a0    00000240              : pip.o67 (.bios)
                  000083e0    00000220              : sem_dopo.o67 (.bios)
                  00008600    00000200              : tsk_setu.o67 (.bios)
                  00008800    000001c0              : knl_swit.o67 (.bios)
                  000089c0    000001c0     biosC6000.a67 : clk.o67 (.bios)
                  00008b80    000001a0     bios.a67 : tsk_exit.o67 (.bios)
                  00008d20    00000180              : autoinit.o67 (.bios)
                  00008ea0    00000180              : tsk_stup.o67 (.bios)
                  00009020    00000140              : knl_chec.o67 (.bios)
                  00009160    000000e0              : gbl_cslcacheinit.o67 (.bios)
                  00009240    000000e0              : knl_exit.o67 (.bios)
                  00009320    000000e0              : sem_post.o67 (.bios)
                  00009400    000000e0              : sem_post_asm.o67 (.bios)
                  000094e0    000000e0     biosC6000.a67 : clk_meas.o67 (.bios)
                  000095c0    000000c0     bios.a67 : knl_ipos.o67 (.bios)
                  00009680    000000c0              : knl_post.o67 (.bios)
                  00009740    000000c0              : lck.o67 (.bios)
                  00009800    000000c0              : sys_exit.o67 (.bios)
                  000098c0    000000c0     biosC6000.a67 : clk_htime.o67 (.bios)
                  00009980    00000080     bios.a67 : fxn.o67 (.bios)
                  00009a00    00000080              : idl_busy.o67 (.bios)
                  00009a80    00000080              : log.o67 (.bios)
                  00009b00    00000080              : sts.o67 (.bios)
                  00009b80    00000080     biosC6000.a67 : idl_cal.o67 (.bios)
                  00009c00    00000060     bios.a67 : hwi_c.o67 (.bios)
                  00009c60    00000060              : sem_pend_binary.o67 (.bios)
                  00009cc0    00000060              : sem_pend_counting.o67 (.bios)
                  00009d20    00000060              : sys_abor.o67 (.bios)
                  00009d80    00000060              : utl_putc.o67 (.bios)
                  00009de0    00000060     biosC6000.a67 : clk_start.o67 (.bios)
                  00009e40    00000040     bios.a67 : idl_stub.o67 (.bios)
                  00009e80    00000040              : rta_andn.o67 (.bios)
                  00009ec0    00000040              : utl_doab.o67 (.bios)
                  00009f00    00000040     biosC6000.a67 : clk_stop.o67 (.bios)
                  00009f40    00000020     bios.a67 : fxn_c.o67 (.bios)
                  00009f60    00000020              : gbl_vers.o67 (.bios)
                  00009f80    00000020              : idl.o67 (.bios)
                  00009fa0    00000020              : sts_set.o67 (.bios)
                  00009fc0    00000020              : utl_doer.o67 (.bios)
                  00009fe0    00000020              : utl_halt.o67 (.bios)

.cinit     0    0000a000    0000147c     
                  0000a000    0000079c     sonarcfg.obj (.cinit)
                  0000a79c    00000004     --HOLE-- [fill = 0]
                  0000a7a0    0000026c     bios.a67 : biosdata.o67 (.cinit)
                  0000aa0c    00000004     --HOLE-- [fill = 0]
                  0000aa10    000001a4              : knl.o67 (.cinit)
                  0000abb4    00000004     --HOLE-- [fill = 0]
                  0000abb8    0000012c     csl6713.lib : csl_irq.obj (.cinit)
                  0000ace4    00000004     --HOLE-- [fill = 0]
                  0000ace8    000000d4     sonar.obj (.cinit)
                  0000adbc    00000004     --HOLE-- [fill = 0]
                  0000adc0    000000b0     bios.a67 : swi.o67 (.cinit)
                  0000ae70    00000080              : tsk.o67 (.cinit)
                  0000aef0    00000070     csl6713.lib : csl_edma.obj (.cinit)
                  0000af60    00000070     rts6700.lib : atan.obj (.cinit)
                  0000afd0    00000060     bios.a67 : tsk_stup.o67 (.cinit)
                  0000b030    0000005c     lnkrtdx.a67 : rtdx.o67 (.cinit)
                  0000b08c    00000004     --HOLE-- [fill = 0]
                  0000b090    00000054     csl6713.lib : csl_mcbsp.obj (.cinit)
                  0000b0e4    00000004     --HOLE-- [fill = 0]
                  0000b0e8    0000004c     bios.a67 : rta.o67 (.cinit)
                  0000b134    00000004     --HOLE-- [fill = 0]
                  0000b138    0000004c     csl6713.lib : csl_timer.obj (.cinit)
                  0000b184    00000004     --HOLE-- [fill = 0]
                  0000b188    0000004c     rtdx.lib : buffer1.o62 (.cinit)
                  0000b1d4    00000004     --HOLE-- [fill = 0]
                  0000b1d8    00000048     config_AIC23.obj (.cinit)
                  0000b220    00000048     rts6700.lib : cos.obj (.cinit)
                  0000b268    00000048                 : sin.obj (.cinit)
                  0000b2b0    0000003c     csl6713.lib : csl.obj (.cinit)
                  0000b2ec    00000004     --HOLE-- [fill = 0]
                  0000b2f0    00000034     bios.a67 : hwi.o67 (.cinit)
                  0000b324    00000004     --HOLE-- [fill = 0]
                  0000b328    0000002c              : utl_putc.o67 (.cinit)
                  0000b354    00000004     --HOLE-- [fill = 0]
                  0000b358    0000002c     rts6700.lib : exit.obj (.cinit)
                  0000b384    00000004     --HOLE-- [fill = 0]
                  0000b388    00000024     bios.a67 : obj_init.o67 (.cinit)
                  0000b3ac    00000004     --HOLE-- [fill = 0]
                  0000b3b0    0000001c              : sys.o67 (.cinit)
                  0000b3cc    00000004     --HOLE-- [fill = 0]
                  0000b3d0    0000001c     rts6700.lib : _lock.obj (.cinit)
                  0000b3ec    00000004     --HOLE-- [fill = 0]
                  0000b3f0    0000001c                 : atexit.obj (.cinit)
                  0000b40c    00000004     --HOLE-- [fill = 0]
                  0000b410    00000018     bios.a67 : knl_tick.o67 (.cinit)
                  0000b428    0000000c              : gbl_setL2CacheMode.o67 (.cinit)
                  0000b434    00000004     --HOLE-- [fill = 0]
                  0000b438    0000000c              : idl_busy.o67 (.cinit)
                  0000b444    00000004     --HOLE-- [fill = 0]
                  0000b448    0000000c              : knl_swit.o67 (.cinit)
                  0000b454    00000004     --HOLE-- [fill = 0]
                  0000b458    0000000c     rts6700.lib : errno.obj (.cinit)
                  0000b464    00000004     --HOLE-- [fill = 0]
                  0000b468    0000000c                 : sinit.obj (.cinit)
                  0000b474    00000004     --HOLE-- [fill = 0]
                  0000b478    00000004     (.pad.cinit) [fill = 0]

.args      0    0000b47c    00000004     
                  0000b47c    00000004     --HOLE-- [fill = 0]

.task_led_toggle$stk 
*          0    0000b480    00001000     UNINITIALIZED
                  0000b480    00001000     sonarcfg.obj (.task_led_toggle$stk)

.rtdx_text 
*          0    0000c480    00000ea0     
                  0000c480    00000400     rtdx.lib : rtdx_mon.o62 (.rtdx_text:_RTDX_Poll)
                  0000c880    00000340              : buffer1.o62 (.rtdx_text:_RTDX_Buffer_WriteCB)
                  0000cbc0    00000300              : buffer1.o62 (.rtdx_text:_RTDX_write_next)
                  0000cec0    00000140              : rtdx_mon.o62 (.rtdx_text:_RTDX_Mon_Queue)
                  0000d000    000000e0              : buffer1.o62 (.rtdx_text:_claim)
                  0000d0e0    00000080              : rtdx_mon.o62 (.rtdx_text:_RTDX_Init_RT_Monitor)
                  0000d160    00000060              : buffer1.o62 (.rtdx_text:_RTDX_Buffer_Initialize)
                  0000d1c0    00000060              : buffer2.o62 (.rtdx_text:_RTDX_Buffer_ReadCB)
                  0000d220    00000040              : buffer1.o62 (.rtdx_text:_RTDX_Buffer_Size)
                  0000d260    00000040              : rtdx_mon.o62 (.rtdx_text:_RTDX_Final_RT_Monitor)
                  0000d2a0    00000020              : buffer2.o62 (.rtdx_text:_RTDX_Buffer_Read)
                  0000d2c0    00000020              : buffer1.o62 (.rtdx_text:_RTDX_Buffer_Write)
                  0000d2e0    00000020              : rtdx_mon.o62 (.rtdx_text:_RTDX_checksum)
                  0000d300    00000020              : intr_tgt.o62 (.rtdx_text)

.far       0    0000d320    000006ec     UNINITIALIZED
                  0000d320    00000188     rts6700.lib : atexit.obj (.far)
                  0000d4a8    000000f4     csl6713.lib : csl_irq.obj (.far)
                  0000d59c    000000d8     bios.a67 : knl.o67 (.far)
                  0000d674    00000004     rts6700.lib : errno.obj (.far)
                  0000d678    00000060                 : atan.obj (.far)
                  0000d6d8    0000005c     bios.a67 : tsk.o67 (.far)
                  0000d734    00000054              : obj_init.o67 (.far)
                  0000d788    00000054     csl6713.lib : csl_edma.obj (.far)
                  0000d7dc    00000050     bios.a67 : tsk_stup.o67 (.far)
                  0000d82c    00000050     sonar.obj (.far)
                  0000d87c    00000004     rts6700.lib : sinit.obj (.far)
                  0000d880    00000040                 : cos.obj (.far)
                  0000d8c0    00000040                 : sin.obj (.far)
                  0000d900    00000038     csl6713.lib : csl_mcbsp.obj (.far)
                  0000d938    00000034     config_AIC23.obj (.far)
                  0000d96c    00000028     csl6713.lib : csl.obj (.far)
                  0000d994    00000024                 : csl_timer.obj (.far)
                  0000d9b8    00000020     bios.a67 : sys.o67 (.far)
                  0000d9d8    00000010              : knl_tick.o67 (.far)
                  0000d9e8    0000000c              : utl_putc.o67 (.far)
                  0000d9f4    0000000c     rts6700.lib : exit.obj (.far)
                  0000da00    00000008                 : _lock.obj (.far)
                  0000da08    00000002     dsk6713bsl.lib : dsk6713.obj (.far)
                  0000da0a    00000002                    : dsk6713_led.obj (.far)

.rtdx_data 
*          0    0000da0c    0000044c     UNINITIALIZED
                  0000da0c    00000410     sonarcfg.obj (.rtdx_data)
                  0000de1c    00000020     rtdx.lib : buffer1.o62 (.rtdx_data)
                  0000de3c    0000001c              : rtdx_mon.o62 (.rtdx_data)

.clk       0    0000de58    00000008     UNINITIALIZED
                  0000de58    00000008     sonarcfg.obj (.clk)

.sysinit   0    0000de60    00000420     
                  0000de60    000002c0     sonarcfg.obj (.sysinit)
                  0000e120    000000c0     bios.a67 : boot.o67 (.sysinit)
                  0000e1e0    00000080              : tsk_init.o67 (.sysinit)
                  0000e260    00000020              : obj_init.o67 (.sysinit)

.TSK_idle$stk 
*          0    0000e280    00000400     UNINITIALIZED
                  0000e280    00000400     sonarcfg.obj (.TSK_idle$stk)

.stack     0    0000e680    00000400     UNINITIALIZED
                  0000e680    00000400     --HOLE--

.bss       0    0000ea80    0000034c     UNINITIALIZED
                  0000ea80    00000100     bios.a67 : hwi_disp_asm.o67 (.bss)
                  0000eb80    000000cc              : biosdata.o67 (.bss)
                  0000ec4c    0000009c              : swi.o67 (.bss)
                  0000ece8    00000048              : knl.o67 (.bss)
                  0000ed30    0000001c     sonar.obj (.bss)
                  0000ed4c    00000018     bios.a67 : hwi.o67 (.bss)
                  0000ed64    00000018     lnkrtdx.a67 : rtdx.o67 (.bss)
                  0000ed7c    00000018     sonarcfg.obj (.bss)
                  0000ed94    00000010     rtdx.lib : buffer1.o62 (.bss)
                  0000eda4    0000000c     bios.a67 : tsk.o67 (.bss)
                  0000edb0    00000008              : clk_data.o67 (.bss)
                  0000edb8    00000008              : sys.o67 (.bss)
                  0000edc0    00000004              : clk_data2.o67 (.bss)
                  0000edc4    00000004              : gbl_setL2CacheMode.o67 (.bss)
                  0000edc8    00000004              : idl_busy.o67 (.bss)

.trace     0    0000edcc    00000200     
                  0000edcc    00000200     --HOLE-- [fill = 00000000]

.sem       0    0000efcc    0000002c     UNINITIALIZED
                  0000efcc    0000002c     sonarcfg.obj (.sem)

.LOG_system$buf 
*          0    0000f000    00000100     UNINITIALIZED
                  0000f000    00000100     sonarcfg.obj (.LOG_system$buf)

.hst0      0    0000f100    00000100     UNINITIALIZED
                  0000f100    00000100     sonarcfg.obj (.hst0)

.pip       0    0000f200    000000c8     UNINITIALIZED
                  0000f200    000000c8     sonarcfg.obj (.pip)

.tsk       0    0000f2c8    000000c0     UNINITIALIZED
                  0000f2c8    000000c0     sonarcfg.obj (.tsk)

.const     0    0000f388    000000b5     
                  0000f388    0000004e     bios.a67 : tsk_stup.o67 (.const)
                  0000f3d6    00000023              : utl_doab.o67 (.const)
                  0000f3f9    00000022              : utl_doer.o67 (.const)
                  0000f41b    00000001     --HOLE-- [fill = 0]
                  0000f41c    00000020     dsk6713bsl.lib : dsk6713.obj (.const)
                  0000f43c    00000001     bios.a67 : tsk.o67 (.const)

.printf    0    0000f43d    000000aa     COPY SECTION
                  0000f43d    000000aa     sonarcfg.obj (.printf)

.swi       0    0000f440    00000084     UNINITIALIZED
                  0000f440    00000084     sonarcfg.obj (.swi)

.sts       0    0000f4c4    00000070     
                  0000f4c4    00000070     sonarcfg.obj (.sts)

.gblinit   0    0000f534    0000004c     
                  0000f534    0000004c     sonarcfg.obj (.gblinit)

.hst       0    0000f580    0000003c     UNINITIALIZED
                  0000f580    0000003c     sonarcfg.obj (.hst)

.switch    0    0000f5bc    00000028     
                  0000f5bc    00000028     rtdx.lib : rtdx_mon.o62 (.switch)

.prd       0    0000f5e4    00000020     UNINITIALIZED
                  0000f5e4    00000020     sonarcfg.obj (.prd)

.log       0    0000f604    00000018     
                  0000f604    00000018     sonarcfg.obj (.log)

.hst1      0    0000f61c    00000010     UNINITIALIZED
                  0000f61c    00000010     sonarcfg.obj (.hst1)

.idl       0    0000f62c    00000010     UNINITIALIZED
                  0000f62c    00000010     sonarcfg.obj (.idl)

.idlcal    0    0000f63c    00000010     UNINITIALIZED
                  0000f63c    00000010     sonarcfg.obj (.idlcal)

.sys       0    0000f64c    00000010     UNINITIALIZED
                  0000f64c    00000010     sonarcfg.obj (.sys)

.pinit     0    0000f65c    0000000c     
                  0000f65c    00000004     rtdx.lib : buffer1.o62 (.pinit)
                  0000f660    00000004              : rtdx_mon.o62 (.pinit)
                  0000f664    00000004     --HOLE-- [fill = 0]

.trcdata   0    0000f668    0000000c     
                  0000f668    0000000c     bios.a67 : trc.o67 (.trcdata)

.databuffer 
*          0    00023e00    00003840     UNINITIALIZED
                  00023e00    00003840     sonar.obj (.databuffer)

.processbuffer 
*          0    80400000    0003a1c0     UNINITIALIZED
                  80400000    0003a1c0     sonar.obj (.processbuffer)


GLOBAL SYMBOLS: SORTED ALPHABETICALLY BY Name 

address    name
--------   ----
0000ea80   $bss
0000ea80   .bss
00000000   .data
00000200   .text
0000e004   BIOS$$CLKOFF
0000dfc4   BIOS$$CLKON
0000de60   BIOS_init
0000e06c   BIOS_start
00000000   BUF$
00000001   BUF_ENABLED
ffffffff   Buffers
00000001   CLK$
0000de58   CLK_A_TABBEG
00000001   CLK_CALDIV
00000004   CLK_CALMULT
0000dbba   CLK_COUNTSPMS
00000000   CLK_COUNTSPMSHIGH
0000eba8   CLK_D_idletime
0000eba4   CLK_D_isrhook
0000eba0   CLK_D_tabbeg
0000eb9c   CLK_D_timefxn
000098c0   CLK_F_getfhtime
000098e0   CLK_F_gethtime
000089c0   CLK_F_getltime
000098e0   CLK_F_getshtime
000089d4   CLK_F_isr
00008b34   CLK_F_itime
00006f00   CLK_HOOKFXN
00000001   CLK_HTIMEDIV
00000004   CLK_HTIMEMULT
0000dbba   CLK_HTIMEPERLTIME
00004000   CLK_INTBIT
00000001   CLK_LTIMEDIV
00036ee8   CLK_LTIMEMULT
000003e8   CLK_MICROSECS
0000dbba   CLK_PRD
00000000   CLK_PRDHIGH
01940000   CLK_REGS
0000eb98   CLK_R_time
00000020   CLK_TCR
00000000   CLK_TDDR
00000000   CLK_TDDRHIGH
000098e0   CLK_TIMEFXN
00000000   CLK_TIMERNUM
00000001   CLK_USETIMER
0000de5c   CLK_null
00000000   DEV$
00000000   DGN$
00000000   DHL$
00000000   DHL_gChannelsAvailable
00000000   DIO$
00000000   DIO_NUMSWIBASE
00000000   DIO_NUMTSKBASE
00000000   DIO_STATIC
00000000   DPI$
00009980   FXN_F_nop
00009988   FXN_F_run
000099d8   FXN_F_zero
00000001   GBL$
00005205   GBL_A_VERSION
00000000   GBL_BIGENDIAN
00000000   GBL_C641XL2PRIORITY
00000000   GBL_CACHE
00000001   GBL_CALLCSLCFGINIT
00004e20   GBL_CLKIN
00001770   GBL_CLKTYPE
00001a39   GBL_DSPSUBTYPE
0000003e   GBL_DSPTYPE
00000001   GBL_ENABLEINST
00000042   GBL_FOOTPRINT
00036ee8   GBL_FREQ
00002226   GBL_L2ALLOC
00000000   GBL_L2CONFIGALLOC
00000001   GBL_L2CONFIGURE
00000001   GBL_L2MARMASK
00000000   GBL_L2MARMASK1
00000000   GBL_L2MARMASK2
00000000   GBL_L2MARMASK3
00000000   GBL_L2MARMASK4
00000000   GBL_L2MARMASK5
00000000   GBL_L2MODE
00000000   GBL_L2PRIORITY
00000000   GBL_NULL
00000000   GBL_PROCID
00000000   GBL_ROM
00000000   GBL_SUPPORTCSL
0000dbef   GBL_TRCMASKVALUE
00000001   GBL_USERINIT
000049a8   GBL_USERINITFXN
00000001   GBL_boot
0000f670   GBL_initdone
0000e680   GBL_stackbeg
0000ea7f   GBL_stackend
00000000   GIO$
00009f40   GIO_CREATEFXN
00009f40   GIO_DELETEFXN
00009f40   GIO_PENDFXN
00009f40   GIO_POSTFXN
00000000   HOOK$
00000000   HOOK_KNLID
00000001   HST$
0000f580   HST_A_TABBEG
0000f5bc   HST_A_TABEND
00000000   HST_DSM
ffffffff   HST_DSMBUFSEG
00000400   HST_DSMMEMSIZE
0000ec14   HST_D_chanmask
0000ec18   HST_D_tabbeg
0000ec1c   HST_D_tabend
000000ff   HST_MAXFRAMEALLOWED
00000040   HST_MAXFRAMESET
00000000   HST_NONE
00000001   HST_RTDX
00000001   HWI$
00000000   HWI_A_VECS
00004108   HWI_CFGDISPATCHED
0000ed5c   HWI_D_bss
0000ed60   HWI_D_ccmask
0000ed4c   HWI_D_spsave
00006f00   HWI_F_dispatch
00000000   HWI_GENERATE_RESET_VEC
0000000a   HWI_INT10
00000000   HWI_INT10$hwi
0000000b   HWI_INT11
00000000   HWI_INT11$hwi
0000000c   HWI_INT12
00000000   HWI_INT12$hwi
0000000d   HWI_INT13
00000000   HWI_INT13$hwi
0000000e   HWI_INT14
00000000   HWI_INT14$hwi
0000000f   HWI_INT15
00000000   HWI_INT15$hwi
00000004   HWI_INT4
00000000   HWI_INT4$hwi
00000005   HWI_INT5
00000000   HWI_INT5$hwi
00000006   HWI_INT6
00000000   HWI_INT6$hwi
00000007   HWI_INT7
00000000   HWI_INT7$hwi
00000008   HWI_INT8
00000000   HWI_INT8$hwi
00000009   HWI_INT9
00000000   HWI_INT9$hwi
082039a3   HWI_INTRMULTHIGH
310718a4   HWI_INTRMULTLOW
00000001   HWI_NMI
00000000   HWI_NMI$hwi
00000000   HWI_POLARITYMASK
00000002   HWI_RESERVED0
00000000   HWI_RESERVED0$hwi
00000003   HWI_RESERVED1
00000000   HWI_RESERVED1$hwi
00000000   HWI_RESET
00000000   HWI_RESET$hwi
00000001   HWI_ZEROTAB
00000001   IDL$
0000f63c   IDL_A_CALBEG
0000f62c   IDL_A_TABBEG
00000006   IDL_CALIBRERROR
00009e40   IDL_CALIBRFXN
0000edc8   IDL_D_busyObj
0000eb88   IDL_D_calbeg
0000eb84   IDL_D_calibrate
0000eb80   IDL_D_tabbeg
0000f638   IDL_END
0000f648   IDL_END$
00009a00   IDL_F_busy
00009b80   IDL_F_calibrate
00009f80   IDL_F_loop
00009e40   IDL_F_stub
00000001   IDL_USECLKIDLTIME
0000f528   IDL_busyObj
0000f4e2   IDL_busyObj$avgfmt
00000001   IDL_busyObj$filter
00000001   IDL_busyObj$iA
00000000   IDL_busyObj$iB
00000001   IDL_busyObj$iC
0000f4dc   IDL_busyObj$maxfmt
00000000   IDL_busyObj$operation
0000f524   IDL_busyObj$stsobj
0000f4df   IDL_busyObj$sumfmt
00000002   IDL_busyObj$unittype
0000f62c   IDL_cpuLoad
0000f63c   IDL_cpuLoad$
ffffffff   IRAM
00000001   ISRC$
00008980   KNL_glue
0000f46c   KNL_swi
00000001   KNL_swi$dorta
00000002   KNL_swi$ord
00000000   KNL_swi$pri
0000f4e8   KNL_swi$sts
0000f484   KNL_swi$sts$avgfmt
00000002   KNL_swi$sts$filter
00000001   KNL_swi$sts$filtmaxmult
00000001   KNL_swi$sts$filtsummult
0000f474   KNL_swi$sts$maxfmt
0000f4e4   KNL_swi$sts$stsobj
0000f47c   KNL_swi$sts$sumfmt
00000000   KNL_swi$sts$unittype
00000000   KNL_swi$swi
00000001   LCK$
00005de0   LNK_F_checkBufferCall
00005e60   LNK_F_dataPump
00005e00   LNK_F_getChanPtr
00005e58   LNK_F_init
000063a4   LNK_F_readCallBack
0000f630   LNK_dataPump
0000f640   LNK_dataPump$
0000ed68   LNK_dspFrameReadyMask
0000ed64   LNK_dspFrameRequestMask
00006100   LNK_newin
00006240   LNK_newout
00005e74   LNK_rcloop
00005f40   LNK_rdrtry
0000ed70   LNK_readDone
0000ed74   LNK_readFail
0000ed6c   LNK_readPend
00005f50   LNK_rrloop
0000ed78   LNK_writeFail
00006024   LNK_wrloop
00006014   LNK_wrrtry
00000001   LOG$
0000f604   LOG_A_TABBEG
0000f61c   LOG_A_TABEND
00000001   LOG_A_TABLEN
0000eb8c   LOG_D_system
00000001   LOG_ENABLED
00009a80   LOG_F_event
0000f604   LOG_system
0000f000   LOG_system$buf
00000000   LOG_system$datatype
00000000   LOG_system$log
00000040   LOG_system$size
00000000   MBX$
00000001   MEM$
00000000   MEM_MALLOCSEG
00000000   MEM_NULL
00000000   MEM_SEGZERO
00000000   MEM_USEMPC
00000000   MEM_gNumHeap
00000000   MSGQ$
00000000   MSGQ_USEMSGQ
00000000   OBJ$
00000000   PIP$
0000f200   PIP_A_TABBEG
0000f2c8   PIP_A_TABEND
00000002   PIP_A_TABLEN
0000eb90   PIP_D_tabbeg
0000eb94   PIP_D_tablen
00008234   PIP_F_give
00008234   PIP_F_probe
00008308   PIP_F_start
000081a0   PIP_F_take
00000064   PIP_OBJSIZE
00000000   PIP_gNextId
00000002   PIP_gNumEmbed
00000000   POOL$
00000000   POOL_USEPOOL
00000001   PRD$
0000f5e4   PRD0
0000f600   PRD0$aaa
00000000   PRD0$mode
00000001   PRD0$ord
000003e8   PRD0$period
00000000   PRD0$prd
0000f4c8   PRD0$sts
0000f44f   PRD0$sts$avgfmt
00000000   PRD0$sts$filter
0000f43d   PRD0$sts$maxfmt
0000f4c4   PRD0$sts$stsobj
0000f446   PRD0$sts$sumfmt
00000002   PRD0$sts$unittype
0000f5e4   PRD_A_TABBEG
0000f604   PRD_A_TABEND
00000001   PRD_A_TABLEN
0000ebd0   PRD_D_cur
0000ebd4   PRD_D_elapsed
0000ebd8   PRD_D_prevtim
0000ebdc   PRD_D_scalar
0000ebe0   PRD_D_swihandle
0000ebe4   PRD_D_tabbeg
0000ebe8   PRD_D_tablen
0000ebec   PRD_D_thook
0000ebcc   PRD_D_tick
00007360   PRD_F_swi
00007620   PRD_F_tick
00000008   PRD_SCALAR
0000f440   PRD_SWIHANDLE
00008180   PRD_THOOKFXN
0000de58   PRD_clock
0000f440   PRD_swi
00000001   PRD_swi$dorta
00000001   PRD_swi$ord
00000001   PRD_swi$pri
0000f4d8   PRD_swi$sts
0000f46a   PRD_swi$sts$avgfmt
00000002   PRD_swi$sts$filter
00000001   PRD_swi$sts$filtmaxmult
00000001   PRD_swi$sts$filtsummult
0000f45a   PRD_swi$sts$maxfmt
0000f4d4   PRD_swi$sts$stsobj
0000f462   PRD_swi$sts$sumfmt
00000000   PRD_swi$sts$unittype
00000000   PRD_swi$swi
00000001   QUE$
0000ebf0   RTA_D_fromHost
0000ebf8   RTA_D_logval
0000ec08   RTA_D_stsval
0000ebf4   RTA_D_toHost
00009e80   RTA_F_andn
00007ab8   RTA_F_dispatch
000079c0   RTA_F_getlog
00007a04   RTA_F_getsts
00009ea0   RTA_F_or
00007a4c   RTA_F_readblk
00007a78   RTA_F_resetmem
00007a6c   RTA_F_writeword
0000f634   RTA_dispatcher
0000f644   RTA_dispatcher$
00007b08   RTA_execute
0000f584   RTA_fromHost
0000f61c   RTA_fromHost$buf
00000004   RTA_fromHost$framesize
00000000   RTA_fromHost$hst
00000001   RTA_fromHost$id
00000000   RTA_fromHost$mode
0000f200   RTA_fromHost$pipe
0000f230   RTA_fromHost$pipe$aaa
0000f260   RTA_fromHost$pipe$bbb
0000ed7c   RTA_fromHost$pipe$dtab
0000f204   RTA_fromHost$pipe$rd
0000f234   RTA_fromHost$pipe$wr
0000f58c   RTA_fromHost$rtdx
0000f5a0   RTA_toHost
0000f100   RTA_toHost$buf
00000040   RTA_toHost$framesize
00000000   RTA_toHost$hst
00000000   RTA_toHost$id
00000001   RTA_toHost$mode
0000f264   RTA_toHost$pipe
0000f294   RTA_toHost$pipe$aaa
0000f2c4   RTA_toHost$pipe$bbb
0000ed88   RTA_toHost$pipe$dtab
0000f268   RTA_toHost$pipe$rd
0000f298   RTA_toHost$pipe$wr
0000f5a8   RTA_toHost$rtdx
00000001   RTDX$
00000408   RTDX_BUFMEMSIZE
ffffffff   RTDX_DATAMEMSEG
00000000   RTDX_MODE
00000001   RTDX_NORMALIZED_HDR
00000001   RTDX_USERTDX
00000000   RTDX_USERTEXECUTION
ffffffff   SDRAM
00000001   SEM$
0000efd8   SEM_LEDToggle
00000000   SIO$
00000001   STS$
0000f4c4   STS_A_TABBEG
0000f534   STS_A_TABEND
00009b38   STS_F_add
00009b00   STS_F_delta
00009b64   STS_F_reset
00000001   SWI$
0000f440   SWI_A_TABBEG
0000f4c4   SWI_A_TABEND
00000003   SWI_A_TABLEN
0000ec64   SWI_D_curfxn
0000ec54   SWI_D_curmask
0000ec60   SWI_D_curmbox
0000ec58   SWI_D_curset
0000ec50   SWI_D_execaddr
0000ec6c   SWI_D_inswi
0000ec5c   SWI_D_lock
0000ec68   SWI_D_rdybeg
0000ec70   SWI_D_rdytab
0000ec4c   SWI_D_runaddr
00000000   SWI_EHOOKFXN
00006bdc   SWI_EXECFXN
000069c0   SWI_F_enable
00006bdc   SWI_F_exec
00006c08   SWI_F_iexec
00006a30   SWI_F_post
00006c98   SWI_F_run
00000000   SWI_IHOOKFXN
00006c98   SWI_RUNFXN
0000f498   SWI_process
00000001   SWI_process$dorta
00000004   SWI_process$ord
00000001   SWI_process$pri
0000f4f8   SWI_process$sts
0000f49e   SWI_process$sts$avgfmt
00000002   SWI_process$sts$filter
00000001   SWI_process$sts$filtmaxmult
00000001   SWI_process$sts$filtsummult
0000f48e   SWI_process$sts$maxfmt
0000f4f4   SWI_process$sts$stsobj
0000f496   SWI_process$sts$sumfmt
00000000   SWI_process$sts$unittype
00000000   SWI_process$swi
00000001   SYS$
0000f64c   SYS$config
00009ec0   SYS_ABORTFXN
00009fc0   SYS_ERRORFXN
00009fe0   SYS_EXITFXN
00009d80   SYS_PUTCFXN
0000f66c   TRC_R_mask
0000f668   TRC_cinit
00000001   TSK$
00000000   TSK_NUM_HOOKS
00000001   TSK_PRIORITY
00000000   TSK_READYFXN
00000000   TSK_STACKSEG
00000400   TSK_STACKSIZE
00000000   TSK_SWITCHFXN
00009f40   TSK_VCREATEFXN
00009f40   TSK_VDELETEFXN
00009f40   TSK_VEXITFXN
0000f2d4   TSK_idle
00000000   TSK_idle$ord
00000000   TSK_idle$pri
0000e280   TSK_idle$stack
0000e618   TSK_idle$stkptr
0000f508   TSK_idle$sts
0000f4b8   TSK_idle$sts$avgfmt
00000002   TSK_idle$sts$filter
00000001   TSK_idle$sts$filtmaxmult
00000001   TSK_idle$sts$filtsummult
0000f4a8   TSK_idle$sts$maxfmt
0000f504   TSK_idle$sts$stsobj
0000f4b0   TSK_idle$sts$sumfmt
00000000   TSK_idle$sts$unittype
00000000   TSK_idle$tsk
00000000   UDEV$
0000de60   _BIOS_init
0000e06c   _BIOS_start
00023e00   _Buffer_in
00025fc0   _Buffer_out
ffffffff   _Buffers
0000dbba   _CLK_COUNTSPMS
0000edb0   _CLK_DFLTMICROSECS
0000ebc8   _CLK_D_countspms
0000ebbc   _CLK_D_dirty
0000edb4   _CLK_D_microseconds
0000ebc0   _CLK_D_prd
0000ebc4   _CLK_D_tddr
00008b34   _CLK_F_itime
0000dbba   _CLK_PRD
01940000   _CLK_REGS
00000000   _CLK_TDDR
00000000   _CLK_TIMERNUM
00000001   _CLK_USETIMER
0000ebac   _CLK_htimeDiv
0000ebb0   _CLK_htimeMult
0000edc0   _CLK_htimePerLtime
00008b34   _CLK_itime
0000ebb4   _CLK_ltimeDiv
0000ebb8   _CLK_ltimeMult
000094e0   _CLK_measure
00009de0   _CLK_start
00009f00   _CLK_stop
00005d40   _CSL6713_LIB_
000039e0   _Config_DSK6713_AIC23
00004280   _DSK6713_LED_init
000042c0   _DSK6713_LED_off
00004330   _DSK6713_LED_on
000043a0   _DSK6713_LED_toggle
00002d74   _DSK6713_getVersion
000029ac   _DSK6713_init
00002cc8   _DSK6713_rget
00002cdc   _DSK6713_rset
0000da08   _DSK6713_version
00002cf0   _DSK6713_wait
00002d48   _DSK6713_waitusec
00002480   _DSPF_sp_cfftr2_dit
00001e40   _DSPF_sp_icfftr2_dif
00005ba0   _EDMA_disableChannel
00005c00   _EDMA_enableChannel
00005280   _EDMA_intAlloc
00001578   _EDMA_interrupt_service
00003700   _EDMA_open
00004c60   _EDMA_reset
00009f40   _FXN_F_nop
00009988   _FXN_F_run
000099d8   _FXN_F_zero
00000000   _GBL_CACHE
0000ec24   _GBL_clkIn
00009160   _GBL_cslCacheInit
0000ec28   _GBL_freq
00009f60   _GBL_getVersion
0000ec20   _GBL_procId
000049a8   _GBL_setPLLto225MHz
0000f580   _HST_A_TABBEG
0000f5bc   _HST_A_TABEND
00004108   _HWI_CFGDISPATCHED
0000ed58   _HWI_D_inhwi
0000ed4c   _HWI_D_spsave
00006f00   _HWI_F_dispatch
0000000a   _HWI_INT10
0000000b   _HWI_INT11
0000000c   _HWI_INT12
0000000d   _HWI_INT13
0000000e   _HWI_INT14
0000000f   _HWI_INT15
00000004   _HWI_INT4
00000005   _HWI_INT5
00000006   _HWI_INT6
00000007   _HWI_INT7
00000008   _HWI_INT8
00000009   _HWI_INT9
00000001   _HWI_NMI
00000002   _HWI_RESERVED0
00000003   _HWI_RESERVED1
00000000   _HWI_RESET
0000ea78   _HWI_STKBOTTOM
0000e680   _HWI_STKTOP
0000ed4c   _HWI_data
00009c00   _HWI_disable
0000ea80   _HWI_dispatchTab
00009c18   _HWI_enable
00009c2c   _HWI_restore
0000f528   _IDL_busyObj
0000f62c   _IDL_cpuLoad
00009f80   _IDL_loop
ffffffff   _IRAM
00004460   _IRQ_map
0000ecf0   _KNL_alarm
00009020   _KNL_check
0000ed14   _KNL_curqueue
0000ed04   _KNL_curtask
0000ed0c   _KNL_curtime
0000d63c   _KNL_dummy
00009294   _KNL_enter
00009240   _KNL_exit
000090f8   _KNL_idle
0000ed2c   _KNL_idlefxn
0000ecf8   _KNL_inactive
000095c0   _KNL_ipost
0000911c   _KNL_max
0000ed18   _KNL_maxqueue
00009680   _KNL_post
0000ed08   _KNL_prevtask
0000ecfc   _KNL_priority
0000d59c   _KNL_queues
00007700   _KNL_run
00008800   _KNL_saveIsrFrame
0000ed00   _KNL_set
0000ecf4   _KNL_setpri
0000f46c   _KNL_swi
0000ed10   _KNL_swiptr
000088cc   _KNL_switch
0000ed20   _KNL_tcreatefxn
0000ed24   _KNL_tdeletefxn
00008180   _KNL_tick
0000ed28   _KNL_treadyfxn
0000ed1c   _KNL_tswitchfxn
0000ece8   _KNL_wFlag
0000ecec   _KNL_wList
00009770   _LCK_pend
00009740   _LCK_post
0000f630   _LNK_dataPump
0000ed68   _LNK_dspFrameReadyMask
0000ed64   _LNK_dspFrameRequestMask
0000ed70   _LNK_readDone
0000ed74   _LNK_readFail
0000ed6c   _LNK_readPend
0000ed78   _LNK_writeFail
0000f604   _LOG_A_TABBEG
0000f61c   _LOG_A_TABEND
00000001   _LOG_A_TABLEN
0000eb8c   _LOG_D_system
00009a80   _LOG_event
0000f604   _LOG_system
00005380   _MCBSP_open
000047e0   _MCBSP_reset
00005480   _MCBSP_start
0000ec2c   _MEM_D_NUMSEGMENTS
0000ec34   _MEM_D_freelist
0000ec38   _MEM_D_lockaddr
0000ec30   _MEM_D_memtab
0000ec3c   _MEM_D_unlockaddr
00000000   _MEM_memtab
0000e260   _OBJ_init
0000d76c   _OBJ_segtab
0000d734   _OBJ_table
0000f200   _PIP_A_TABBEG
0000f2c8   _PIP_A_TABEND
0000f5e4   _PRD0
0000ebcc   _PRD_D_tick
0000de58   _PRD_clock
0000f440   _PRD_swi
0000f634   _RTA_dispatcher
0000f584   _RTA_fromHost
0000f5a0   _RTA_toHost
0000da0c   _RTDX_Buffer
0000de18   _RTDX_Buffer_End
0000d160   _RTDX_Buffer_Initialize
0000d2a0   _RTDX_Buffer_Read
0000d1c0   _RTDX_Buffer_ReadCB
0000d220   _RTDX_Buffer_Size
0000de14   _RTDX_Buffer_Start
0000d2c0   _RTDX_Buffer_Write
0000c880   _RTDX_Buffer_WriteCB
0000d260   _RTDX_Final_RT_Monitor
0000d0e0   _RTDX_Init_RT_Monitor
00000002   _RTDX_JTAGONLY
0000d300   _RTDX_Mask_IER
0000cec0   _RTDX_Mon_Queue
0000c480   _RTDX_Poll
00000000   _RTDX_interrupt_mask
0000de28   _RTDX_writing
ffffffff   _SDRAM
0000efd8   _SEM_LEDToggle
00009cc0   _SEM_pend
00009c60   _SEM_pendBinary
00007c80   _SEM_pendEnterKnl
00009400   _SEM_post
00009400   _SEM_postBinary
00009320   _SEM_postEnterKnl
0000f4c4   _STS_A_TABBEG
0000f534   _STS_A_TABEND
00009b38   _STS_add
00009b00   _STS_delta
00009b64   _STS_reset
00009fa0   _STS_set
0000ec64   _SWI_D_curfxn
0000ec54   _SWI_D_curmask
0000ec58   _SWI_D_curset
0000ec50   _SWI_D_execaddr
0000ec6c   _SWI_D_inswi
0000ec5c   _SWI_D_lock
0000ec68   _SWI_D_rdybeg
0000ec4c   _SWI_D_runaddr
00001568   _SWI_LEDToggle
0000ec4c   _SWI_data
00006a30   _SWI_post
0000f498   _SWI_process
0000ec40   _SYS
0000edcc   _SYS_PUTCBEG
0000efcb   _SYS_PUTCEND
00009d20   _SYS_abort
00009800   _SYS_exit
0000d9b8   _SYS_exitStack
0000edb8   _SYS_exitStackPtr
0000edbc   _SYS_exitStackTop
00004da0   _TIMER_open
00005160   _TIMER_reset
0000f66c   _TRC_R_mask
0000edac   _TSK
0000d6d8   _TSK_ATTRS
0000d6f4   _TSK_config
00008b80   _TSK_exit
0000f2d4   _TSK_idle
0000e1e0   _TSK_init
0000eda4   _TSK_nTasks
0000eda8   _TSK_pid
00008600   _TSK_setup
00008f60   _TSK_startup
0000d714   _TSK_timerSem
00009ec0   _UTL_doAbort
00009fc0   _UTL_doError
00009d80   _UTL_doPutc
00009fe0   _UTL_halt
00008b50   __CLK_lat1beg
00008b7c   __CLK_lat1end
00004060   __CSL_init
00006814   __GBL_setL2CacheMode
0000ec48   __HOOK_NUMHOOKS
0000ec44   __HOOK_knlId
00006f00   __HWI_lat1beg
00007080   __HWI_lat1end
00007080   __HWI_lat2beg
00007220   __HWI_lat2end1
000071ac   __HWI_lat2end2
00007240   __HWI_lat3beg
00007340   __HWI_lat3end1
000071dc   __HWI_lat3end2
00009a00   __IDL_lat1beg
00009a50   __IDL_lat1end
0000d594   __IRQ_dispatchTable
0000d4d0   __IRQ_eventTable
00005dc0   __IRQ_hookFetchPacket
000059c0   __IRQ_init
0000d554   __IRQ_intTable
00009070   __KNL_lat1beg
000090f8   __KNL_lat1end
00009a80   __LOG_lat1beg
0000d930   __MCBSP_hDev0
0000d934   __MCBSP_hDev1
0000d804   __MEM_mutex
00007a78   __RTA_lat1beg
00007ab0   __RTA_lat1end
000083e0   __SEM_dopost
0000ea80   __STACK_END
00000400   __STACK_SIZE
00006b6c   __SWI_lat1beg
00006c20   __SWI_lat1end
00006c24   __SWI_lat2beg
00006c94   __SWI_lat2end
000069c0   __SWI_lat3beg
00006a2c   __SWI_lat3end
0000d994   __TIMER_deviceTable
0000d9b4   __TIMER_hBios
0000d9ac   __TIMER_hDev0
0000d9b0   __TIMER_hDev1
0000d7dc   __TSK_mutex
0000d9fc   ___TI_enable_exit_profile_output
ffffffff   ___TI_pprof_out_hndl
ffffffff   ___TI_prof_data_size
ffffffff   ___TI_prof_data_start
00005cc0   ___add_dtor
0000d320   ___atexit_func_id__
ffffffff   ___binit__
0000ea80   ___bss__
ffffffff   ___c_args__
0000a000   ___cinit__
00000000   ___data__
00000000   ___edata__
0000edcc   ___end__
00005de0   ___etext__
0000f65c   ___pinit__
00000200   ___text__
00008d20   __auto_init
0000d9f4   __cleanup_ptr
00001720   __divd
00003120   __divf
0000d9f8   __dtors_ptr
00004ee0   __frcmpyd_div
00005c60   __llshru
0000da00   __lock
00005a60   __mpyll
00005d60   __nop
00005580   __nround
00005d80   __register_lock
00005da0   __register_unlock
0000e680   __stack
00005660   __strasg
00005d00   __trunc
0000da04   __unlock
00003be0   _atan
00005740   _atexit
000010c0   _bit_rev
0000e120   _c_int00
00004b00   _call_dtors
0000d84c   _configEDMARcv
0000d864   _configEDMAXmt
00000a00   _config_EDMA
00000ec0   _config_interrupts
00001548   _convert_step_distance
00002de0   _cos
8042a1c0   _cross_corr_freq
00001218   _cross_correlation_frequency
000003b0   _cross_correlation_time
0000d82c   _datainterface_config
0000d87c   _dtors
0000d674   _errno
804121c0   _fft_coeff
000006f0   _frequency_sweep_init
0000ed38   _hEdmaRcv
0000ed3c   _hEdmaXmt
0000ed40   _hMcbsp
00000f1c   _main
00003e20   _memcpy
00005820   _modf
00000640   _process_SWI
ffffffff   _process_mem
8041a1c0   _response_freq
0000ed9c   _rtdxNullChanCnt
0000eda0   _rtdxNullFuncCnt
0000de1c   _rtdx_buffer_state
0000de3c   _rtdx_mon_state
00003420   _sin
00005020   _sqrt
804021c0   _sweep_freq
80400000   _sweep_time
0000f334   _task_led_toggle
0000d79c   _tccAllocTable
0000ed30   _tccRcv
0000ed34   _tccXmt
00000360   _tsk_led_toggle
00000200   _tw_genr2fft
00004980   _wait500nS
ffffffff   binit
0000a000   cinit
00000000   edata
0000edcc   end
00005de0   etext
00000000   hwi0
00000020   hwi1
00000140   hwi10
00000160   hwi11
00000180   hwi12
000001a0   hwi13
000001c0   hwi14
000001e0   hwi15
00000040   hwi2
00000060   hwi3
00000080   hwi4
000000a0   hwi5
000000c0   hwi6
000000e0   hwi7
00000100   hwi8
00000120   hwi9
0000f65c   pinit
ffffffff   process_mem
0000f334   task_led_toggle
00000001   task_led_toggle$ord
00000004   task_led_toggle$pri
0000b480   task_led_toggle$stack
0000c418   task_led_toggle$stkptr
0000f518   task_led_toggle$sts
0000f4d2   task_led_toggle$sts$avgfmt
00000002   task_led_toggle$sts$filter
00000001   task_led_toggle$sts$filtmaxmult
00000001   task_led_toggle$sts$filtsummult
0000f4c2   task_led_toggle$sts$maxfmt
0000f514   task_led_toggle$sts$stsobj
0000f4ca   task_led_toggle$sts$sumfmt
00000000   task_led_toggle$sts$unittype
00000000   task_led_toggle$tsk


GLOBAL SYMBOLS: SORTED BY Symbol Address 

address    name
--------   ----
00000000   .data
00000000   BUF$
00000000   CLK_COUNTSPMSHIGH
00000000   CLK_PRDHIGH
00000000   CLK_TDDR
00000000   CLK_TDDRHIGH
00000000   CLK_TIMERNUM
00000000   DEV$
00000000   DGN$
00000000   DHL$
00000000   DHL_gChannelsAvailable
00000000   DIO$
00000000   DIO_NUMSWIBASE
00000000   DIO_NUMTSKBASE
00000000   DIO_STATIC
00000000   DPI$
00000000   GBL_BIGENDIAN
00000000   GBL_C641XL2PRIORITY
00000000   GBL_CACHE
00000000   GBL_L2CONFIGALLOC
00000000   GBL_L2MARMASK1
00000000   GBL_L2MARMASK2
00000000   GBL_L2MARMASK3
00000000   GBL_L2MARMASK4
00000000   GBL_L2MARMASK5
00000000   GBL_L2MODE
00000000   GBL_L2PRIORITY
00000000   GBL_NULL
00000000   GBL_PROCID
00000000   GBL_ROM
00000000   GBL_SUPPORTCSL
00000000   GIO$
00000000   HOOK$
00000000   HOOK_KNLID
00000000   HST_DSM
00000000   HST_NONE
00000000   HWI_A_VECS
00000000   HWI_GENERATE_RESET_VEC
00000000   HWI_INT10$hwi
00000000   HWI_INT11$hwi
00000000   HWI_INT12$hwi
00000000   HWI_INT13$hwi
00000000   HWI_INT14$hwi
00000000   HWI_INT15$hwi
00000000   HWI_INT4$hwi
00000000   HWI_INT5$hwi
00000000   HWI_INT6$hwi
00000000   HWI_INT7$hwi
00000000   HWI_INT8$hwi
00000000   HWI_INT9$hwi
00000000   HWI_NMI$hwi
00000000   HWI_POLARITYMASK
00000000   HWI_RESERVED0$hwi
00000000   HWI_RESERVED1$hwi
00000000   HWI_RESET
00000000   HWI_RESET$hwi
00000000   IDL_busyObj$iB
00000000   IDL_busyObj$operation
00000000   KNL_swi$pri
00000000   KNL_swi$sts$unittype
00000000   KNL_swi$swi
00000000   LOG_system$datatype
00000000   LOG_system$log
00000000   MBX$
00000000   MEM_MALLOCSEG
00000000   MEM_NULL
00000000   MEM_SEGZERO
00000000   MEM_USEMPC
00000000   MEM_gNumHeap
00000000   MSGQ$
00000000   MSGQ_USEMSGQ
00000000   OBJ$
00000000   PIP$
00000000   PIP_gNextId
00000000   POOL$
00000000   POOL_USEPOOL
00000000   PRD0$mode
00000000   PRD0$prd
00000000   PRD0$sts$filter
00000000   PRD_swi$sts$unittype
00000000   PRD_swi$swi
00000000   RTA_fromHost$hst
00000000   RTA_fromHost$mode
00000000   RTA_toHost$hst
00000000   RTA_toHost$id
00000000   RTDX_MODE
00000000   RTDX_USERTEXECUTION
00000000   SIO$
00000000   SWI_EHOOKFXN
00000000   SWI_IHOOKFXN
00000000   SWI_process$sts$unittype
00000000   SWI_process$swi
00000000   TSK_NUM_HOOKS
00000000   TSK_READYFXN
00000000   TSK_STACKSEG
00000000   TSK_SWITCHFXN
00000000   TSK_idle$ord
00000000   TSK_idle$pri
00000000   TSK_idle$sts$unittype
00000000   TSK_idle$tsk
00000000   UDEV$
00000000   _CLK_TDDR
00000000   _CLK_TIMERNUM
00000000   _GBL_CACHE
00000000   _HWI_RESET
00000000   _MEM_memtab
00000000   _RTDX_interrupt_mask
00000000   ___data__
00000000   ___edata__
00000000   edata
00000000   hwi0
00000000   task_led_toggle$sts$unittype
00000000   task_led_toggle$tsk
00000001   BUF_ENABLED
00000001   CLK$
00000001   CLK_CALDIV
00000001   CLK_HTIMEDIV
00000001   CLK_LTIMEDIV
00000001   CLK_USETIMER
00000001   GBL$
00000001   GBL_CALLCSLCFGINIT
00000001   GBL_ENABLEINST
00000001   GBL_L2CONFIGURE
00000001   GBL_L2MARMASK
00000001   GBL_USERINIT
00000001   GBL_boot
00000001   HST$
00000001   HST_RTDX
00000001   HWI$
00000001   HWI_NMI
00000001   HWI_ZEROTAB
00000001   IDL$
00000001   IDL_USECLKIDLTIME
00000001   IDL_busyObj$filter
00000001   IDL_busyObj$iA
00000001   IDL_busyObj$iC
00000001   ISRC$
00000001   KNL_swi$dorta
00000001   KNL_swi$sts$filtmaxmult
00000001   KNL_swi$sts$filtsummult
00000001   LCK$
00000001   LOG$
00000001   LOG_A_TABLEN
00000001   LOG_ENABLED
00000001   MEM$
00000001   PRD$
00000001   PRD0$ord
00000001   PRD_A_TABLEN
00000001   PRD_swi$dorta
00000001   PRD_swi$ord
00000001   PRD_swi$pri
00000001   PRD_swi$sts$filtmaxmult
00000001   PRD_swi$sts$filtsummult
00000001   QUE$
00000001   RTA_fromHost$id
00000001   RTA_toHost$mode
00000001   RTDX$
00000001   RTDX_NORMALIZED_HDR
00000001   RTDX_USERTDX
00000001   SEM$
00000001   STS$
00000001   SWI$
00000001   SWI_process$dorta
00000001   SWI_process$pri
00000001   SWI_process$sts$filtmaxmult
00000001   SWI_process$sts$filtsummult
00000001   SYS$
00000001   TSK$
00000001   TSK_PRIORITY
00000001   TSK_idle$sts$filtmaxmult
00000001   TSK_idle$sts$filtsummult
00000001   _CLK_USETIMER
00000001   _HWI_NMI
00000001   _LOG_A_TABLEN
00000001   task_led_toggle$ord
00000001   task_led_toggle$sts$filtmaxmult
00000001   task_led_toggle$sts$filtsummult
00000002   HWI_RESERVED0
00000002   IDL_busyObj$unittype
00000002   KNL_swi$ord
00000002   KNL_swi$sts$filter
00000002   PIP_A_TABLEN
00000002   PIP_gNumEmbed
00000002   PRD0$sts$unittype
00000002   PRD_swi$sts$filter
00000002   SWI_process$sts$filter
00000002   TSK_idle$sts$filter
00000002   _HWI_RESERVED0
00000002   _RTDX_JTAGONLY
00000002   task_led_toggle$sts$filter
00000003   HWI_RESERVED1
00000003   SWI_A_TABLEN
00000003   _HWI_RESERVED1
00000004   CLK_CALMULT
00000004   CLK_HTIMEMULT
00000004   HWI_INT4
00000004   RTA_fromHost$framesize
00000004   SWI_process$ord
00000004   _HWI_INT4
00000004   task_led_toggle$pri
00000005   HWI_INT5
00000005   _HWI_INT5
00000006   HWI_INT6
00000006   IDL_CALIBRERROR
00000006   _HWI_INT6
00000007   HWI_INT7
00000007   _HWI_INT7
00000008   HWI_INT8
00000008   PRD_SCALAR
00000008   _HWI_INT8
00000009   HWI_INT9
00000009   _HWI_INT9
0000000a   HWI_INT10
0000000a   _HWI_INT10
0000000b   HWI_INT11
0000000b   _HWI_INT11
0000000c   HWI_INT12
0000000c   _HWI_INT12
0000000d   HWI_INT13
0000000d   _HWI_INT13
0000000e   HWI_INT14
0000000e   _HWI_INT14
0000000f   HWI_INT15
0000000f   _HWI_INT15
00000020   CLK_TCR
00000020   hwi1
0000003e   GBL_DSPTYPE
00000040   HST_MAXFRAMESET
00000040   LOG_system$size
00000040   RTA_toHost$framesize
00000040   hwi2
00000042   GBL_FOOTPRINT
00000060   hwi3
00000064   PIP_OBJSIZE
00000080   hwi4
000000a0   hwi5
000000c0   hwi6
000000e0   hwi7
000000ff   HST_MAXFRAMEALLOWED
00000100   hwi8
00000120   hwi9
00000140   hwi10
00000160   hwi11
00000180   hwi12
000001a0   hwi13
000001c0   hwi14
000001e0   hwi15
00000200   .text
00000200   ___text__
00000200   _tw_genr2fft
00000360   _tsk_led_toggle
000003b0   _cross_correlation_time
000003e8   CLK_MICROSECS
000003e8   PRD0$period
00000400   HST_DSMMEMSIZE
00000400   TSK_STACKSIZE
00000400   __STACK_SIZE
00000408   RTDX_BUFMEMSIZE
00000640   _process_SWI
000006f0   _frequency_sweep_init
00000a00   _config_EDMA
00000ec0   _config_interrupts
00000f1c   _main
000010c0   _bit_rev
00001218   _cross_correlation_frequency
00001548   _convert_step_distance
00001568   _SWI_LEDToggle
00001578   _EDMA_interrupt_service
00001720   __divd
00001770   GBL_CLKTYPE
00001a39   GBL_DSPSUBTYPE
00001e40   _DSPF_sp_icfftr2_dif
00002226   GBL_L2ALLOC
00002480   _DSPF_sp_cfftr2_dit
000029ac   _DSK6713_init
00002cc8   _DSK6713_rget
00002cdc   _DSK6713_rset
00002cf0   _DSK6713_wait
00002d48   _DSK6713_waitusec
00002d74   _DSK6713_getVersion
00002de0   _cos
00003120   __divf
00003420   _sin
00003700   _EDMA_open
000039e0   _Config_DSK6713_AIC23
00003be0   _atan
00003e20   _memcpy
00004000   CLK_INTBIT
00004060   __CSL_init
00004108   HWI_CFGDISPATCHED
00004108   _HWI_CFGDISPATCHED
00004280   _DSK6713_LED_init
000042c0   _DSK6713_LED_off
00004330   _DSK6713_LED_on
000043a0   _DSK6713_LED_toggle
00004460   _IRQ_map
000047e0   _MCBSP_reset
00004980   _wait500nS
000049a8   GBL_USERINITFXN
000049a8   _GBL_setPLLto225MHz
00004b00   _call_dtors
00004c60   _EDMA_reset
00004da0   _TIMER_open
00004e20   GBL_CLKIN
00004ee0   __frcmpyd_div
00005020   _sqrt
00005160   _TIMER_reset
00005205   GBL_A_VERSION
00005280   _EDMA_intAlloc
00005380   _MCBSP_open
00005480   _MCBSP_start
00005580   __nround
00005660   __strasg
00005740   _atexit
00005820   _modf
000059c0   __IRQ_init
00005a60   __mpyll
00005ba0   _EDMA_disableChannel
00005c00   _EDMA_enableChannel
00005c60   __llshru
00005cc0   ___add_dtor
00005d00   __trunc
00005d40   _CSL6713_LIB_
00005d60   __nop
00005d80   __register_lock
00005da0   __register_unlock
00005dc0   __IRQ_hookFetchPacket
00005de0   LNK_F_checkBufferCall
00005de0   ___etext__
00005de0   etext
00005e00   LNK_F_getChanPtr
00005e58   LNK_F_init
00005e60   LNK_F_dataPump
00005e74   LNK_rcloop
00005f40   LNK_rdrtry
00005f50   LNK_rrloop
00006014   LNK_wrrtry
00006024   LNK_wrloop
00006100   LNK_newin
00006240   LNK_newout
000063a4   LNK_F_readCallBack
00006814   __GBL_setL2CacheMode
000069c0   SWI_F_enable
000069c0   __SWI_lat3beg
00006a2c   __SWI_lat3end
00006a30   SWI_F_post
00006a30   _SWI_post
00006b6c   __SWI_lat1beg
00006bdc   SWI_EXECFXN
00006bdc   SWI_F_exec
00006c08   SWI_F_iexec
00006c20   __SWI_lat1end
00006c24   __SWI_lat2beg
00006c94   __SWI_lat2end
00006c98   SWI_F_run
00006c98   SWI_RUNFXN
00006f00   CLK_HOOKFXN
00006f00   HWI_F_dispatch
00006f00   _HWI_F_dispatch
00006f00   __HWI_lat1beg
00007080   __HWI_lat1end
00007080   __HWI_lat2beg
000071ac   __HWI_lat2end2
000071dc   __HWI_lat3end2
00007220   __HWI_lat2end1
00007240   __HWI_lat3beg
00007340   __HWI_lat3end1
00007360   PRD_F_swi
00007620   PRD_F_tick
00007700   _KNL_run
000079c0   RTA_F_getlog
00007a04   RTA_F_getsts
00007a4c   RTA_F_readblk
00007a6c   RTA_F_writeword
00007a78   RTA_F_resetmem
00007a78   __RTA_lat1beg
00007ab0   __RTA_lat1end
00007ab8   RTA_F_dispatch
00007b08   RTA_execute
00007c80   _SEM_pendEnterKnl
00008180   PRD_THOOKFXN
00008180   _KNL_tick
000081a0   PIP_F_take
00008234   PIP_F_give
00008234   PIP_F_probe
00008308   PIP_F_start
000083e0   __SEM_dopost
00008600   _TSK_setup
00008800   _KNL_saveIsrFrame
000088cc   _KNL_switch
00008980   KNL_glue
000089c0   CLK_F_getltime
000089d4   CLK_F_isr
00008b34   CLK_F_itime
00008b34   _CLK_F_itime
00008b34   _CLK_itime
00008b50   __CLK_lat1beg
00008b7c   __CLK_lat1end
00008b80   _TSK_exit
00008d20   __auto_init
00008f60   _TSK_startup
00009020   _KNL_check
00009070   __KNL_lat1beg
000090f8   _KNL_idle
000090f8   __KNL_lat1end
0000911c   _KNL_max
00009160   _GBL_cslCacheInit
00009240   _KNL_exit
00009294   _KNL_enter
00009320   _SEM_postEnterKnl
00009400   _SEM_post
00009400   _SEM_postBinary
000094e0   _CLK_measure
000095c0   _KNL_ipost
00009680   _KNL_post
00009740   _LCK_post
00009770   _LCK_pend
00009800   _SYS_exit
000098c0   CLK_F_getfhtime
000098e0   CLK_F_gethtime
000098e0   CLK_F_getshtime
000098e0   CLK_TIMEFXN
00009980   FXN_F_nop
00009988   FXN_F_run
00009988   _FXN_F_run
000099d8   FXN_F_zero
000099d8   _FXN_F_zero
00009a00   IDL_F_busy
00009a00   __IDL_lat1beg
00009a50   __IDL_lat1end
00009a80   LOG_F_event
00009a80   _LOG_event
00009a80   __LOG_lat1beg
00009b00   STS_F_delta
00009b00   _STS_delta
00009b38   STS_F_add
00009b38   _STS_add
00009b64   STS_F_reset
00009b64   _STS_reset
00009b80   IDL_F_calibrate
00009c00   _HWI_disable
00009c18   _HWI_enable
00009c2c   _HWI_restore
00009c60   _SEM_pendBinary
00009cc0   _SEM_pend
00009d20   _SYS_abort
00009d80   SYS_PUTCFXN
00009d80   _UTL_doPutc
00009de0   _CLK_start
00009e40   IDL_CALIBRFXN
00009e40   IDL_F_stub
00009e80   RTA_F_andn
00009ea0   RTA_F_or
00009ec0   SYS_ABORTFXN
00009ec0   _UTL_doAbort
00009f00   _CLK_stop
00009f40   GIO_CREATEFXN
00009f40   GIO_DELETEFXN
00009f40   GIO_PENDFXN
00009f40   GIO_POSTFXN
00009f40   TSK_VCREATEFXN
00009f40   TSK_VDELETEFXN
00009f40   TSK_VEXITFXN
00009f40   _FXN_F_nop
00009f60   _GBL_getVersion
00009f80   IDL_F_loop
00009f80   _IDL_loop
00009fa0   _STS_set
00009fc0   SYS_ERRORFXN
00009fc0   _UTL_doError
00009fe0   SYS_EXITFXN
00009fe0   _UTL_halt
0000a000   ___cinit__
0000a000   cinit
0000b480   task_led_toggle$stack
0000c418   task_led_toggle$stkptr
0000c480   _RTDX_Poll
0000c880   _RTDX_Buffer_WriteCB
0000cec0   _RTDX_Mon_Queue
0000d0e0   _RTDX_Init_RT_Monitor
0000d160   _RTDX_Buffer_Initialize
0000d1c0   _RTDX_Buffer_ReadCB
0000d220   _RTDX_Buffer_Size
0000d260   _RTDX_Final_RT_Monitor
0000d2a0   _RTDX_Buffer_Read
0000d2c0   _RTDX_Buffer_Write
0000d300   _RTDX_Mask_IER
0000d320   ___atexit_func_id__
0000d4d0   __IRQ_eventTable
0000d554   __IRQ_intTable
0000d594   __IRQ_dispatchTable
0000d59c   _KNL_queues
0000d63c   _KNL_dummy
0000d674   _errno
0000d6d8   _TSK_ATTRS
0000d6f4   _TSK_config
0000d714   _TSK_timerSem
0000d734   _OBJ_table
0000d76c   _OBJ_segtab
0000d79c   _tccAllocTable
0000d7dc   __TSK_mutex
0000d804   __MEM_mutex
0000d82c   _datainterface_config
0000d84c   _configEDMARcv
0000d864   _configEDMAXmt
0000d87c   _dtors
0000d930   __MCBSP_hDev0
0000d934   __MCBSP_hDev1
0000d994   __TIMER_deviceTable
0000d9ac   __TIMER_hDev0
0000d9b0   __TIMER_hDev1
0000d9b4   __TIMER_hBios
0000d9b8   _SYS_exitStack
0000d9f4   __cleanup_ptr
0000d9f8   __dtors_ptr
0000d9fc   ___TI_enable_exit_profile_output
0000da00   __lock
0000da04   __unlock
0000da08   _DSK6713_version
0000da0c   _RTDX_Buffer
0000dbba   CLK_COUNTSPMS
0000dbba   CLK_HTIMEPERLTIME
0000dbba   CLK_PRD
0000dbba   _CLK_COUNTSPMS
0000dbba   _CLK_PRD
0000dbef   GBL_TRCMASKVALUE
0000de14   _RTDX_Buffer_Start
0000de18   _RTDX_Buffer_End
0000de1c   _rtdx_buffer_state
0000de28   _RTDX_writing
0000de3c   _rtdx_mon_state
0000de58   CLK_A_TABBEG
0000de58   PRD_clock
0000de58   _PRD_clock
0000de5c   CLK_null
0000de60   BIOS_init
0000de60   _BIOS_init
0000dfc4   BIOS$$CLKON
0000e004   BIOS$$CLKOFF
0000e06c   BIOS_start
0000e06c   _BIOS_start
0000e120   _c_int00
0000e1e0   _TSK_init
0000e260   _OBJ_init
0000e280   TSK_idle$stack
0000e618   TSK_idle$stkptr
0000e680   GBL_stackbeg
0000e680   _HWI_STKTOP
0000e680   __stack
0000ea78   _HWI_STKBOTTOM
0000ea7f   GBL_stackend
0000ea80   $bss
0000ea80   .bss
0000ea80   _HWI_dispatchTab
0000ea80   __STACK_END
0000ea80   ___bss__
0000eb80   IDL_D_tabbeg
0000eb84   IDL_D_calibrate
0000eb88   IDL_D_calbeg
0000eb8c   LOG_D_system
0000eb8c   _LOG_D_system
0000eb90   PIP_D_tabbeg
0000eb94   PIP_D_tablen
0000eb98   CLK_R_time
0000eb9c   CLK_D_timefxn
0000eba0   CLK_D_tabbeg
0000eba4   CLK_D_isrhook
0000eba8   CLK_D_idletime
0000ebac   _CLK_htimeDiv
0000ebb0   _CLK_htimeMult
0000ebb4   _CLK_ltimeDiv
0000ebb8   _CLK_ltimeMult
0000ebbc   _CLK_D_dirty
0000ebc0   _CLK_D_prd
0000ebc4   _CLK_D_tddr
0000ebc8   _CLK_D_countspms
0000ebcc   PRD_D_tick
0000ebcc   _PRD_D_tick
0000ebd0   PRD_D_cur
0000ebd4   PRD_D_elapsed
0000ebd8   PRD_D_prevtim
0000ebdc   PRD_D_scalar
0000ebe0   PRD_D_swihandle
0000ebe4   PRD_D_tabbeg
0000ebe8   PRD_D_tablen
0000ebec   PRD_D_thook
0000ebf0   RTA_D_fromHost
0000ebf4   RTA_D_toHost
0000ebf8   RTA_D_logval
0000ec08   RTA_D_stsval
0000ec14   HST_D_chanmask
0000ec18   HST_D_tabbeg
0000ec1c   HST_D_tabend
0000ec20   _GBL_procId
0000ec24   _GBL_clkIn
0000ec28   _GBL_freq
0000ec2c   _MEM_D_NUMSEGMENTS
0000ec30   _MEM_D_memtab
0000ec34   _MEM_D_freelist
0000ec38   _MEM_D_lockaddr
0000ec3c   _MEM_D_unlockaddr
0000ec40   _SYS
0000ec44   __HOOK_knlId
0000ec48   __HOOK_NUMHOOKS
0000ec4c   SWI_D_runaddr
0000ec4c   _SWI_D_runaddr
0000ec4c   _SWI_data
0000ec50   SWI_D_execaddr
0000ec50   _SWI_D_execaddr
0000ec54   SWI_D_curmask
0000ec54   _SWI_D_curmask
0000ec58   SWI_D_curset
0000ec58   _SWI_D_curset
0000ec5c   SWI_D_lock
0000ec5c   _SWI_D_lock
0000ec60   SWI_D_curmbox
0000ec64   SWI_D_curfxn
0000ec64   _SWI_D_curfxn
0000ec68   SWI_D_rdybeg
0000ec68   _SWI_D_rdybeg
0000ec6c   SWI_D_inswi
0000ec6c   _SWI_D_inswi
0000ec70   SWI_D_rdytab
0000ece8   _KNL_wFlag
0000ecec   _KNL_wList
0000ecf0   _KNL_alarm
0000ecf4   _KNL_setpri
0000ecf8   _KNL_inactive
0000ecfc   _KNL_priority
0000ed00   _KNL_set
0000ed04   _KNL_curtask
0000ed08   _KNL_prevtask
0000ed0c   _KNL_curtime
0000ed10   _KNL_swiptr
0000ed14   _KNL_curqueue
0000ed18   _KNL_maxqueue
0000ed1c   _KNL_tswitchfxn
0000ed20   _KNL_tcreatefxn
0000ed24   _KNL_tdeletefxn
0000ed28   _KNL_treadyfxn
0000ed2c   _KNL_idlefxn
0000ed30   _tccRcv
0000ed34   _tccXmt
0000ed38   _hEdmaRcv
0000ed3c   _hEdmaXmt
0000ed40   _hMcbsp
0000ed4c   HWI_D_spsave
0000ed4c   _HWI_D_spsave
0000ed4c   _HWI_data
0000ed58   _HWI_D_inhwi
0000ed5c   HWI_D_bss
0000ed60   HWI_D_ccmask
0000ed64   LNK_dspFrameRequestMask
0000ed64   _LNK_dspFrameRequestMask
0000ed68   LNK_dspFrameReadyMask
0000ed68   _LNK_dspFrameReadyMask
0000ed6c   LNK_readPend
0000ed6c   _LNK_readPend
0000ed70   LNK_readDone
0000ed70   _LNK_readDone
0000ed74   LNK_readFail
0000ed74   _LNK_readFail
0000ed78   LNK_writeFail
0000ed78   _LNK_writeFail
0000ed7c   RTA_fromHost$pipe$dtab
0000ed88   RTA_toHost$pipe$dtab
0000ed9c   _rtdxNullChanCnt
0000eda0   _rtdxNullFuncCnt
0000eda4   _TSK_nTasks
0000eda8   _TSK_pid
0000edac   _TSK
0000edb0   _CLK_DFLTMICROSECS
0000edb4   _CLK_D_microseconds
0000edb8   _SYS_exitStackPtr
0000edbc   _SYS_exitStackTop
0000edc0   _CLK_htimePerLtime
0000edc8   IDL_D_busyObj
0000edcc   _SYS_PUTCBEG
0000edcc   ___end__
0000edcc   end
0000efcb   _SYS_PUTCEND
0000efd8   SEM_LEDToggle
0000efd8   _SEM_LEDToggle
0000f000   LOG_system$buf
0000f100   RTA_toHost$buf
0000f200   PIP_A_TABBEG
0000f200   RTA_fromHost$pipe
0000f200   _PIP_A_TABBEG
0000f204   RTA_fromHost$pipe$rd
0000f230   RTA_fromHost$pipe$aaa
0000f234   RTA_fromHost$pipe$wr
0000f260   RTA_fromHost$pipe$bbb
0000f264   RTA_toHost$pipe
0000f268   RTA_toHost$pipe$rd
0000f294   RTA_toHost$pipe$aaa
0000f298   RTA_toHost$pipe$wr
0000f2c4   RTA_toHost$pipe$bbb
0000f2c8   PIP_A_TABEND
0000f2c8   _PIP_A_TABEND
0000f2d4   TSK_idle
0000f2d4   _TSK_idle
0000f334   _task_led_toggle
0000f334   task_led_toggle
0000f43d   PRD0$sts$maxfmt
0000f440   PRD_SWIHANDLE
0000f440   PRD_swi
0000f440   SWI_A_TABBEG
0000f440   _PRD_swi
0000f446   PRD0$sts$sumfmt
0000f44f   PRD0$sts$avgfmt
0000f45a   PRD_swi$sts$maxfmt
0000f462   PRD_swi$sts$sumfmt
0000f46a   PRD_swi$sts$avgfmt
0000f46c   KNL_swi
0000f46c   _KNL_swi
0000f474   KNL_swi$sts$maxfmt
0000f47c   KNL_swi$sts$sumfmt
0000f484   KNL_swi$sts$avgfmt
0000f48e   SWI_process$sts$maxfmt
0000f496   SWI_process$sts$sumfmt
0000f498   SWI_process
0000f498   _SWI_process
0000f49e   SWI_process$sts$avgfmt
0000f4a8   TSK_idle$sts$maxfmt
0000f4b0   TSK_idle$sts$sumfmt
0000f4b8   TSK_idle$sts$avgfmt
0000f4c2   task_led_toggle$sts$maxfmt
0000f4c4   PRD0$sts$stsobj
0000f4c4   STS_A_TABBEG
0000f4c4   SWI_A_TABEND
0000f4c4   _STS_A_TABBEG
0000f4c8   PRD0$sts
0000f4ca   task_led_toggle$sts$sumfmt
0000f4d2   task_led_toggle$sts$avgfmt
0000f4d4   PRD_swi$sts$stsobj
0000f4d8   PRD_swi$sts
0000f4dc   IDL_busyObj$maxfmt
0000f4df   IDL_busyObj$sumfmt
0000f4e2   IDL_busyObj$avgfmt
0000f4e4   KNL_swi$sts$stsobj
0000f4e8   KNL_swi$sts
0000f4f4   SWI_process$sts$stsobj
0000f4f8   SWI_process$sts
0000f504   TSK_idle$sts$stsobj
0000f508   TSK_idle$sts
0000f514   task_led_toggle$sts$stsobj
0000f518   task_led_toggle$sts
0000f524   IDL_busyObj$stsobj
0000f528   IDL_busyObj
0000f528   _IDL_busyObj
0000f534   STS_A_TABEND
0000f534   _STS_A_TABEND
0000f580   HST_A_TABBEG
0000f580   _HST_A_TABBEG
0000f584   RTA_fromHost
0000f584   _RTA_fromHost
0000f58c   RTA_fromHost$rtdx
0000f5a0   RTA_toHost
0000f5a0   _RTA_toHost
0000f5a8   RTA_toHost$rtdx
0000f5bc   HST_A_TABEND
0000f5bc   _HST_A_TABEND
0000f5e4   PRD0
0000f5e4   PRD_A_TABBEG
0000f5e4   _PRD0
0000f600   PRD0$aaa
0000f604   LOG_A_TABBEG
0000f604   LOG_system
0000f604   PRD_A_TABEND
0000f604   _LOG_A_TABBEG
0000f604   _LOG_system
0000f61c   LOG_A_TABEND
0000f61c   RTA_fromHost$buf
0000f61c   _LOG_A_TABEND
0000f62c   IDL_A_TABBEG
0000f62c   IDL_cpuLoad
0000f62c   _IDL_cpuLoad
0000f630   LNK_dataPump
0000f630   _LNK_dataPump
0000f634   RTA_dispatcher
0000f634   _RTA_dispatcher
0000f638   IDL_END
0000f63c   IDL_A_CALBEG
0000f63c   IDL_cpuLoad$
0000f640   LNK_dataPump$
0000f644   RTA_dispatcher$
0000f648   IDL_END$
0000f64c   SYS$config
0000f65c   ___pinit__
0000f65c   pinit
0000f668   TRC_cinit
0000f66c   TRC_R_mask
0000f66c   _TRC_R_mask
0000f670   GBL_initdone
00023e00   _Buffer_in
00025fc0   _Buffer_out
00036ee8   CLK_LTIMEMULT
00036ee8   GBL_FREQ
01940000   CLK_REGS
01940000   _CLK_REGS
082039a3   HWI_INTRMULTHIGH
310718a4   HWI_INTRMULTLOW
80400000   _sweep_time
804021c0   _sweep_freq
804121c0   _fft_coeff
8041a1c0   _response_freq
8042a1c0   _cross_corr_freq
ffffffff   Buffers
ffffffff   HST_DSMBUFSEG
ffffffff   IRAM
ffffffff   RTDX_DATAMEMSEG
ffffffff   SDRAM
ffffffff   _Buffers
ffffffff   _IRAM
ffffffff   _SDRAM
ffffffff   ___TI_pprof_out_hndl
ffffffff   ___TI_prof_data_size
ffffffff   ___TI_prof_data_start
ffffffff   ___binit__
ffffffff   ___c_args__
ffffffff   _process_mem
ffffffff   binit
ffffffff   process_mem

[823 symbols]
