<?xml version="1.0"?>
<link_info>
   <banner>TMS320C6x Linker PC v7.4.8</banner>
   <copyright>Copyright (c) 1996-2014 Texas Instruments Incorporated</copyright>
   <link_time>0x5f67674c</link_time>
   <output_file>Sonar.out</output_file>
   <entry_point>
      <name>_c_int00</name>
      <address>0xd8e0</address>
   </entry_point>
   <input_file_list>
      <input_file id="fl-b">
         <path>.\</path>
         <kind>object</kind>
         <file>config_AIC23.obj</file>
         <name>config_AIC23.obj</name>
      </input_file>
      <input_file id="fl-c">
         <path>.\</path>
         <kind>object</kind>
         <file>sonar.obj</file>
         <name>sonar.obj</name>
      </input_file>
      <input_file id="fl-d">
         <path>.\</path>
         <kind>object</kind>
         <file>sonarcfg.obj</file>
         <name>sonarcfg.obj</name>
      </input_file>
      <input_file id="fl-e">
         <path>.\</path>
         <kind>object</kind>
         <file>sonarcfg_c.obj</file>
         <name>sonarcfg_c.obj</name>
      </input_file>
      <input_file id="fl-8d">
         <path>c:\ti\bios_5_42_01_09\packages\ti\bios\lib\</path>
         <kind>archive</kind>
         <file>biosC6000.a67</file>
         <name>clk_htime.o67</name>
      </input_file>
      <input_file id="fl-8e">
         <path>c:\ti\bios_5_42_01_09\packages\ti\bios\lib\</path>
         <kind>archive</kind>
         <file>bios.a67</file>
         <name>biosdata.o67</name>
      </input_file>
      <input_file id="fl-8f">
         <path>c:\ti\bios_5_42_01_09\packages\ti\bios\lib\</path>
         <kind>archive</kind>
         <file>bios.a67</file>
         <name>hwi_disp_asm.o67</name>
      </input_file>
      <input_file id="fl-90">
         <path>c:\ti\bios_5_42_01_09\packages\ti\bios\lib\</path>
         <kind>archive</kind>
         <file>bios.a67</file>
         <name>idl_stub.o67</name>
      </input_file>
      <input_file id="fl-91">
         <path>c:\ti\bios_5_42_01_09\packages\ti\bios\lib\</path>
         <kind>archive</kind>
         <file>lnkrtdx.a67</file>
         <name>rtdx.o67</name>
      </input_file>
      <input_file id="fl-92">
         <path>c:\ti\bios_5_42_01_09\packages\ti\bios\lib\</path>
         <kind>archive</kind>
         <file>bios.a67</file>
         <name>swi.o67</name>
      </input_file>
      <input_file id="fl-93">
         <path>c:\ti\bios_5_42_01_09\packages\ti\bios\lib\</path>
         <kind>archive</kind>
         <file>bios.a67</file>
         <name>fxn_c.o67</name>
      </input_file>
      <input_file id="fl-94">
         <path>c:\ti\bios_5_42_01_09\packages\ti\bios\lib\</path>
         <kind>archive</kind>
         <file>bios.a67</file>
         <name>gbl_cslpllinit62.o67</name>
      </input_file>
      <input_file id="fl-95">
         <path>c:\ti\bios_5_42_01_09\packages\ti\bios\lib\</path>
         <kind>archive</kind>
         <file>bios.a67</file>
         <name>knl_tick.o67</name>
      </input_file>
      <input_file id="fl-96">
         <path>c:\ti\bios_5_42_01_09\packages\ti\bios\lib\</path>
         <kind>archive</kind>
         <file>bios.a67</file>
         <name>utl_doab.o67</name>
      </input_file>
      <input_file id="fl-97">
         <path>c:\ti\bios_5_42_01_09\packages\ti\bios\lib\</path>
         <kind>archive</kind>
         <file>bios.a67</file>
         <name>utl_doer.o67</name>
      </input_file>
      <input_file id="fl-98">
         <path>c:\ti\bios_5_42_01_09\packages\ti\bios\lib\</path>
         <kind>archive</kind>
         <file>bios.a67</file>
         <name>utl_putc.o67</name>
      </input_file>
      <input_file id="fl-99">
         <path>c:\ti\bios_5_42_01_09\packages\ti\bios\lib\</path>
         <kind>archive</kind>
         <file>bios.a67</file>
         <name>utl_halt.o67</name>
      </input_file>
      <input_file id="fl-9a">
         <path>c:\ti\bios_5_42_01_09\packages\ti\bios\lib\</path>
         <kind>archive</kind>
         <file>biosC6000.a67</file>
         <name>clk.o67</name>
      </input_file>
      <input_file id="fl-9b">
         <path>c:\ti\bios_5_42_01_09\packages\ti\bios\lib\</path>
         <kind>archive</kind>
         <file>bios.a67</file>
         <name>fxn.o67</name>
      </input_file>
      <input_file id="fl-9c">
         <path>c:\ti\bios_5_42_01_09\packages\ti\bios\lib\</path>
         <kind>archive</kind>
         <file>bios.a67</file>
         <name>boot.o67</name>
      </input_file>
      <input_file id="fl-9d">
         <path>c:\ti\bios_5_42_01_09\packages\ti\bios\lib\</path>
         <kind>archive</kind>
         <file>bios.a67</file>
         <name>trc.o67</name>
      </input_file>
      <input_file id="fl-9e">
         <path>c:\ti\bios_5_42_01_09\packages\ti\bios\lib\</path>
         <kind>archive</kind>
         <file>bios.a67</file>
         <name>hwi.o67</name>
      </input_file>
      <input_file id="fl-9f">
         <path>c:\ti\bios_5_42_01_09\packages\ti\bios\lib\</path>
         <kind>archive</kind>
         <file>bios.a67</file>
         <name>idl_busy.o67</name>
      </input_file>
      <input_file id="fl-a0">
         <path>c:\ti\bios_5_42_01_09\packages\ti\bios\lib\</path>
         <kind>archive</kind>
         <file>biosC6000.a67</file>
         <name>idl_cal.o67</name>
      </input_file>
      <input_file id="fl-a1">
         <path>c:\ti\bios_5_42_01_09\packages\ti\bios\lib\</path>
         <kind>archive</kind>
         <file>bios.a67</file>
         <name>idl.o67</name>
      </input_file>
      <input_file id="fl-a2">
         <path>c:\ti\bios_5_42_01_09\packages\ti\bios\lib\</path>
         <kind>archive</kind>
         <file>bios.a67</file>
         <name>knl_swit.o67</name>
      </input_file>
      <input_file id="fl-a3">
         <path>c:\ti\bios_5_42_01_09\packages\ti\bios\lib\</path>
         <kind>archive</kind>
         <file>bios.a67</file>
         <name>log.o67</name>
      </input_file>
      <input_file id="fl-a4">
         <path>c:\ti\bios_5_42_01_09\packages\ti\bios\lib\</path>
         <kind>archive</kind>
         <file>bios.a67</file>
         <name>pip.o67</name>
      </input_file>
      <input_file id="fl-a5">
         <path>c:\ti\bios_5_42_01_09\packages\ti\bios\lib\</path>
         <kind>archive</kind>
         <file>bios.a67</file>
         <name>prd.o67</name>
      </input_file>
      <input_file id="fl-a6">
         <path>c:\ti\bios_5_42_01_09\packages\ti\bios\lib\</path>
         <kind>archive</kind>
         <file>bios.a67</file>
         <name>rta.o67</name>
      </input_file>
      <input_file id="fl-a7">
         <path>c:\ti\bios_5_42_01_09\packages\ti\bios\lib\</path>
         <kind>archive</kind>
         <file>bios.a67</file>
         <name>rta_andn.o67</name>
      </input_file>
      <input_file id="fl-a8">
         <path>c:\ti\bios_5_42_01_09\packages\ti\bios\lib\</path>
         <kind>archive</kind>
         <file>bios.a67</file>
         <name>sts.o67</name>
      </input_file>
      <input_file id="fl-a9">
         <path>c:\ti\bios_5_42_01_09\packages\ti\bios\lib\</path>
         <kind>archive</kind>
         <file>bios.a67</file>
         <name>clk_data.o67</name>
      </input_file>
      <input_file id="fl-aa">
         <path>c:\ti\bios_5_42_01_09\packages\ti\bios\lib\</path>
         <kind>archive</kind>
         <file>bios.a67</file>
         <name>clk_data2.o67</name>
      </input_file>
      <input_file id="fl-ab">
         <path>c:\ti\bios_5_42_01_09\packages\ti\bios\lib\</path>
         <kind>archive</kind>
         <file>biosC6000.a67</file>
         <name>clk_meas.o67</name>
      </input_file>
      <input_file id="fl-ac">
         <path>c:\ti\bios_5_42_01_09\packages\ti\bios\lib\</path>
         <kind>archive</kind>
         <file>biosC6000.a67</file>
         <name>clk_start.o67</name>
      </input_file>
      <input_file id="fl-ad">
         <path>c:\ti\bios_5_42_01_09\packages\ti\bios\lib\</path>
         <kind>archive</kind>
         <file>biosC6000.a67</file>
         <name>clk_stop.o67</name>
      </input_file>
      <input_file id="fl-ae">
         <path>c:\ti\C6xCSL\lib_3x\</path>
         <kind>archive</kind>
         <file>csl6713.lib</file>
         <name>csl.obj</name>
      </input_file>
      <input_file id="fl-af">
         <path>c:\ti\DSK6713\c6000\dsk6713\lib\</path>
         <kind>archive</kind>
         <file>dsk6713bsl.lib</file>
         <name>dsk6713_led.obj</name>
      </input_file>
      <input_file id="fl-b0">
         <path>c:\ti\DSK6713\c6000\dsk6713\lib\</path>
         <kind>archive</kind>
         <file>dsk6713bsl.lib</file>
         <name>dsk6713.obj</name>
      </input_file>
      <input_file id="fl-b1">
         <path>c:\ti\C6xCSL\lib_3x\</path>
         <kind>archive</kind>
         <file>csl6713.lib</file>
         <name>csl_edma.obj</name>
      </input_file>
      <input_file id="fl-b2">
         <path>c:\ti\bios_5_42_01_09\packages\ti\bios\lib\</path>
         <kind>archive</kind>
         <file>bios.a67</file>
         <name>gbl_cslcacheinit.o67</name>
      </input_file>
      <input_file id="fl-b3">
         <path>c:\ti\bios_5_42_01_09\packages\ti\bios\lib\</path>
         <kind>archive</kind>
         <file>bios.a67</file>
         <name>gbl_vers.o67</name>
      </input_file>
      <input_file id="fl-b4">
         <path>c:\ti\bios_5_42_01_09\packages\ti\bios\lib\</path>
         <kind>archive</kind>
         <file>bios.a67</file>
         <name>hwi_c.o67</name>
      </input_file>
      <input_file id="fl-b5">
         <path>c:\ti\C6xCSL\lib_3x\</path>
         <kind>archive</kind>
         <file>csl6713.lib</file>
         <name>csl_irq.obj</name>
      </input_file>
      <input_file id="fl-b6">
         <path>c:\ti\bios_5_42_01_09\packages\ti\bios\lib\</path>
         <kind>archive</kind>
         <file>bios.a67</file>
         <name>knl.o67</name>
      </input_file>
      <input_file id="fl-b7">
         <path>c:\ti\bios_5_42_01_09\packages\ti\bios\lib\</path>
         <kind>archive</kind>
         <file>bios.a67</file>
         <name>knl_exit.o67</name>
      </input_file>
      <input_file id="fl-b8">
         <path>c:\ti\bios_5_42_01_09\packages\ti\bios\lib\</path>
         <kind>archive</kind>
         <file>bios.a67</file>
         <name>knl_chec.o67</name>
      </input_file>
      <input_file id="fl-b9">
         <path>c:\ti\bios_5_42_01_09\packages\ti\bios\lib\</path>
         <kind>archive</kind>
         <file>bios.a67</file>
         <name>knl_post.o67</name>
      </input_file>
      <input_file id="fl-ba">
         <path>c:\ti\bios_5_42_01_09\packages\ti\bios\lib\</path>
         <kind>archive</kind>
         <file>bios.a67</file>
         <name>knl_ipos.o67</name>
      </input_file>
      <input_file id="fl-bb">
         <path>c:\ti\bios_5_42_01_09\packages\ti\bios\lib\</path>
         <kind>archive</kind>
         <file>bios.a67</file>
         <name>knl_run.o67</name>
      </input_file>
      <input_file id="fl-bc">
         <path>c:\ti\C6xCSL\lib_3x\</path>
         <kind>archive</kind>
         <file>csl6713.lib</file>
         <name>csl_mcbsp.obj</name>
      </input_file>
      <input_file id="fl-bd">
         <path>c:\ti\bios_5_42_01_09\packages\ti\bios\lib\</path>
         <kind>archive</kind>
         <file>bios.a67</file>
         <name>obj_init.o67</name>
      </input_file>
      <input_file id="fl-be">
         <path>c:\ti\bios_5_42_01_09\packages\ti\rtdx\lib\c6000\</path>
         <kind>archive</kind>
         <file>rtdx.lib</file>
         <name>buffer2.o62</name>
      </input_file>
      <input_file id="fl-bf">
         <path>c:\ti\bios_5_42_01_09\packages\ti\rtdx\lib\c6000\</path>
         <kind>archive</kind>
         <file>rtdx.lib</file>
         <name>buffer1.o62</name>
      </input_file>
      <input_file id="fl-c0">
         <path>c:\ti\bios_5_42_01_09\packages\ti\rtdx\lib\c6000\</path>
         <kind>archive</kind>
         <file>rtdx.lib</file>
         <name>intr_tgt.o62</name>
      </input_file>
      <input_file id="fl-c1">
         <path>c:\ti\bios_5_42_01_09\packages\ti\rtdx\lib\c6000\</path>
         <kind>archive</kind>
         <file>rtdx.lib</file>
         <name>rtdx_mon.o62</name>
      </input_file>
      <input_file id="fl-c2">
         <path>c:\ti\bios_5_42_01_09\packages\ti\bios\lib\</path>
         <kind>archive</kind>
         <file>bios.a67</file>
         <name>sem_pend_binary.o67</name>
      </input_file>
      <input_file id="fl-c3">
         <path>c:\ti\bios_5_42_01_09\packages\ti\bios\lib\</path>
         <kind>archive</kind>
         <file>bios.a67</file>
         <name>sem_pend.o67</name>
      </input_file>
      <input_file id="fl-c4">
         <path>c:\ti\bios_5_42_01_09\packages\ti\bios\lib\</path>
         <kind>archive</kind>
         <file>bios.a67</file>
         <name>sem_post_asm.o67</name>
      </input_file>
      <input_file id="fl-c5">
         <path>c:\ti\bios_5_42_01_09\packages\ti\bios\lib\</path>
         <kind>archive</kind>
         <file>bios.a67</file>
         <name>sem_post.o67</name>
      </input_file>
      <input_file id="fl-c6">
         <path>c:\ti\bios_5_42_01_09\packages\ti\bios\lib\</path>
         <kind>archive</kind>
         <file>bios.a67</file>
         <name>sts_set.o67</name>
      </input_file>
      <input_file id="fl-c7">
         <path>c:\ti\C6xCSL\lib_3x\</path>
         <kind>archive</kind>
         <file>csl6713.lib</file>
         <name>csl_timer.obj</name>
      </input_file>
      <input_file id="fl-c8">
         <path>c:\ti\bios_5_42_01_09\packages\ti\bios\lib\</path>
         <kind>archive</kind>
         <file>bios.a67</file>
         <name>tsk.o67</name>
      </input_file>
      <input_file id="fl-c9">
         <path>c:\ti\bios_5_42_01_09\packages\ti\bios\lib\</path>
         <kind>archive</kind>
         <file>bios.a67</file>
         <name>tsk_exit.o67</name>
      </input_file>
      <input_file id="fl-ca">
         <path>c:\ti\bios_5_42_01_09\packages\ti\bios\lib\</path>
         <kind>archive</kind>
         <file>bios.a67</file>
         <name>sys_exit.o67</name>
      </input_file>
      <input_file id="fl-cb">
         <path>c:\ti\bios_5_42_01_09\packages\ti\bios\lib\</path>
         <kind>archive</kind>
         <file>bios.a67</file>
         <name>sys.o67</name>
      </input_file>
      <input_file id="fl-cc">
         <path>c:\ti\bios_5_42_01_09\packages\ti\bios\lib\</path>
         <kind>archive</kind>
         <file>bios.a67</file>
         <name>tsk_init.o67</name>
      </input_file>
      <input_file id="fl-cd">
         <path>c:\ti\bios_5_42_01_09\packages\ti\bios\lib\</path>
         <kind>archive</kind>
         <file>bios.a67</file>
         <name>tsk_setu.o67</name>
      </input_file>
      <input_file id="fl-ce">
         <path>c:\ti\bios_5_42_01_09\packages\ti\bios\lib\</path>
         <kind>archive</kind>
         <file>bios.a67</file>
         <name>tsk_stup.o67</name>
      </input_file>
      <input_file id="fl-cf">
         <path>c:\ti\bios_5_42_01_09\packages\ti\bios\lib\</path>
         <kind>archive</kind>
         <file>bios.a67</file>
         <name>lck.o67</name>
      </input_file>
      <input_file id="fl-d0">
         <path>c:\ti\bios_5_42_01_09\packages\ti\bios\lib\</path>
         <kind>archive</kind>
         <file>bios.a67</file>
         <name>sem_pend_counting.o67</name>
      </input_file>
      <input_file id="fl-d1">
         <path>c:\ti\bios_5_42_01_09\packages\ti\bios\lib\</path>
         <kind>archive</kind>
         <file>bios.a67</file>
         <name>sys_abor.o67</name>
      </input_file>
      <input_file id="fl-d2">
         <path>c:\ti\bios_5_42_01_09\packages\ti\bios\lib\</path>
         <kind>archive</kind>
         <file>bios.a67</file>
         <name>gbl_setL2CacheMode.o67</name>
      </input_file>
      <input_file id="fl-d3">
         <path>c:\ti\bios_5_42_01_09\packages\ti\bios\lib\</path>
         <kind>archive</kind>
         <file>bios.a67</file>
         <name>sem_dopo.o67</name>
      </input_file>
      <input_file id="fl-d4">
         <path>c:\ti\bios_5_42_01_09\packages\ti\bios\lib\</path>
         <kind>archive</kind>
         <file>bios.a67</file>
         <name>autoinit.o67</name>
      </input_file>
      <input_file id="fl-d5">
         <path>c:\ti\ccsv6\tools\compiler\c6000_7.4.8\lib\</path>
         <kind>archive</kind>
         <file>rts6700.lib</file>
         <name>divd.obj</name>
      </input_file>
      <input_file id="fl-d6">
         <path>c:\ti\ccsv6\tools\compiler\c6000_7.4.8\lib\</path>
         <kind>archive</kind>
         <file>rts6700.lib</file>
         <name>divf.obj</name>
      </input_file>
      <input_file id="fl-d7">
         <path>c:\ti\ccsv6\tools\compiler\c6000_7.4.8\lib\</path>
         <kind>archive</kind>
         <file>rts6700.lib</file>
         <name>frcmpyd_div.obj</name>
      </input_file>
      <input_file id="fl-d8">
         <path>c:\ti\ccsv6\tools\compiler\c6000_7.4.8\lib\</path>
         <kind>archive</kind>
         <file>rts6700.lib</file>
         <name>llshift.obj</name>
      </input_file>
      <input_file id="fl-d9">
         <path>c:\ti\ccsv6\tools\compiler\c6000_7.4.8\lib\</path>
         <kind>archive</kind>
         <file>rts6700.lib</file>
         <name>mpyll.obj</name>
      </input_file>
      <input_file id="fl-da">
         <path>c:\ti\ccsv6\tools\compiler\c6000_7.4.8\lib\</path>
         <kind>archive</kind>
         <file>rts6700.lib</file>
         <name>_lock.obj</name>
      </input_file>
      <input_file id="fl-db">
         <path>c:\ti\ccsv6\tools\compiler\c6000_7.4.8\lib\</path>
         <kind>archive</kind>
         <file>rts6700.lib</file>
         <name>strasg.obj</name>
      </input_file>
      <input_file id="fl-dc">
         <path>c:\ti\ccsv6\tools\compiler\c6000_7.4.8\lib\</path>
         <kind>archive</kind>
         <file>rts6700.lib</file>
         <name>atan.obj</name>
      </input_file>
      <input_file id="fl-dd">
         <path>c:\ti\ccsv6\tools\compiler\c6000_7.4.8\lib\</path>
         <kind>archive</kind>
         <file>rts6700.lib</file>
         <name>atexit.obj</name>
      </input_file>
      <input_file id="fl-de">
         <path>c:\ti\ccsv6\tools\compiler\c6000_7.4.8\lib\</path>
         <kind>archive</kind>
         <file>rts6700.lib</file>
         <name>sinit.obj</name>
      </input_file>
      <input_file id="fl-df">
         <path>c:\ti\ccsv6\tools\compiler\c6000_7.4.8\lib\</path>
         <kind>archive</kind>
         <file>rts6700.lib</file>
         <name>exit.obj</name>
      </input_file>
      <input_file id="fl-e0">
         <path>c:\ti\ccsv6\tools\compiler\c6000_7.4.8\lib\</path>
         <kind>archive</kind>
         <file>rts6700.lib</file>
         <name>cos.obj</name>
      </input_file>
      <input_file id="fl-e1">
         <path>c:\ti\ccsv6\tools\compiler\c6000_7.4.8\lib\</path>
         <kind>archive</kind>
         <file>rts6700.lib</file>
         <name>round.obj</name>
      </input_file>
      <input_file id="fl-e2">
         <path>c:\ti\ccsv6\tools\compiler\c6000_7.4.8\lib\</path>
         <kind>archive</kind>
         <file>rts6700.lib</file>
         <name>trunc.obj</name>
      </input_file>
      <input_file id="fl-e3">
         <path>c:\ti\ccsv6\tools\compiler\c6000_7.4.8\lib\</path>
         <kind>archive</kind>
         <file>rts6700.lib</file>
         <name>memcpy62.obj</name>
      </input_file>
      <input_file id="fl-e4">
         <path>c:\ti\ccsv6\tools\compiler\c6000_7.4.8\lib\</path>
         <kind>archive</kind>
         <file>rts6700.lib</file>
         <name>modf.obj</name>
      </input_file>
      <input_file id="fl-e5">
         <path>c:\ti\ccsv6\tools\compiler\c6000_7.4.8\lib\</path>
         <kind>archive</kind>
         <file>rts6700.lib</file>
         <name>sin.obj</name>
      </input_file>
      <input_file id="fl-e6">
         <path>c:\ti\ccsv6\tools\compiler\c6000_7.4.8\lib\</path>
         <kind>archive</kind>
         <file>rts6700.lib</file>
         <name>sqrt.obj</name>
      </input_file>
      <input_file id="fl-e7">
         <path>c:\ti\ccsv6\tools\compiler\c6000_7.4.8\lib\</path>
         <kind>archive</kind>
         <file>rts6700.lib</file>
         <name>errno.obj</name>
      </input_file>
   </input_file_list>
   <object_component_list>
      <object_component id="oc-72">
         <name>.vers</name>
         <load_address>0x0</load_address>
         <run_address>0x0</run_address>
         <size>0x3c</size>
         <input_file_ref idref="fl-d"/>
      </object_component>
      <object_component id="oc-5f">
         <name>.clk</name>
         <uninitialized>true</uninitialized>
         <run_address>0xd618</run_address>
         <size>0x8</size>
         <input_file_ref idref="fl-d"/>
      </object_component>
      <object_component id="oc-60">
         <name>.prd</name>
         <uninitialized>true</uninitialized>
         <run_address>0xeda0</run_address>
         <size>0x20</size>
         <input_file_ref idref="fl-d"/>
      </object_component>
      <object_component id="oc-7">
         <name>HWI_A_VECS</name>
         <load_address>0x0</load_address>
         <run_address>0x0</run_address>
         <size>0x0</size>
      </object_component>
      <object_component id="oc-67">
         <name>.hwi_vec</name>
         <load_address>0x0</load_address>
         <run_address>0x0</run_address>
         <size>0x200</size>
         <input_file_ref idref="fl-d"/>
      </object_component>
      <object_component id="oc-68">
         <name>.swi</name>
         <uninitialized>true</uninitialized>
         <run_address>0xec40</run_address>
         <size>0x84</size>
         <input_file_ref idref="fl-d"/>
      </object_component>
      <object_component id="oc-69">
         <name>.tsk</name>
         <uninitialized>true</uninitialized>
         <run_address>0xeac8</run_address>
         <size>0xc0</size>
         <input_file_ref idref="fl-d"/>
      </object_component>
      <object_component id="oc-6d">
         <name>.idl</name>
         <uninitialized>true</uninitialized>
         <run_address>0xedd8</run_address>
         <size>0x10</size>
         <input_file_ref idref="fl-d"/>
      </object_component>
      <object_component id="oc-6c">
         <name>.idlcal</name>
         <uninitialized>true</uninitialized>
         <run_address>0xede8</run_address>
         <size>0x10</size>
         <input_file_ref idref="fl-d"/>
      </object_component>
      <object_component id="oc-52">
         <name>.bss</name>
         <uninitialized>true</uninitialized>
         <run_address>0xe4f0</run_address>
         <size>0x20</size>
         <input_file_ref idref="fl-c"/>
      </object_component>
      <object_component id="oc-5a">
         <name>.bss</name>
         <uninitialized>true</uninitialized>
         <run_address>0xe540</run_address>
         <size>0x18</size>
         <input_file_ref idref="fl-d"/>
      </object_component>
      <object_component id="oc-7b">
         <name>.bss</name>
         <uninitialized>true</uninitialized>
         <run_address>0xe340</run_address>
         <size>0xcc</size>
         <input_file_ref idref="fl-8e"/>
      </object_component>
      <object_component id="oc-7d">
         <name>.bss</name>
         <uninitialized>true</uninitialized>
         <run_address>0xe240</run_address>
         <size>0x100</size>
         <input_file_ref idref="fl-8f"/>
      </object_component>
      <object_component id="oc-84">
         <name>.bss</name>
         <uninitialized>true</uninitialized>
         <run_address>0xe528</run_address>
         <size>0x18</size>
         <input_file_ref idref="fl-91"/>
      </object_component>
      <object_component id="oc-8a">
         <name>.bss</name>
         <uninitialized>true</uninitialized>
         <run_address>0xe40c</run_address>
         <size>0x9c</size>
         <input_file_ref idref="fl-92"/>
      </object_component>
      <object_component id="oc-b8">
         <name>.bss</name>
         <uninitialized>true</uninitialized>
         <run_address>0xe510</run_address>
         <size>0x18</size>
         <input_file_ref idref="fl-9e"/>
      </object_component>
      <object_component id="oc-ba">
         <name>.bss</name>
         <uninitialized>true</uninitialized>
         <run_address>0xe58c</run_address>
         <size>0x4</size>
         <input_file_ref idref="fl-9f"/>
      </object_component>
      <object_component id="oc-e6">
         <name>.bss</name>
         <uninitialized>true</uninitialized>
         <run_address>0xe574</run_address>
         <size>0x8</size>
         <input_file_ref idref="fl-a9"/>
      </object_component>
      <object_component id="oc-e9">
         <name>.bss</name>
         <uninitialized>true</uninitialized>
         <run_address>0xe584</run_address>
         <size>0x4</size>
         <input_file_ref idref="fl-aa"/>
      </object_component>
      <object_component id="oc-11f">
         <name>.bss</name>
         <uninitialized>true</uninitialized>
         <run_address>0xe4a8</run_address>
         <size>0x48</size>
         <input_file_ref idref="fl-b6"/>
      </object_component>
      <object_component id="oc-146">
         <name>.bss</name>
         <uninitialized>true</uninitialized>
         <run_address>0xe558</run_address>
         <size>0x10</size>
         <input_file_ref idref="fl-bf"/>
      </object_component>
      <object_component id="oc-16f">
         <name>.bss</name>
         <uninitialized>true</uninitialized>
         <run_address>0xe568</run_address>
         <size>0xc</size>
         <input_file_ref idref="fl-c8"/>
      </object_component>
      <object_component id="oc-17d">
         <name>.bss</name>
         <uninitialized>true</uninitialized>
         <run_address>0xe57c</run_address>
         <size>0x8</size>
         <input_file_ref idref="fl-cb"/>
      </object_component>
      <object_component id="oc-19e">
         <name>.bss</name>
         <uninitialized>true</uninitialized>
         <run_address>0xe588</run_address>
         <size>0x4</size>
         <input_file_ref idref="fl-d2"/>
      </object_component>
      <object_component id="oc-4f">
         <name>.far</name>
         <uninitialized>true</uninitialized>
         <run_address>0xd0f8</run_address>
         <size>0x34</size>
         <input_file_ref idref="fl-b"/>
      </object_component>
      <object_component id="oc-57">
         <name>.far</name>
         <uninitialized>true</uninitialized>
         <run_address>0xcfec</run_address>
         <size>0x50</size>
         <input_file_ref idref="fl-c"/>
      </object_component>
      <object_component id="oc-97">
         <name>.far</name>
         <uninitialized>true</uninitialized>
         <run_address>0xd198</run_address>
         <size>0x10</size>
         <input_file_ref idref="fl-95"/>
      </object_component>
      <object_component id="oc-a4">
         <name>.far</name>
         <uninitialized>true</uninitialized>
         <run_address>0xd1a8</run_address>
         <size>0xc</size>
         <input_file_ref idref="fl-98"/>
      </object_component>
      <object_component id="oc-f9">
         <name>.far</name>
         <uninitialized>true</uninitialized>
         <run_address>0xd12c</run_address>
         <size>0x28</size>
         <input_file_ref idref="fl-ae"/>
      </object_component>
      <object_component id="oc-fe">
         <name>.far</name>
         <uninitialized>true</uninitialized>
         <run_address>0xd1ca</run_address>
         <size>0x2</size>
         <input_file_ref idref="fl-af"/>
      </object_component>
      <object_component id="oc-103">
         <name>.far</name>
         <uninitialized>true</uninitialized>
         <run_address>0xd1c8</run_address>
         <size>0x2</size>
         <input_file_ref idref="fl-b0"/>
      </object_component>
      <object_component id="oc-109">
         <name>.far</name>
         <uninitialized>true</uninitialized>
         <run_address>0xcf48</run_address>
         <size>0x54</size>
         <input_file_ref idref="fl-b1"/>
      </object_component>
      <object_component id="oc-11b">
         <name>.far</name>
         <uninitialized>true</uninitialized>
         <run_address>0xcc68</run_address>
         <size>0xf4</size>
         <input_file_ref idref="fl-b5"/>
      </object_component>
      <object_component id="oc-122">
         <name>.far</name>
         <uninitialized>true</uninitialized>
         <run_address>0xcd5c</run_address>
         <size>0xd8</size>
         <input_file_ref idref="fl-b6"/>
      </object_component>
      <object_component id="oc-139">
         <name>.far</name>
         <uninitialized>true</uninitialized>
         <run_address>0xd0c0</run_address>
         <size>0x38</size>
         <input_file_ref idref="fl-bc"/>
      </object_component>
      <object_component id="oc-13f">
         <name>.far</name>
         <uninitialized>true</uninitialized>
         <run_address>0xcef4</run_address>
         <size>0x54</size>
         <input_file_ref idref="fl-bd"/>
      </object_component>
      <object_component id="oc-16b">
         <name>.far</name>
         <uninitialized>true</uninitialized>
         <run_address>0xd154</run_address>
         <size>0x24</size>
         <input_file_ref idref="fl-c7"/>
      </object_component>
      <object_component id="oc-172">
         <name>.far</name>
         <uninitialized>true</uninitialized>
         <run_address>0xce98</run_address>
         <size>0x5c</size>
         <input_file_ref idref="fl-c8"/>
      </object_component>
      <object_component id="oc-180">
         <name>.far</name>
         <uninitialized>true</uninitialized>
         <run_address>0xd178</run_address>
         <size>0x20</size>
         <input_file_ref idref="fl-cb"/>
      </object_component>
      <object_component id="oc-18d">
         <name>.far</name>
         <uninitialized>true</uninitialized>
         <run_address>0xcf9c</run_address>
         <size>0x50</size>
         <input_file_ref idref="fl-ce"/>
      </object_component>
      <object_component id="oc-1bd">
         <name>.far</name>
         <uninitialized>true</uninitialized>
         <run_address>0xd1c0</run_address>
         <size>0x8</size>
         <input_file_ref idref="fl-da"/>
      </object_component>
      <object_component id="oc-1c5">
         <name>.far</name>
         <uninitialized>true</uninitialized>
         <run_address>0xce38</run_address>
         <size>0x60</size>
         <input_file_ref idref="fl-dc"/>
      </object_component>
      <object_component id="oc-1ca">
         <name>.far</name>
         <uninitialized>true</uninitialized>
         <run_address>0xcae0</run_address>
         <size>0x188</size>
         <input_file_ref idref="fl-dd"/>
      </object_component>
      <object_component id="oc-1cf">
         <name>.far</name>
         <uninitialized>true</uninitialized>
         <run_address>0xd03c</run_address>
         <size>0x4</size>
         <input_file_ref idref="fl-de"/>
      </object_component>
      <object_component id="oc-1d4">
         <name>.far</name>
         <uninitialized>true</uninitialized>
         <run_address>0xd1b4</run_address>
         <size>0xc</size>
         <input_file_ref idref="fl-df"/>
      </object_component>
      <object_component id="oc-1d9">
         <name>.far</name>
         <uninitialized>true</uninitialized>
         <run_address>0xd040</run_address>
         <size>0x40</size>
         <input_file_ref idref="fl-e0"/>
      </object_component>
      <object_component id="oc-1ea">
         <name>.far</name>
         <uninitialized>true</uninitialized>
         <run_address>0xd080</run_address>
         <size>0x40</size>
         <input_file_ref idref="fl-e5"/>
      </object_component>
      <object_component id="oc-1f2">
         <name>.far</name>
         <uninitialized>true</uninitialized>
         <run_address>0xce34</run_address>
         <size>0x4</size>
         <input_file_ref idref="fl-e7"/>
      </object_component>
      <object_component id="oc-70">
         <name>.sem</name>
         <uninitialized>true</uninitialized>
         <run_address>0xed4c</run_address>
         <size>0x2c</size>
         <input_file_ref idref="fl-d"/>
      </object_component>
      <object_component id="oc-86">
         <name>.bios</name>
         <load_address>0x55a0</load_address>
         <run_address>0x55a0</run_address>
         <size>0x600</size>
         <input_file_ref idref="fl-91"/>
      </object_component>
      <object_component id="oc-1a1">
         <name>.bios</name>
         <load_address>0x5ba0</load_address>
         <run_address>0x5ba0</run_address>
         <size>0x5e0</size>
         <input_file_ref idref="fl-d2"/>
      </object_component>
      <object_component id="oc-45">
         <name>.bios</name>
         <load_address>0x6180</load_address>
         <run_address>0x6180</run_address>
         <size>0x540</size>
         <input_file_ref idref="fl-92"/>
      </object_component>
      <object_component id="oc-46">
         <name>.bios</name>
         <load_address>0x66c0</load_address>
         <run_address>0x66c0</run_address>
         <size>0x460</size>
         <input_file_ref idref="fl-8f"/>
      </object_component>
      <object_component id="oc-d5">
         <name>.bios</name>
         <load_address>0x6b20</load_address>
         <run_address>0x6b20</run_address>
         <size>0x3a0</size>
         <input_file_ref idref="fl-a5"/>
      </object_component>
      <object_component id="oc-135">
         <name>.bios</name>
         <load_address>0x6ec0</load_address>
         <run_address>0x6ec0</run_address>
         <size>0x2c0</size>
         <input_file_ref idref="fl-bb"/>
      </object_component>
      <object_component id="oc-da">
         <name>.bios</name>
         <load_address>0x7180</load_address>
         <run_address>0x7180</run_address>
         <size>0x2c0</size>
         <input_file_ref idref="fl-a6"/>
      </object_component>
      <object_component id="oc-15b">
         <name>.bios</name>
         <load_address>0x7440</load_address>
         <run_address>0x7440</run_address>
         <size>0x2c0</size>
         <input_file_ref idref="fl-c3"/>
      </object_component>
      <object_component id="oc-49">
         <name>.bios</name>
         <load_address>0x7700</load_address>
         <run_address>0x7700</run_address>
         <size>0x260</size>
         <input_file_ref idref="fl-95"/>
      </object_component>
      <object_component id="oc-d1">
         <name>.bios</name>
         <load_address>0x7960</load_address>
         <run_address>0x7960</run_address>
         <size>0x240</size>
         <input_file_ref idref="fl-a4"/>
      </object_component>
      <object_component id="oc-1a5">
         <name>.bios</name>
         <load_address>0x7ba0</load_address>
         <run_address>0x7ba0</run_address>
         <size>0x220</size>
         <input_file_ref idref="fl-d3"/>
      </object_component>
      <object_component id="oc-187">
         <name>.bios</name>
         <load_address>0x7dc0</load_address>
         <run_address>0x7dc0</run_address>
         <size>0x200</size>
         <input_file_ref idref="fl-cd"/>
      </object_component>
      <object_component id="oc-c9">
         <name>.bios</name>
         <load_address>0x7fc0</load_address>
         <run_address>0x7fc0</run_address>
         <size>0x1c0</size>
         <input_file_ref idref="fl-a2"/>
      </object_component>
      <object_component id="oc-aa">
         <name>.bios</name>
         <load_address>0x8180</load_address>
         <run_address>0x8180</run_address>
         <size>0x1c0</size>
         <input_file_ref idref="fl-9a"/>
      </object_component>
      <object_component id="oc-176">
         <name>.bios</name>
         <load_address>0x8340</load_address>
         <run_address>0x8340</run_address>
         <size>0x1a0</size>
         <input_file_ref idref="fl-c9"/>
      </object_component>
      <object_component id="oc-1a9">
         <name>.bios</name>
         <load_address>0x84e0</load_address>
         <run_address>0x84e0</run_address>
         <size>0x180</size>
         <input_file_ref idref="fl-d4"/>
      </object_component>
      <object_component id="oc-18e">
         <name>.bios</name>
         <load_address>0x8660</load_address>
         <run_address>0x8660</run_address>
         <size>0x180</size>
         <input_file_ref idref="fl-ce"/>
      </object_component>
      <object_component id="oc-128">
         <name>.bios</name>
         <load_address>0x87e0</load_address>
         <run_address>0x87e0</run_address>
         <size>0x140</size>
         <input_file_ref idref="fl-b8"/>
      </object_component>
      <object_component id="oc-10e">
         <name>.bios</name>
         <load_address>0x8920</load_address>
         <run_address>0x8920</run_address>
         <size>0xe0</size>
         <input_file_ref idref="fl-b2"/>
      </object_component>
      <object_component id="oc-125">
         <name>.bios</name>
         <load_address>0x8a00</load_address>
         <run_address>0x8a00</run_address>
         <size>0xe0</size>
         <input_file_ref idref="fl-b7"/>
      </object_component>
      <object_component id="oc-163">
         <name>.bios</name>
         <load_address>0x8ae0</load_address>
         <run_address>0x8ae0</run_address>
         <size>0xe0</size>
         <input_file_ref idref="fl-c5"/>
      </object_component>
      <object_component id="oc-15e">
         <name>.bios</name>
         <load_address>0x8bc0</load_address>
         <run_address>0x8bc0</run_address>
         <size>0xe0</size>
         <input_file_ref idref="fl-c4"/>
      </object_component>
      <object_component id="oc-ec">
         <name>.bios</name>
         <load_address>0x8ca0</load_address>
         <run_address>0x8ca0</run_address>
         <size>0xe0</size>
         <input_file_ref idref="fl-ab"/>
      </object_component>
      <object_component id="oc-131">
         <name>.bios</name>
         <load_address>0x8d80</load_address>
         <run_address>0x8d80</run_address>
         <size>0xc0</size>
         <input_file_ref idref="fl-ba"/>
      </object_component>
      <object_component id="oc-12d">
         <name>.bios</name>
         <load_address>0x8e40</load_address>
         <run_address>0x8e40</run_address>
         <size>0xc0</size>
         <input_file_ref idref="fl-b9"/>
      </object_component>
      <object_component id="oc-193">
         <name>.bios</name>
         <load_address>0x8f00</load_address>
         <run_address>0x8f00</run_address>
         <size>0xc0</size>
         <input_file_ref idref="fl-cf"/>
      </object_component>
      <object_component id="oc-17a">
         <name>.bios</name>
         <load_address>0x8fc0</load_address>
         <run_address>0x8fc0</run_address>
         <size>0xc0</size>
         <input_file_ref idref="fl-ca"/>
      </object_component>
      <object_component id="oc-47">
         <name>.bios</name>
         <load_address>0x9080</load_address>
         <run_address>0x9080</run_address>
         <size>0xc0</size>
         <input_file_ref idref="fl-8d"/>
      </object_component>
      <object_component id="oc-ae">
         <name>.bios</name>
         <load_address>0x9140</load_address>
         <run_address>0x9140</run_address>
         <size>0x80</size>
         <input_file_ref idref="fl-9b"/>
      </object_component>
      <object_component id="oc-bc">
         <name>.bios</name>
         <load_address>0x91c0</load_address>
         <run_address>0x91c0</run_address>
         <size>0x80</size>
         <input_file_ref idref="fl-9f"/>
      </object_component>
      <object_component id="oc-cd">
         <name>.bios</name>
         <load_address>0x9240</load_address>
         <run_address>0x9240</run_address>
         <size>0x80</size>
         <input_file_ref idref="fl-a3"/>
      </object_component>
      <object_component id="oc-e2">
         <name>.bios</name>
         <load_address>0x92c0</load_address>
         <run_address>0x92c0</run_address>
         <size>0x80</size>
         <input_file_ref idref="fl-a8"/>
      </object_component>
      <object_component id="oc-c0">
         <name>.bios</name>
         <load_address>0x9340</load_address>
         <run_address>0x9340</run_address>
         <size>0x80</size>
         <input_file_ref idref="fl-a0"/>
      </object_component>
      <object_component id="oc-115">
         <name>.bios</name>
         <load_address>0x93c0</load_address>
         <run_address>0x93c0</run_address>
         <size>0x60</size>
         <input_file_ref idref="fl-b4"/>
      </object_component>
      <object_component id="oc-156">
         <name>.bios</name>
         <load_address>0x9420</load_address>
         <run_address>0x9420</run_address>
         <size>0x60</size>
         <input_file_ref idref="fl-c2"/>
      </object_component>
      <object_component id="oc-196">
         <name>.bios</name>
         <load_address>0x9480</load_address>
         <run_address>0x9480</run_address>
         <size>0x60</size>
         <input_file_ref idref="fl-d0"/>
      </object_component>
      <object_component id="oc-19b">
         <name>.bios</name>
         <load_address>0x94e0</load_address>
         <run_address>0x94e0</run_address>
         <size>0x60</size>
         <input_file_ref idref="fl-d1"/>
      </object_component>
      <object_component id="oc-48">
         <name>.bios</name>
         <load_address>0x9540</load_address>
         <run_address>0x9540</run_address>
         <size>0x60</size>
         <input_file_ref idref="fl-98"/>
      </object_component>
      <object_component id="oc-f0">
         <name>.bios</name>
         <load_address>0x95a0</load_address>
         <run_address>0x95a0</run_address>
         <size>0x60</size>
         <input_file_ref idref="fl-ac"/>
      </object_component>
      <object_component id="oc-42">
         <name>.bios</name>
         <load_address>0x9600</load_address>
         <run_address>0x9600</run_address>
         <size>0x40</size>
         <input_file_ref idref="fl-90"/>
      </object_component>
      <object_component id="oc-de">
         <name>.bios</name>
         <load_address>0x9640</load_address>
         <run_address>0x9640</run_address>
         <size>0x40</size>
         <input_file_ref idref="fl-a7"/>
      </object_component>
      <object_component id="oc-41">
         <name>.bios</name>
         <load_address>0x9680</load_address>
         <run_address>0x9680</run_address>
         <size>0x40</size>
         <input_file_ref idref="fl-96"/>
      </object_component>
      <object_component id="oc-f4">
         <name>.bios</name>
         <load_address>0x96c0</load_address>
         <run_address>0x96c0</run_address>
         <size>0x40</size>
         <input_file_ref idref="fl-ad"/>
      </object_component>
      <object_component id="oc-4c">
         <name>.bios</name>
         <load_address>0x9700</load_address>
         <run_address>0x9700</run_address>
         <size>0x20</size>
         <input_file_ref idref="fl-93"/>
      </object_component>
      <object_component id="oc-111">
         <name>.bios</name>
         <load_address>0x9720</load_address>
         <run_address>0x9720</run_address>
         <size>0x20</size>
         <input_file_ref idref="fl-b3"/>
      </object_component>
      <object_component id="oc-c4">
         <name>.bios</name>
         <load_address>0x9740</load_address>
         <run_address>0x9740</run_address>
         <size>0x20</size>
         <input_file_ref idref="fl-a1"/>
      </object_component>
      <object_component id="oc-166">
         <name>.bios</name>
         <load_address>0x9760</load_address>
         <run_address>0x9760</run_address>
         <size>0x20</size>
         <input_file_ref idref="fl-c6"/>
      </object_component>
      <object_component id="oc-4b">
         <name>.bios</name>
         <load_address>0x9780</load_address>
         <run_address>0x9780</run_address>
         <size>0x20</size>
         <input_file_ref idref="fl-97"/>
      </object_component>
      <object_component id="oc-4a">
         <name>.bios</name>
         <load_address>0x97a0</load_address>
         <run_address>0x97a0</run_address>
         <size>0x20</size>
         <input_file_ref idref="fl-99"/>
      </object_component>
      <object_component id="oc-14a">
         <name>.pinit</name>
         <load_address>0xee08</load_address>
         <run_address>0xee08</run_address>
         <size>0x4</size>
         <input_file_ref idref="fl-bf"/>
      </object_component>
      <object_component id="oc-153">
         <name>.pinit</name>
         <load_address>0xee0c</load_address>
         <run_address>0xee0c</run_address>
         <size>0x4</size>
         <input_file_ref idref="fl-c1"/>
      </object_component>
      <object_component id="oc-5e">
         <name>.sys</name>
         <uninitialized>true</uninitialized>
         <run_address>0xedf8</run_address>
         <size>0x10</size>
         <input_file_ref idref="fl-d"/>
      </object_component>
      <object_component id="oc-1f4">
         <name>.text</name>
         <load_address>0x200</load_address>
         <run_address>0x200</run_address>
         <size>0x1800</size>
         <input_file_ref idref="fl-c"/>
      </object_component>
      <object_component id="oc-200">
         <name>.text:__divd</name>
         <load_address>0x1a00</load_address>
         <run_address>0x1a00</run_address>
         <size>0x720</size>
         <input_file_ref idref="fl-d5"/>
      </object_component>
      <object_component id="oc-102">
         <name>.text</name>
         <load_address>0x2120</load_address>
         <run_address>0x2120</run_address>
         <size>0x480</size>
         <input_file_ref idref="fl-b0"/>
      </object_component>
      <object_component id="oc-201">
         <name>.text:_cos</name>
         <load_address>0x25a0</load_address>
         <run_address>0x25a0</run_address>
         <size>0x340</size>
         <input_file_ref idref="fl-e0"/>
      </object_component>
      <object_component id="oc-203">
         <name>.text:__divf</name>
         <load_address>0x28e0</load_address>
         <run_address>0x28e0</run_address>
         <size>0x300</size>
         <input_file_ref idref="fl-d6"/>
      </object_component>
      <object_component id="oc-202">
         <name>.text:_sin</name>
         <load_address>0x2be0</load_address>
         <run_address>0x2be0</run_address>
         <size>0x2e0</size>
         <input_file_ref idref="fl-e5"/>
      </object_component>
      <object_component id="oc-205">
         <name>.text:_EDMA_open</name>
         <load_address>0x2ec0</load_address>
         <run_address>0x2ec0</run_address>
         <size>0x280</size>
         <input_file_ref idref="fl-b1"/>
      </object_component>
      <object_component id="oc-20a">
         <name>.text</name>
         <load_address>0x3140</load_address>
         <run_address>0x3140</run_address>
         <size>0x260</size>
         <input_file_ref idref="fl-b"/>
      </object_component>
      <object_component id="oc-1ff">
         <name>.text:_atan</name>
         <load_address>0x33a0</load_address>
         <run_address>0x33a0</run_address>
         <size>0x240</size>
         <input_file_ref idref="fl-dc"/>
      </object_component>
      <object_component id="oc-1fd">
         <name>.text:_memcpy</name>
         <load_address>0x35e0</load_address>
         <run_address>0x35e0</run_address>
         <size>0x240</size>
         <input_file_ref idref="fl-e3"/>
      </object_component>
      <object_component id="oc-209">
         <name>.text:__CSL_init</name>
         <load_address>0x3820</load_address>
         <run_address>0x3820</run_address>
         <size>0x220</size>
         <input_file_ref idref="fl-ae"/>
      </object_component>
      <object_component id="oc-fd">
         <name>.text</name>
         <load_address>0x3a40</load_address>
         <run_address>0x3a40</run_address>
         <size>0x1e0</size>
         <input_file_ref idref="fl-af"/>
      </object_component>
      <object_component id="oc-207">
         <name>.text:_IRQ_map</name>
         <load_address>0x3c20</load_address>
         <run_address>0x3c20</run_address>
         <size>0x1c0</size>
         <input_file_ref idref="fl-b5"/>
      </object_component>
      <object_component id="oc-225">
         <name>.text:_mux2Tables</name>
         <load_address>0x3de0</load_address>
         <run_address>0x3de0</run_address>
         <size>0x1c0</size>
         <input_file_ref idref="fl-b5"/>
      </object_component>
      <object_component id="oc-21d">
         <name>.text:_MCBSP_reset</name>
         <load_address>0x3fa0</load_address>
         <run_address>0x3fa0</run_address>
         <size>0x1a0</size>
         <input_file_ref idref="fl-bc"/>
      </object_component>
      <object_component id="oc-43">
         <name>.text</name>
         <load_address>0x4140</load_address>
         <run_address>0x4140</run_address>
         <size>0x180</size>
         <input_file_ref idref="fl-94"/>
      </object_component>
      <object_component id="oc-227">
         <name>.text:_call_dtors</name>
         <load_address>0x42c0</load_address>
         <run_address>0x42c0</run_address>
         <size>0x160</size>
         <input_file_ref idref="fl-de"/>
      </object_component>
      <object_component id="oc-218">
         <name>.text:_EDMA_reset</name>
         <load_address>0x4420</load_address>
         <run_address>0x4420</run_address>
         <size>0x140</size>
         <input_file_ref idref="fl-b1"/>
      </object_component>
      <object_component id="oc-21c">
         <name>.text:_TIMER_open</name>
         <load_address>0x4560</load_address>
         <run_address>0x4560</run_address>
         <size>0x140</size>
         <input_file_ref idref="fl-c7"/>
      </object_component>
      <object_component id="oc-214">
         <name>.text:__frcmpyd_div</name>
         <load_address>0x46a0</load_address>
         <run_address>0x46a0</run_address>
         <size>0x140</size>
         <input_file_ref idref="fl-d7"/>
      </object_component>
      <object_component id="oc-204">
         <name>.text:_sqrt</name>
         <load_address>0x47e0</load_address>
         <run_address>0x47e0</run_address>
         <size>0x140</size>
         <input_file_ref idref="fl-e6"/>
      </object_component>
      <object_component id="oc-226">
         <name>.text:_TIMER_reset</name>
         <load_address>0x4920</load_address>
         <run_address>0x4920</run_address>
         <size>0x120</size>
         <input_file_ref idref="fl-c7"/>
      </object_component>
      <object_component id="oc-206">
         <name>.text:_EDMA_intAlloc</name>
         <load_address>0x4a40</load_address>
         <run_address>0x4a40</run_address>
         <size>0x100</size>
         <input_file_ref idref="fl-b1"/>
      </object_component>
      <object_component id="oc-20b">
         <name>.text:_MCBSP_open</name>
         <load_address>0x4b40</load_address>
         <run_address>0x4b40</run_address>
         <size>0x100</size>
         <input_file_ref idref="fl-bc"/>
      </object_component>
      <object_component id="oc-20c">
         <name>.text:_MCBSP_start</name>
         <load_address>0x4c40</load_address>
         <run_address>0x4c40</run_address>
         <size>0x100</size>
         <input_file_ref idref="fl-bc"/>
      </object_component>
      <object_component id="oc-216">
         <name>.text:__nround</name>
         <load_address>0x4d40</load_address>
         <run_address>0x4d40</run_address>
         <size>0xe0</size>
         <input_file_ref idref="fl-e1"/>
      </object_component>
      <object_component id="oc-1f8">
         <name>.text:__strasg</name>
         <load_address>0x4e20</load_address>
         <run_address>0x4e20</run_address>
         <size>0xe0</size>
         <input_file_ref idref="fl-db"/>
      </object_component>
      <object_component id="oc-211">
         <name>.text:_atexit</name>
         <load_address>0x4f00</load_address>
         <run_address>0x4f00</run_address>
         <size>0xe0</size>
         <input_file_ref idref="fl-dd"/>
      </object_component>
      <object_component id="oc-217">
         <name>.text:_modf</name>
         <load_address>0x4fe0</load_address>
         <run_address>0x4fe0</run_address>
         <size>0xe0</size>
         <input_file_ref idref="fl-e4"/>
      </object_component>
      <object_component id="oc-18a">
         <name>.text</name>
         <load_address>0x50c0</load_address>
         <run_address>0x50c0</run_address>
         <size>0xc0</size>
         <input_file_ref idref="fl-ce"/>
      </object_component>
      <object_component id="oc-21b">
         <name>.text:__IRQ_init</name>
         <load_address>0x5180</load_address>
         <run_address>0x5180</run_address>
         <size>0xa0</size>
         <input_file_ref idref="fl-b5"/>
      </object_component>
      <object_component id="oc-223">
         <name>.text:__mpyll</name>
         <load_address>0x5220</load_address>
         <run_address>0x5220</run_address>
         <size>0xa0</size>
         <input_file_ref idref="fl-d9"/>
      </object_component>
      <object_component id="oc-21a">
         <name>.text:_setMux</name>
         <load_address>0x52c0</load_address>
         <run_address>0x52c0</run_address>
         <size>0xa0</size>
         <input_file_ref idref="fl-b5"/>
      </object_component>
      <object_component id="oc-224">
         <name>.text:_EDMA_disableChannel</name>
         <load_address>0x5360</load_address>
         <run_address>0x5360</run_address>
         <size>0x60</size>
         <input_file_ref idref="fl-b1"/>
      </object_component>
      <object_component id="oc-219">
         <name>.text:_EDMA_enableChannel</name>
         <load_address>0x53c0</load_address>
         <run_address>0x53c0</run_address>
         <size>0x60</size>
         <input_file_ref idref="fl-b1"/>
      </object_component>
      <object_component id="oc-213">
         <name>.text:__llshru</name>
         <load_address>0x5420</load_address>
         <run_address>0x5420</run_address>
         <size>0x60</size>
         <input_file_ref idref="fl-d8"/>
      </object_component>
      <object_component id="oc-222">
         <name>.text:___add_dtor</name>
         <load_address>0x5480</load_address>
         <run_address>0x5480</run_address>
         <size>0x40</size>
         <input_file_ref idref="fl-de"/>
      </object_component>
      <object_component id="oc-215">
         <name>.text:__trunc</name>
         <load_address>0x54c0</load_address>
         <run_address>0x54c0</run_address>
         <size>0x40</size>
         <input_file_ref idref="fl-e2"/>
      </object_component>
      <object_component id="oc-208">
         <name>.text:_CSL6713_LIB_</name>
         <load_address>0x5500</load_address>
         <run_address>0x5500</run_address>
         <size>0x20</size>
         <input_file_ref idref="fl-ae"/>
      </object_component>
      <object_component id="oc-1fe">
         <name>.text:__nop</name>
         <load_address>0x5520</load_address>
         <run_address>0x5520</run_address>
         <size>0x20</size>
         <input_file_ref idref="fl-da"/>
      </object_component>
      <object_component id="oc-1fb">
         <name>.text:__register_lock</name>
         <load_address>0x5540</load_address>
         <run_address>0x5540</run_address>
         <size>0x20</size>
         <input_file_ref idref="fl-da"/>
      </object_component>
      <object_component id="oc-1fc">
         <name>.text:__register_unlock</name>
         <load_address>0x5560</load_address>
         <run_address>0x5560</run_address>
         <size>0x20</size>
         <input_file_ref idref="fl-da"/>
      </object_component>
      <object_component id="oc-119">
         <name>.text</name>
         <load_address>0x5580</load_address>
         <run_address>0x5580</run_address>
         <size>0x20</size>
         <input_file_ref idref="fl-b5"/>
      </object_component>
      <object_component id="oc-5c">
         <name>.cinit</name>
         <load_address>0x97c0</load_address>
         <run_address>0x97c0</run_address>
         <size>0x79c</size>
         <input_file_ref idref="fl-d"/>
      </object_component>
      <object_component id="oc-7c">
         <name>.cinit</name>
         <load_address>0x9f60</load_address>
         <run_address>0x9f60</run_address>
         <size>0x26c</size>
         <input_file_ref idref="fl-8e"/>
      </object_component>
      <object_component id="oc-121">
         <name>.cinit</name>
         <load_address>0xa1d0</load_address>
         <run_address>0xa1d0</run_address>
         <size>0x1a4</size>
         <input_file_ref idref="fl-b6"/>
      </object_component>
      <object_component id="oc-11a">
         <name>.cinit</name>
         <load_address>0xa378</load_address>
         <run_address>0xa378</run_address>
         <size>0x12c</size>
         <input_file_ref idref="fl-b5"/>
      </object_component>
      <object_component id="oc-54">
         <name>.cinit</name>
         <load_address>0xa4a8</load_address>
         <run_address>0xa4a8</run_address>
         <size>0xc4</size>
         <input_file_ref idref="fl-c"/>
      </object_component>
      <object_component id="oc-8b">
         <name>.cinit</name>
         <load_address>0xa570</load_address>
         <run_address>0xa570</run_address>
         <size>0xb0</size>
         <input_file_ref idref="fl-92"/>
      </object_component>
      <object_component id="oc-171">
         <name>.cinit</name>
         <load_address>0xa620</load_address>
         <run_address>0xa620</run_address>
         <size>0x80</size>
         <input_file_ref idref="fl-c8"/>
      </object_component>
      <object_component id="oc-108">
         <name>.cinit</name>
         <load_address>0xa6a0</load_address>
         <run_address>0xa6a0</run_address>
         <size>0x70</size>
         <input_file_ref idref="fl-b1"/>
      </object_component>
      <object_component id="oc-1c4">
         <name>.cinit</name>
         <load_address>0xa710</load_address>
         <run_address>0xa710</run_address>
         <size>0x70</size>
         <input_file_ref idref="fl-dc"/>
      </object_component>
      <object_component id="oc-18c">
         <name>.cinit</name>
         <load_address>0xa780</load_address>
         <run_address>0xa780</run_address>
         <size>0x60</size>
         <input_file_ref idref="fl-ce"/>
      </object_component>
      <object_component id="oc-85">
         <name>.cinit</name>
         <load_address>0xa7e0</load_address>
         <run_address>0xa7e0</run_address>
         <size>0x5c</size>
         <input_file_ref idref="fl-91"/>
      </object_component>
      <object_component id="oc-138">
         <name>.cinit</name>
         <load_address>0xa840</load_address>
         <run_address>0xa840</run_address>
         <size>0x54</size>
         <input_file_ref idref="fl-bc"/>
      </object_component>
      <object_component id="oc-d9">
         <name>.cinit</name>
         <load_address>0xa898</load_address>
         <run_address>0xa898</run_address>
         <size>0x4c</size>
         <input_file_ref idref="fl-a6"/>
      </object_component>
      <object_component id="oc-16a">
         <name>.cinit</name>
         <load_address>0xa8e8</load_address>
         <run_address>0xa8e8</run_address>
         <size>0x4c</size>
         <input_file_ref idref="fl-c7"/>
      </object_component>
      <object_component id="oc-148">
         <name>.cinit</name>
         <load_address>0xa938</load_address>
         <run_address>0xa938</run_address>
         <size>0x4c</size>
         <input_file_ref idref="fl-bf"/>
      </object_component>
      <object_component id="oc-4e">
         <name>.cinit</name>
         <load_address>0xa988</load_address>
         <run_address>0xa988</run_address>
         <size>0x48</size>
         <input_file_ref idref="fl-b"/>
      </object_component>
      <object_component id="oc-1d8">
         <name>.cinit</name>
         <load_address>0xa9d0</load_address>
         <run_address>0xa9d0</run_address>
         <size>0x48</size>
         <input_file_ref idref="fl-e0"/>
      </object_component>
      <object_component id="oc-1e9">
         <name>.cinit</name>
         <load_address>0xaa18</load_address>
         <run_address>0xaa18</run_address>
         <size>0x48</size>
         <input_file_ref idref="fl-e5"/>
      </object_component>
      <object_component id="oc-f8">
         <name>.cinit</name>
         <load_address>0xaa60</load_address>
         <run_address>0xaa60</run_address>
         <size>0x3c</size>
         <input_file_ref idref="fl-ae"/>
      </object_component>
      <object_component id="oc-b9">
         <name>.cinit</name>
         <load_address>0xaaa0</load_address>
         <run_address>0xaaa0</run_address>
         <size>0x34</size>
         <input_file_ref idref="fl-9e"/>
      </object_component>
      <object_component id="oc-a3">
         <name>.cinit</name>
         <load_address>0xaad8</load_address>
         <run_address>0xaad8</run_address>
         <size>0x2c</size>
         <input_file_ref idref="fl-98"/>
      </object_component>
      <object_component id="oc-1d3">
         <name>.cinit</name>
         <load_address>0xab08</load_address>
         <run_address>0xab08</run_address>
         <size>0x2c</size>
         <input_file_ref idref="fl-df"/>
      </object_component>
      <object_component id="oc-13e">
         <name>.cinit</name>
         <load_address>0xab38</load_address>
         <run_address>0xab38</run_address>
         <size>0x24</size>
         <input_file_ref idref="fl-bd"/>
      </object_component>
      <object_component id="oc-17f">
         <name>.cinit</name>
         <load_address>0xab60</load_address>
         <run_address>0xab60</run_address>
         <size>0x1c</size>
         <input_file_ref idref="fl-cb"/>
      </object_component>
      <object_component id="oc-1bc">
         <name>.cinit</name>
         <load_address>0xab80</load_address>
         <run_address>0xab80</run_address>
         <size>0x1c</size>
         <input_file_ref idref="fl-da"/>
      </object_component>
      <object_component id="oc-1c9">
         <name>.cinit</name>
         <load_address>0xaba0</load_address>
         <run_address>0xaba0</run_address>
         <size>0x1c</size>
         <input_file_ref idref="fl-dd"/>
      </object_component>
      <object_component id="oc-96">
         <name>.cinit</name>
         <load_address>0xabc0</load_address>
         <run_address>0xabc0</run_address>
         <size>0x18</size>
         <input_file_ref idref="fl-95"/>
      </object_component>
      <object_component id="oc-1a0">
         <name>.cinit</name>
         <load_address>0xabd8</load_address>
         <run_address>0xabd8</run_address>
         <size>0xc</size>
         <input_file_ref idref="fl-d2"/>
      </object_component>
      <object_component id="oc-bb">
         <name>.cinit</name>
         <load_address>0xabe8</load_address>
         <run_address>0xabe8</run_address>
         <size>0xc</size>
         <input_file_ref idref="fl-9f"/>
      </object_component>
      <object_component id="oc-c8">
         <name>.cinit</name>
         <load_address>0xabf8</load_address>
         <run_address>0xabf8</run_address>
         <size>0xc</size>
         <input_file_ref idref="fl-a2"/>
      </object_component>
      <object_component id="oc-1f1">
         <name>.cinit</name>
         <load_address>0xac08</load_address>
         <run_address>0xac08</run_address>
         <size>0xc</size>
         <input_file_ref idref="fl-e7"/>
      </object_component>
      <object_component id="oc-1ce">
         <name>.cinit</name>
         <load_address>0xac18</load_address>
         <run_address>0xac18</run_address>
         <size>0xc</size>
         <input_file_ref idref="fl-de"/>
      </object_component>
      <object_component id="oc-20e">
         <name>.switch</name>
         <load_address>0xed78</load_address>
         <run_address>0xed78</run_address>
         <size>0x28</size>
         <input_file_ref idref="fl-c1"/>
      </object_component>
      <object_component id="oc-5b">
         <name>.gblinit</name>
         <load_address>0xecc4</load_address>
         <run_address>0xecc4</run_address>
         <size>0x4c</size>
         <input_file_ref idref="fl-d"/>
      </object_component>
      <object_component id="oc-71">
         <name>.sysinit</name>
         <load_address>0xd620</load_address>
         <run_address>0xd620</run_address>
         <size>0x2c0</size>
         <input_file_ref idref="fl-d"/>
      </object_component>
      <object_component id="oc-44">
         <name>.sysinit</name>
         <load_address>0xd8e0</load_address>
         <run_address>0xd8e0</run_address>
         <size>0xc0</size>
         <input_file_ref idref="fl-9c"/>
      </object_component>
      <object_component id="oc-183">
         <name>.sysinit</name>
         <load_address>0xd9a0</load_address>
         <run_address>0xd9a0</run_address>
         <size>0x80</size>
         <input_file_ref idref="fl-cc"/>
      </object_component>
      <object_component id="oc-140">
         <name>.sysinit</name>
         <load_address>0xda20</load_address>
         <run_address>0xda20</run_address>
         <size>0x20</size>
         <input_file_ref idref="fl-bd"/>
      </object_component>
      <object_component id="oc-b7">
         <name>.trcdata</name>
         <load_address>0xee14</load_address>
         <run_address>0xee14</run_address>
         <size>0xc</size>
         <input_file_ref idref="fl-9d"/>
      </object_component>
      <object_component id="oc-5d">
         <name>.rtdx_data</name>
         <uninitialized>true</uninitialized>
         <run_address>0xd1cc</run_address>
         <size>0x410</size>
         <input_file_ref idref="fl-d"/>
      </object_component>
      <object_component id="oc-149">
         <name>.rtdx_data</name>
         <uninitialized>true</uninitialized>
         <run_address>0xd5dc</run_address>
         <size>0x20</size>
         <input_file_ref idref="fl-bf"/>
      </object_component>
      <object_component id="oc-152">
         <name>.rtdx_data</name>
         <uninitialized>true</uninitialized>
         <run_address>0xd5fc</run_address>
         <size>0x1c</size>
         <input_file_ref idref="fl-c1"/>
      </object_component>
      <object_component id="oc-1f5">
         <name>.rtdx_text:_RTDX_Poll</name>
         <load_address>0xbc40</load_address>
         <run_address>0xbc40</run_address>
         <size>0x400</size>
         <input_file_ref idref="fl-c1"/>
      </object_component>
      <object_component id="oc-210">
         <name>.rtdx_text:_RTDX_Buffer_WriteCB</name>
         <load_address>0xc040</load_address>
         <run_address>0xc040</run_address>
         <size>0x340</size>
         <input_file_ref idref="fl-bf"/>
      </object_component>
      <object_component id="oc-220">
         <name>.rtdx_text:_RTDX_write_next</name>
         <load_address>0xc380</load_address>
         <run_address>0xc380</run_address>
         <size>0x300</size>
         <input_file_ref idref="fl-bf"/>
      </object_component>
      <object_component id="oc-221">
         <name>.rtdx_text:_RTDX_Mon_Queue</name>
         <load_address>0xc680</load_address>
         <run_address>0xc680</run_address>
         <size>0x140</size>
         <input_file_ref idref="fl-c1"/>
      </object_component>
      <object_component id="oc-21f">
         <name>.rtdx_text:_claim</name>
         <load_address>0xc7c0</load_address>
         <run_address>0xc7c0</run_address>
         <size>0xe0</size>
         <input_file_ref idref="fl-bf"/>
      </object_component>
      <object_component id="oc-1fa">
         <name>.rtdx_text:_RTDX_Init_RT_Monitor</name>
         <load_address>0xc8a0</load_address>
         <run_address>0xc8a0</run_address>
         <size>0x80</size>
         <input_file_ref idref="fl-c1"/>
      </object_component>
      <object_component id="oc-1f9">
         <name>.rtdx_text:_RTDX_Buffer_Initialize</name>
         <load_address>0xc920</load_address>
         <run_address>0xc920</run_address>
         <size>0x60</size>
         <input_file_ref idref="fl-bf"/>
      </object_component>
      <object_component id="oc-20f">
         <name>.rtdx_text:_RTDX_Buffer_ReadCB</name>
         <load_address>0xc980</load_address>
         <run_address>0xc980</run_address>
         <size>0x60</size>
         <input_file_ref idref="fl-be"/>
      </object_component>
      <object_component id="oc-21e">
         <name>.rtdx_text:_RTDX_Buffer_Size</name>
         <load_address>0xc9e0</load_address>
         <run_address>0xc9e0</run_address>
         <size>0x40</size>
         <input_file_ref idref="fl-bf"/>
      </object_component>
      <object_component id="oc-212">
         <name>.rtdx_text:_RTDX_Final_RT_Monitor</name>
         <load_address>0xca20</load_address>
         <run_address>0xca20</run_address>
         <size>0x40</size>
         <input_file_ref idref="fl-c1"/>
      </object_component>
      <object_component id="oc-1f6">
         <name>.rtdx_text:_RTDX_Buffer_Read</name>
         <load_address>0xca60</load_address>
         <run_address>0xca60</run_address>
         <size>0x20</size>
         <input_file_ref idref="fl-be"/>
      </object_component>
      <object_component id="oc-1f7">
         <name>.rtdx_text:_RTDX_Buffer_Write</name>
         <load_address>0xca80</load_address>
         <run_address>0xca80</run_address>
         <size>0x20</size>
         <input_file_ref idref="fl-bf"/>
      </object_component>
      <object_component id="oc-20d">
         <name>.rtdx_text:_RTDX_checksum</name>
         <load_address>0xcaa0</load_address>
         <run_address>0xcaa0</run_address>
         <size>0x20</size>
         <input_file_ref idref="fl-c1"/>
      </object_component>
      <object_component id="oc-14e">
         <name>.rtdx_text</name>
         <load_address>0xcac0</load_address>
         <run_address>0xcac0</run_address>
         <size>0x20</size>
         <input_file_ref idref="fl-c0"/>
      </object_component>
      <object_component id="oc-6a">
         <name>.TSK_idle$stk</name>
         <uninitialized>true</uninitialized>
         <run_address>0xda40</run_address>
         <size>0x400</size>
         <input_file_ref idref="fl-d"/>
      </object_component>
      <object_component id="oc-6b">
         <name>.task_led_toggle$stk</name>
         <uninitialized>true</uninitialized>
         <run_address>0xac30</run_address>
         <size>0x1000</size>
         <input_file_ref idref="fl-d"/>
      </object_component>
      <object_component id="oc-6e">
         <name>.LOG_system$buf</name>
         <uninitialized>true</uninitialized>
         <run_address>0xe800</run_address>
         <size>0x100</size>
         <input_file_ref idref="fl-d"/>
      </object_component>
      <object_component id="oc-63">
         <name>.hst1</name>
         <uninitialized>true</uninitialized>
         <run_address>0xbc30</run_address>
         <size>0x10</size>
         <input_file_ref idref="fl-d"/>
      </object_component>
      <object_component id="oc-66">
         <name>.hst0</name>
         <uninitialized>true</uninitialized>
         <run_address>0xe900</run_address>
         <size>0x100</size>
         <input_file_ref idref="fl-d"/>
      </object_component>
      <object_component id="oc-18f">
         <name>.const</name>
         <load_address>0xeb88</load_address>
         <run_address>0xeb88</run_address>
         <size>0x4e</size>
         <input_file_ref idref="fl-ce"/>
      </object_component>
      <object_component id="oc-9b">
         <name>.const</name>
         <load_address>0xebd6</load_address>
         <run_address>0xebd6</run_address>
         <size>0x23</size>
         <input_file_ref idref="fl-96"/>
      </object_component>
      <object_component id="oc-9f">
         <name>.const</name>
         <load_address>0xebf9</load_address>
         <run_address>0xebf9</run_address>
         <size>0x22</size>
         <input_file_ref idref="fl-97"/>
      </object_component>
      <object_component id="oc-104">
         <name>.const</name>
         <load_address>0xec1c</load_address>
         <run_address>0xec1c</run_address>
         <size>0x20</size>
         <input_file_ref idref="fl-b0"/>
      </object_component>
      <object_component id="oc-173">
         <name>.const</name>
         <load_address>0xec3c</load_address>
         <run_address>0xec3c</run_address>
         <size>0x1</size>
         <input_file_ref idref="fl-c8"/>
      </object_component>
      <object_component id="oc-61">
         <name>.printf</name>
         <load_address>0xec3d</load_address>
         <run_address>0xec3d</run_address>
         <size>0xaa</size>
         <input_file_ref idref="fl-d"/>
      </object_component>
      <object_component id="oc-b3">
         <name>.args</name>
         <load_address>0xac2c</load_address>
         <run_address>0xac2c</run_address>
         <size>0x0</size>
         <input_file_ref idref="fl-9c"/>
      </object_component>
      <object_component id="oc-35">
         <name>_SYS_PUTCBEG</name>
         <load_address>0xe590</load_address>
         <run_address>0xe590</run_address>
         <size>0x0</size>
      </object_component>
      <object_component id="oc-37">
         <name>_SYS_PUTCEND</name>
         <load_address>0xe790</load_address>
         <run_address>0xe790</run_address>
         <size>0x0</size>
      </object_component>
      <object_component id="oc-64">
         <name>.hst</name>
         <uninitialized>true</uninitialized>
         <run_address>0xed10</run_address>
         <size>0x3c</size>
         <input_file_ref idref="fl-d"/>
      </object_component>
      <object_component id="oc-6f">
         <name>.log</name>
         <load_address>0xedc0</load_address>
         <run_address>0xedc0</run_address>
         <size>0x18</size>
         <input_file_ref idref="fl-d"/>
      </object_component>
      <object_component id="oc-65">
         <name>.pip</name>
         <uninitialized>true</uninitialized>
         <run_address>0xea00</run_address>
         <size>0xc8</size>
         <input_file_ref idref="fl-d"/>
      </object_component>
      <object_component id="oc-62">
         <name>.sts</name>
         <load_address>0xe790</load_address>
         <run_address>0xe790</run_address>
         <size>0x70</size>
         <input_file_ref idref="fl-d"/>
      </object_component>
      <object_component id="oc-3d">
         <name>GBL_stackbeg</name>
         <uninitialized>true</uninitialized>
         <run_address>0xde40</run_address>
         <size>0x0</size>
      </object_component>
      <object_component id="oc-b4">
         <name>.stack</name>
         <uninitialized>true</uninitialized>
         <run_address>0xde40</run_address>
         <size>0x0</size>
         <input_file_ref idref="fl-9c"/>
      </object_component>
      <object_component id="oc-25f">
         <name>.stack</name>
         <uninitialized>true</uninitialized>
         <run_address>0xde40</run_address>
         <size>0x0</size>
      </object_component>
      <object_component id="oc-55">
         <name>.databuffer</name>
         <uninitialized>true</uninitialized>
         <run_address>0x23e00</run_address>
         <size>0x3840</size>
         <input_file_ref idref="fl-c"/>
      </object_component>
      <object_component id="oc-56">
         <name>.processbuffer</name>
         <uninitialized>true</uninitialized>
         <run_address>0x80400000</run_address>
         <size>0x70000</size>
         <input_file_ref idref="fl-c"/>
      </object_component>
      <object_component id="oc-4d">
         <name>.debug_info</name>
         <load_address>0x0</load_address>
         <run_address>0x0</run_address>
         <size>0xb38</size>
         <input_file_ref idref="fl-b"/>
      </object_component>
      <object_component id="oc-53">
         <name>.debug_info</name>
         <load_address>0xb38</load_address>
         <run_address>0xb38</run_address>
         <size>0x2169</size>
         <input_file_ref idref="fl-c"/>
      </object_component>
      <object_component id="oc-73">
         <name>.debug_info</name>
         <load_address>0x2ca1</load_address>
         <run_address>0x2ca1</run_address>
         <size>0x32c</size>
         <input_file_ref idref="fl-d"/>
      </object_component>
      <object_component id="oc-76">
         <name>.debug_info</name>
         <load_address>0x2fcd</load_address>
         <run_address>0x2fcd</run_address>
         <size>0x5ca</size>
         <input_file_ref idref="fl-e"/>
      </object_component>
      <object_component id="oc-78">
         <name>.debug_info</name>
         <load_address>0x3597</load_address>
         <run_address>0x3597</run_address>
         <size>0xf8</size>
         <input_file_ref idref="fl-8d"/>
      </object_component>
      <object_component id="oc-7e">
         <name>.debug_info</name>
         <load_address>0x368f</load_address>
         <run_address>0x368f</run_address>
         <size>0xb9</size>
         <input_file_ref idref="fl-8f"/>
      </object_component>
      <object_component id="oc-81">
         <name>.debug_info</name>
         <load_address>0x3748</load_address>
         <run_address>0x3748</run_address>
         <size>0xaf</size>
         <input_file_ref idref="fl-90"/>
      </object_component>
      <object_component id="oc-87">
         <name>.debug_info</name>
         <load_address>0x37f7</load_address>
         <run_address>0x37f7</run_address>
         <size>0x1a5</size>
         <input_file_ref idref="fl-91"/>
      </object_component>
      <object_component id="oc-8c">
         <name>.debug_info</name>
         <load_address>0x399c</load_address>
         <run_address>0x399c</run_address>
         <size>0x13c</size>
         <input_file_ref idref="fl-92"/>
      </object_component>
      <object_component id="oc-8f">
         <name>.debug_info</name>
         <load_address>0x3ad8</load_address>
         <run_address>0x3ad8</run_address>
         <size>0x607</size>
         <input_file_ref idref="fl-93"/>
      </object_component>
      <object_component id="oc-92">
         <name>.debug_info</name>
         <load_address>0x40df</load_address>
         <run_address>0x40df</run_address>
         <size>0x6f0</size>
         <input_file_ref idref="fl-94"/>
      </object_component>
      <object_component id="oc-95">
         <name>.debug_info</name>
         <load_address>0x47cf</load_address>
         <run_address>0x47cf</run_address>
         <size>0xf1f</size>
         <input_file_ref idref="fl-95"/>
      </object_component>
      <object_component id="oc-9a">
         <name>.debug_info</name>
         <load_address>0x56ee</load_address>
         <run_address>0x56ee</run_address>
         <size>0x7fd</size>
         <input_file_ref idref="fl-96"/>
      </object_component>
      <object_component id="oc-9e">
         <name>.debug_info</name>
         <load_address>0x5eeb</load_address>
         <run_address>0x5eeb</run_address>
         <size>0x7ea</size>
         <input_file_ref idref="fl-97"/>
      </object_component>
      <object_component id="oc-a2">
         <name>.debug_info</name>
         <load_address>0x66d5</load_address>
         <run_address>0x66d5</run_address>
         <size>0x6d9</size>
         <input_file_ref idref="fl-98"/>
      </object_component>
      <object_component id="oc-a7">
         <name>.debug_info</name>
         <load_address>0x6dae</load_address>
         <run_address>0x6dae</run_address>
         <size>0x690</size>
         <input_file_ref idref="fl-99"/>
      </object_component>
      <object_component id="oc-ab">
         <name>.debug_info</name>
[...]
         <value>0x93ec</value>
         <object_component_ref idref="oc-115"/>
      </symbol>
      <symbol id="sm-4d7">
         <name>_HWI_enable</name>
         <value>0x93d8</value>
         <object_component_ref idref="oc-115"/>
      </symbol>
      <symbol id="sm-4d8">
         <name>_HWI_disable</name>
         <value>0x93c0</value>
         <object_component_ref idref="oc-115"/>
      </symbol>
      <symbol id="sm-4ee">
         <name>__IRQ_eventTable</name>
         <value>0xcc90</value>
         <object_component_ref idref="oc-11b"/>
      </symbol>
      <symbol id="sm-4ef">
         <name>__IRQ_intTable</name>
         <value>0xcd14</value>
         <object_component_ref idref="oc-11b"/>
      </symbol>
      <symbol id="sm-4f0">
         <name>_IRQ_map</name>
         <value>0x3c20</value>
         <object_component_ref idref="oc-207"/>
      </symbol>
      <symbol id="sm-4f1">
         <name>__IRQ_init</name>
         <value>0x5180</value>
         <object_component_ref idref="oc-21b"/>
      </symbol>
      <symbol id="sm-4f2">
         <name>__IRQ_dispatchTable</name>
         <value>0xcd54</value>
         <object_component_ref idref="oc-11b"/>
      </symbol>
      <symbol id="sm-4f3">
         <name>__IRQ_hookFetchPacket</name>
         <value>0x5580</value>
         <object_component_ref idref="oc-119"/>
      </symbol>
      <symbol id="sm-4ff">
         <name>_KNL_maxqueue</name>
         <value>0xe4d8</value>
         <object_component_ref idref="oc-11f"/>
      </symbol>
      <symbol id="sm-500">
         <name>_KNL_inactive</name>
         <value>0xe4b8</value>
         <object_component_ref idref="oc-11f"/>
      </symbol>
      <symbol id="sm-501">
         <name>_KNL_tswitchfxn</name>
         <value>0xe4dc</value>
         <object_component_ref idref="oc-11f"/>
      </symbol>
      <symbol id="sm-502">
         <name>_KNL_setpri</name>
         <value>0xe4b4</value>
         <object_component_ref idref="oc-11f"/>
      </symbol>
      <symbol id="sm-503">
         <name>_KNL_swiptr</name>
         <value>0xe4d0</value>
         <object_component_ref idref="oc-11f"/>
      </symbol>
      <symbol id="sm-504">
         <name>_KNL_dummy</name>
         <value>0xcdfc</value>
         <object_component_ref idref="oc-122"/>
      </symbol>
      <symbol id="sm-505">
         <name>_KNL_curtask</name>
         <value>0xe4c4</value>
         <object_component_ref idref="oc-11f"/>
      </symbol>
      <symbol id="sm-506">
         <name>_KNL_curqueue</name>
         <value>0xe4d4</value>
         <object_component_ref idref="oc-11f"/>
      </symbol>
      <symbol id="sm-507">
         <name>_KNL_wList</name>
         <value>0xe4ac</value>
         <object_component_ref idref="oc-11f"/>
      </symbol>
      <symbol id="sm-508">
         <name>_KNL_curtime</name>
         <value>0xe4cc</value>
         <object_component_ref idref="oc-11f"/>
      </symbol>
      <symbol id="sm-509">
         <name>_KNL_set</name>
         <value>0xe4c0</value>
         <object_component_ref idref="oc-11f"/>
      </symbol>
      <symbol id="sm-50a">
         <name>_KNL_alarm</name>
         <value>0xe4b0</value>
         <object_component_ref idref="oc-11f"/>
      </symbol>
      <symbol id="sm-50b">
         <name>_KNL_prevtask</name>
         <value>0xe4c8</value>
         <object_component_ref idref="oc-11f"/>
      </symbol>
      <symbol id="sm-50c">
         <name>_KNL_queues</name>
         <value>0xcd5c</value>
         <object_component_ref idref="oc-122"/>
      </symbol>
      <symbol id="sm-50d">
         <name>_KNL_idlefxn</name>
         <value>0xe4ec</value>
         <object_component_ref idref="oc-11f"/>
      </symbol>
      <symbol id="sm-50e">
         <name>_KNL_priority</name>
         <value>0xe4bc</value>
         <object_component_ref idref="oc-11f"/>
      </symbol>
      <symbol id="sm-50f">
         <name>_KNL_treadyfxn</name>
         <value>0xe4e8</value>
         <object_component_ref idref="oc-11f"/>
      </symbol>
      <symbol id="sm-510">
         <name>_KNL_tcreatefxn</name>
         <value>0xe4e0</value>
         <object_component_ref idref="oc-11f"/>
      </symbol>
      <symbol id="sm-511">
         <name>_KNL_wFlag</name>
         <value>0xe4a8</value>
         <object_component_ref idref="oc-11f"/>
      </symbol>
      <symbol id="sm-512">
         <name>_KNL_tdeletefxn</name>
         <value>0xe4e4</value>
         <object_component_ref idref="oc-11f"/>
      </symbol>
      <symbol id="sm-51c">
         <name>_KNL_exit</name>
         <value>0x8a00</value>
         <object_component_ref idref="oc-125"/>
      </symbol>
      <symbol id="sm-51d">
         <name>_KNL_enter</name>
         <value>0x8a54</value>
         <object_component_ref idref="oc-125"/>
      </symbol>
      <symbol id="sm-525">
         <name>__KNL_lat1beg</name>
         <value>0x8830</value>
         <object_component_ref idref="oc-128"/>
      </symbol>
      <symbol id="sm-526">
         <name>__KNL_lat1end</name>
         <value>0x88b8</value>
         <object_component_ref idref="oc-128"/>
      </symbol>
      <symbol id="sm-527">
         <name>_KNL_max</name>
         <value>0x88dc</value>
         <object_component_ref idref="oc-128"/>
      </symbol>
      <symbol id="sm-528">
         <name>_KNL_check</name>
         <value>0x87e0</value>
         <object_component_ref idref="oc-128"/>
      </symbol>
      <symbol id="sm-529">
         <name>_KNL_idle</name>
         <value>0x88b8</value>
         <object_component_ref idref="oc-128"/>
      </symbol>
      <symbol id="sm-533">
         <name>_KNL_post</name>
         <value>0x8e40</value>
         <object_component_ref idref="oc-12d"/>
      </symbol>
      <symbol id="sm-53d">
         <name>_KNL_ipost</name>
         <value>0x8d80</value>
         <object_component_ref idref="oc-131"/>
      </symbol>
      <symbol id="sm-547">
         <name>_KNL_run</name>
         <value>0x6ec0</value>
         <object_component_ref idref="oc-135"/>
      </symbol>
      <symbol id="sm-559">
         <name>_MCBSP_reset</name>
         <value>0x3fa0</value>
         <object_component_ref idref="oc-21d"/>
      </symbol>
      <symbol id="sm-55a">
         <name>_MCBSP_open</name>
         <value>0x4b40</value>
         <object_component_ref idref="oc-20b"/>
      </symbol>
      <symbol id="sm-55b">
         <name>__MCBSP_hDev0</name>
         <value>0xd0f0</value>
         <object_component_ref idref="oc-139"/>
      </symbol>
      <symbol id="sm-55c">
         <name>__MCBSP_hDev1</name>
         <value>0xd0f4</value>
         <object_component_ref idref="oc-139"/>
      </symbol>
      <symbol id="sm-55d">
         <name>_MCBSP_start</name>
         <value>0x4c40</value>
         <object_component_ref idref="oc-20c"/>
      </symbol>
      <symbol id="sm-56b">
         <name>_OBJ_table</name>
         <value>0xcef4</value>
         <object_component_ref idref="oc-13f"/>
      </symbol>
      <symbol id="sm-56c">
         <name>_OBJ_init</name>
         <value>0xda20</value>
         <object_component_ref idref="oc-140"/>
      </symbol>
      <symbol id="sm-56d">
         <name>_OBJ_segtab</name>
         <value>0xcf2c</value>
         <object_component_ref idref="oc-13f"/>
      </symbol>
      <symbol id="sm-579">
         <name>_RTDX_Buffer_ReadCB</name>
         <value>0xc980</value>
         <object_component_ref idref="oc-20f"/>
      </symbol>
      <symbol id="sm-57a">
         <name>RTDX_NORMALIZED_HDR</name>
         <value>0x1</value>
      </symbol>
      <symbol id="sm-57b">
         <name>_RTDX_Buffer_Read</name>
         <value>0xca60</value>
         <object_component_ref idref="oc-1f6"/>
      </symbol>
      <symbol id="sm-597">
         <name>_rtdx_buffer_state</name>
         <value>0xd5dc</value>
         <object_component_ref idref="oc-149"/>
      </symbol>
      <symbol id="sm-598">
         <name>_RTDX_Buffer_WriteCB</name>
         <value>0xc040</value>
         <object_component_ref idref="oc-210"/>
      </symbol>
      <symbol id="sm-599">
         <name>_rtdxNullChanCnt</name>
         <value>0xe560</value>
         <object_component_ref idref="oc-146"/>
      </symbol>
      <symbol id="sm-59a">
         <name>_RTDX_writing</name>
         <value>0xd5e8</value>
         <object_component_ref idref="oc-149"/>
      </symbol>
      <symbol id="sm-59b">
         <name>_RTDX_Buffer_Initialize</name>
         <value>0xc920</value>
         <object_component_ref idref="oc-1f9"/>
      </symbol>
      <symbol id="sm-59c">
         <name>_RTDX_Buffer_Write</name>
         <value>0xca80</value>
         <object_component_ref idref="oc-1f7"/>
      </symbol>
      <symbol id="sm-59d">
         <name>_rtdxNullFuncCnt</name>
         <value>0xe564</value>
         <object_component_ref idref="oc-146"/>
      </symbol>
      <symbol id="sm-59e">
         <name>_RTDX_Buffer_Size</name>
         <value>0xc9e0</value>
         <object_component_ref idref="oc-21e"/>
      </symbol>
      <symbol id="sm-5a8">
         <name>_RTDX_Mask_IER</name>
         <value>0xcac0</value>
         <object_component_ref idref="oc-14e"/>
      </symbol>
      <symbol id="sm-5c0">
         <name>_RTDX_Mon_Queue</name>
         <value>0xc680</value>
         <object_component_ref idref="oc-221"/>
      </symbol>
      <symbol id="sm-5c1">
         <name>_rtdx_mon_state</name>
         <value>0xd5fc</value>
         <object_component_ref idref="oc-152"/>
      </symbol>
      <symbol id="sm-5c2">
         <name>_RTDX_JTAGONLY</name>
         <value>0x2</value>
      </symbol>
      <symbol id="sm-5c3">
         <name>_RTDX_Final_RT_Monitor</name>
         <value>0xca20</value>
         <object_component_ref idref="oc-212"/>
      </symbol>
      <symbol id="sm-5c4">
         <name>_RTDX_Poll</name>
         <value>0xbc40</value>
         <object_component_ref idref="oc-1f5"/>
      </symbol>
      <symbol id="sm-5c5">
         <name>_RTDX_Init_RT_Monitor</name>
         <value>0xc8a0</value>
         <object_component_ref idref="oc-1fa"/>
      </symbol>
      <symbol id="sm-5cd">
         <name>_SEM_pendBinary</name>
         <value>0x9420</value>
         <object_component_ref idref="oc-156"/>
      </symbol>
      <symbol id="sm-5d7">
         <name>_SEM_pendEnterKnl</name>
         <value>0x7440</value>
         <object_component_ref idref="oc-15b"/>
      </symbol>
      <symbol id="sm-5df">
         <name>_SEM_postBinary</name>
         <value>0x8bc0</value>
         <object_component_ref idref="oc-15e"/>
      </symbol>
      <symbol id="sm-5e0">
         <name>_SEM_post</name>
         <value>0x8bc0</value>
         <object_component_ref idref="oc-15e"/>
      </symbol>
      <symbol id="sm-5ea">
         <name>_SEM_postEnterKnl</name>
         <value>0x8ae0</value>
         <object_component_ref idref="oc-163"/>
      </symbol>
      <symbol id="sm-5f2">
         <name>_STS_set</name>
         <value>0x9760</value>
         <object_component_ref idref="oc-166"/>
      </symbol>
      <symbol id="sm-602">
         <name>_TIMER_reset</name>
         <value>0x4920</value>
         <object_component_ref idref="oc-226"/>
      </symbol>
      <symbol id="sm-603">
         <name>_TIMER_open</name>
         <value>0x4560</value>
         <object_component_ref idref="oc-21c"/>
      </symbol>
      <symbol id="sm-604">
         <name>__TIMER_hDev0</name>
         <value>0xd16c</value>
         <object_component_ref idref="oc-16b"/>
      </symbol>
      <symbol id="sm-605">
         <name>__TIMER_hDev1</name>
         <value>0xd170</value>
         <object_component_ref idref="oc-16b"/>
      </symbol>
      <symbol id="sm-606">
         <name>__TIMER_hBios</name>
         <value>0xd174</value>
         <object_component_ref idref="oc-16b"/>
      </symbol>
      <symbol id="sm-607">
         <name>__TIMER_deviceTable</name>
         <value>0xd154</value>
         <object_component_ref idref="oc-16b"/>
      </symbol>
      <symbol id="sm-615">
         <name>_TSK_nTasks</name>
         <value>0xe568</value>
         <object_component_ref idref="oc-16f"/>
      </symbol>
      <symbol id="sm-616">
         <name>_TSK_config</name>
         <value>0xceb4</value>
         <object_component_ref idref="oc-172"/>
      </symbol>
      <symbol id="sm-617">
         <name>_TSK</name>
         <value>0xe570</value>
         <object_component_ref idref="oc-16f"/>
      </symbol>
      <symbol id="sm-618">
         <name>_TSK_timerSem</name>
         <value>0xced4</value>
         <object_component_ref idref="oc-172"/>
      </symbol>
      <symbol id="sm-619">
         <name>_TSK_pid</name>
         <value>0xe56c</value>
         <object_component_ref idref="oc-16f"/>
      </symbol>
      <symbol id="sm-61a">
         <name>_TSK_ATTRS</name>
         <value>0xce98</value>
         <object_component_ref idref="oc-172"/>
      </symbol>
      <symbol id="sm-624">
         <name>_TSK_exit</name>
         <value>0x8340</value>
         <object_component_ref idref="oc-176"/>
      </symbol>
      <symbol id="sm-62e">
         <name>_SYS_exit</name>
         <value>0x8fc0</value>
         <object_component_ref idref="oc-17a"/>
      </symbol>
      <symbol id="sm-63a">
         <name>_SYS_exitStack</name>
         <value>0xd178</value>
         <object_component_ref idref="oc-180"/>
      </symbol>
      <symbol id="sm-63b">
         <name>_SYS_exitStackPtr</name>
         <value>0xe57c</value>
         <object_component_ref idref="oc-17d"/>
      </symbol>
      <symbol id="sm-63c">
         <name>_SYS_exitStackTop</name>
         <value>0xe580</value>
         <object_component_ref idref="oc-17d"/>
      </symbol>
      <symbol id="sm-646">
         <name>_TSK_init</name>
         <value>0xd9a0</value>
         <object_component_ref idref="oc-183"/>
      </symbol>
      <symbol id="sm-650">
         <name>_TSK_setup</name>
         <value>0x7dc0</value>
         <object_component_ref idref="oc-187"/>
      </symbol>
      <symbol id="sm-662">
         <name>__MEM_mutex</name>
         <value>0xcfc4</value>
         <object_component_ref idref="oc-18d"/>
      </symbol>
      <symbol id="sm-663">
         <name>_TSK_startup</name>
         <value>0x8720</value>
         <object_component_ref idref="oc-18e"/>
      </symbol>
      <symbol id="sm-664">
         <name>__TSK_mutex</name>
         <value>0xcf9c</value>
         <object_component_ref idref="oc-18d"/>
      </symbol>
      <symbol id="sm-66e">
         <name>_LCK_pend</name>
         <value>0x8f30</value>
         <object_component_ref idref="oc-193"/>
      </symbol>
      <symbol id="sm-66f">
         <name>_LCK_post</name>
         <value>0x8f00</value>
         <object_component_ref idref="oc-193"/>
      </symbol>
      <symbol id="sm-677">
         <name>_SEM_pend</name>
         <value>0x9480</value>
         <object_component_ref idref="oc-196"/>
      </symbol>
      <symbol id="sm-681">
         <name>_SYS_abort</name>
         <value>0x94e0</value>
         <object_component_ref idref="oc-19b"/>
      </symbol>
      <symbol id="sm-68f">
         <name>__GBL_setL2CacheMode</name>
         <value>0x5fd4</value>
         <object_component_ref idref="oc-1a1"/>
      </symbol>
      <symbol id="sm-699">
         <name>__SEM_dopost</name>
         <value>0x7ba0</value>
         <object_component_ref idref="oc-1a5"/>
      </symbol>
      <symbol id="sm-6a3">
         <name>__auto_init</name>
         <value>0x84e0</value>
         <object_component_ref idref="oc-1a9"/>
      </symbol>
      <symbol id="sm-6ad">
         <name>__divd</name>
         <value>0x1a00</value>
         <object_component_ref idref="oc-200"/>
      </symbol>
      <symbol id="sm-6b7">
         <name>__divf</name>
         <value>0x28e0</value>
         <object_component_ref idref="oc-203"/>
      </symbol>
      <symbol id="sm-6c1">
         <name>__frcmpyd_div</name>
         <value>0x46a0</value>
         <object_component_ref idref="oc-214"/>
      </symbol>
      <symbol id="sm-6cb">
         <name>__llshru</name>
         <value>0x5420</value>
         <object_component_ref idref="oc-213"/>
      </symbol>
      <symbol id="sm-6d5">
         <name>__mpyll</name>
         <value>0x5220</value>
         <object_component_ref idref="oc-223"/>
      </symbol>
      <symbol id="sm-6e7">
         <name>__unlock</name>
         <value>0xd1c4</value>
         <object_component_ref idref="oc-1bd"/>
      </symbol>
      <symbol id="sm-6e8">
         <name>__lock</name>
         <value>0xd1c0</value>
         <object_component_ref idref="oc-1bd"/>
      </symbol>
      <symbol id="sm-6e9">
         <name>__register_lock</name>
         <value>0x5540</value>
         <object_component_ref idref="oc-1fb"/>
      </symbol>
      <symbol id="sm-6ea">
         <name>__nop</name>
         <value>0x5520</value>
         <object_component_ref idref="oc-1fe"/>
      </symbol>
      <symbol id="sm-6eb">
         <name>__register_unlock</name>
         <value>0x5560</value>
         <object_component_ref idref="oc-1fc"/>
      </symbol>
      <symbol id="sm-6f3">
         <name>__strasg</name>
         <value>0x4e20</value>
         <object_component_ref idref="oc-1f8"/>
      </symbol>
      <symbol id="sm-701">
         <name>_atan</name>
         <value>0x33a0</value>
         <object_component_ref idref="oc-1ff"/>
      </symbol>
      <symbol id="sm-70f">
         <name>_atexit</name>
         <value>0x4f00</value>
         <object_component_ref idref="oc-211"/>
      </symbol>
      <symbol id="sm-710">
         <name>___atexit_func_id__</name>
         <value>0xcae0</value>
         <object_component_ref idref="oc-1ca"/>
      </symbol>
      <symbol id="sm-720">
         <name>_dtors</name>
         <value>0xd03c</value>
         <object_component_ref idref="oc-1cf"/>
      </symbol>
      <symbol id="sm-721">
         <name>_call_dtors</name>
         <value>0x42c0</value>
         <object_component_ref idref="oc-227"/>
      </symbol>
      <symbol id="sm-722">
         <name>___add_dtor</name>
         <value>0x5480</value>
         <object_component_ref idref="oc-222"/>
      </symbol>
      <symbol id="sm-72e">
         <name>___TI_enable_exit_profile_output</name>
         <value>0xd1bc</value>
         <object_component_ref idref="oc-1d4"/>
      </symbol>
      <symbol id="sm-72f">
         <name>__cleanup_ptr</name>
         <value>0xd1b4</value>
         <object_component_ref idref="oc-1d4"/>
      </symbol>
      <symbol id="sm-730">
         <name>__dtors_ptr</name>
         <value>0xd1b8</value>
         <object_component_ref idref="oc-1d4"/>
      </symbol>
      <symbol id="sm-73e">
         <name>_cos</name>
         <value>0x25a0</value>
         <object_component_ref idref="oc-201"/>
      </symbol>
      <symbol id="sm-748">
         <name>__nround</name>
         <value>0x4d40</value>
         <object_component_ref idref="oc-216"/>
      </symbol>
      <symbol id="sm-752">
         <name>__trunc</name>
         <value>0x54c0</value>
         <object_component_ref idref="oc-215"/>
      </symbol>
      <symbol id="sm-75c">
         <name>_memcpy</name>
         <value>0x35e0</value>
         <object_component_ref idref="oc-1fd"/>
      </symbol>
      <symbol id="sm-766">
         <name>_modf</name>
         <value>0x4fe0</value>
         <object_component_ref idref="oc-217"/>
      </symbol>
      <symbol id="sm-774">
         <name>_sin</name>
         <value>0x2be0</value>
         <object_component_ref idref="oc-202"/>
      </symbol>
      <symbol id="sm-77e">
         <name>_sqrt</name>
         <value>0x47e0</value>
         <object_component_ref idref="oc-204"/>
      </symbol>
      <symbol id="sm-788">
         <name>_errno</name>
         <value>0xce34</value>
         <object_component_ref idref="oc-1f2"/>
      </symbol>
   </symbol_table>
</link_info>
