<?xml version="1.0"?>
<link_info>
   <banner>TMS320C6x Linker PC v7.4.8</banner>
   <copyright>Copyright (c) 1996-2014 Texas Instruments Incorporated</copyright>
   <link_time>0x5f3d67eb</link_time>
   <output_file>Sonar.out</output_file>
   <entry_point>
      <name>_c_int00</name>
      <address>0xe120</address>
   </entry_point>
   <input_file_list>
      <input_file id="fl-b">
         <path>.\</path>
         <kind>object</kind>
         <file>config_AIC23.obj</file>
         <name>config_AIC23.obj</name>
      </input_file>
      <input_file id="fl-c">
         <path>.\</path>
         <kind>object</kind>
         <file>sonar.obj</file>
         <name>sonar.obj</name>
      </input_file>
      <input_file id="fl-d">
         <path>.\</path>
         <kind>object</kind>
         <file>sonarcfg.obj</file>
         <name>sonarcfg.obj</name>
      </input_file>
      <input_file id="fl-e">
         <path>.\</path>
         <kind>object</kind>
         <file>sonarcfg_c.obj</file>
         <name>sonarcfg_c.obj</name>
      </input_file>
      <input_file id="fl-8d">
         <path>c:\ti\bios_5_42_01_09\packages\ti\bios\lib\</path>
         <kind>archive</kind>
         <file>biosC6000.a67</file>
         <name>clk_htime.o67</name>
      </input_file>
      <input_file id="fl-8e">
         <path>c:\ti\bios_5_42_01_09\packages\ti\bios\lib\</path>
         <kind>archive</kind>
         <file>bios.a67</file>
         <name>biosdata.o67</name>
      </input_file>
      <input_file id="fl-8f">
         <path>c:\ti\bios_5_42_01_09\packages\ti\bios\lib\</path>
         <kind>archive</kind>
         <file>bios.a67</file>
         <name>hwi_disp_asm.o67</name>
      </input_file>
      <input_file id="fl-90">
         <path>c:\ti\bios_5_42_01_09\packages\ti\bios\lib\</path>
         <kind>archive</kind>
         <file>bios.a67</file>
         <name>idl_stub.o67</name>
      </input_file>
      <input_file id="fl-91">
         <path>c:\ti\bios_5_42_01_09\packages\ti\bios\lib\</path>
         <kind>archive</kind>
         <file>lnkrtdx.a67</file>
         <name>rtdx.o67</name>
      </input_file>
      <input_file id="fl-92">
         <path>c:\ti\bios_5_42_01_09\packages\ti\bios\lib\</path>
         <kind>archive</kind>
         <file>bios.a67</file>
         <name>swi.o67</name>
      </input_file>
      <input_file id="fl-93">
         <path>c:\ti\bios_5_42_01_09\packages\ti\bios\lib\</path>
         <kind>archive</kind>
         <file>bios.a67</file>
         <name>fxn_c.o67</name>
      </input_file>
      <input_file id="fl-94">
         <path>c:\ti\bios_5_42_01_09\packages\ti\bios\lib\</path>
         <kind>archive</kind>
         <file>bios.a67</file>
         <name>gbl_cslpllinit62.o67</name>
      </input_file>
      <input_file id="fl-95">
         <path>c:\ti\bios_5_42_01_09\packages\ti\bios\lib\</path>
         <kind>archive</kind>
         <file>bios.a67</file>
         <name>knl_tick.o67</name>
      </input_file>
      <input_file id="fl-96">
         <path>c:\ti\bios_5_42_01_09\packages\ti\bios\lib\</path>
         <kind>archive</kind>
         <file>bios.a67</file>
         <name>utl_doab.o67</name>
      </input_file>
      <input_file id="fl-97">
         <path>c:\ti\bios_5_42_01_09\packages\ti\bios\lib\</path>
         <kind>archive</kind>
         <file>bios.a67</file>
         <name>utl_doer.o67</name>
      </input_file>
      <input_file id="fl-98">
         <path>c:\ti\bios_5_42_01_09\packages\ti\bios\lib\</path>
         <kind>archive</kind>
         <file>bios.a67</file>
         <name>utl_putc.o67</name>
      </input_file>
      <input_file id="fl-99">
         <path>c:\ti\bios_5_42_01_09\packages\ti\bios\lib\</path>
         <kind>archive</kind>
         <file>bios.a67</file>
         <name>utl_halt.o67</name>
      </input_file>
      <input_file id="fl-9a">
         <path>c:\ti\bios_5_42_01_09\packages\ti\bios\lib\</path>
         <kind>archive</kind>
         <file>biosC6000.a67</file>
         <name>clk.o67</name>
      </input_file>
      <input_file id="fl-9b">
         <path>c:\ti\bios_5_42_01_09\packages\ti\bios\lib\</path>
         <kind>archive</kind>
         <file>bios.a67</file>
         <name>fxn.o67</name>
      </input_file>
      <input_file id="fl-9c">
         <path>c:\ti\bios_5_42_01_09\packages\ti\bios\lib\</path>
         <kind>archive</kind>
         <file>bios.a67</file>
         <name>boot.o67</name>
      </input_file>
      <input_file id="fl-9d">
         <path>c:\ti\bios_5_42_01_09\packages\ti\bios\lib\</path>
         <kind>archive</kind>
         <file>bios.a67</file>
         <name>trc.o67</name>
      </input_file>
      <input_file id="fl-9e">
         <path>c:\ti\bios_5_42_01_09\packages\ti\bios\lib\</path>
         <kind>archive</kind>
         <file>bios.a67</file>
         <name>hwi.o67</name>
      </input_file>
      <input_file id="fl-9f">
         <path>c:\ti\bios_5_42_01_09\packages\ti\bios\lib\</path>
         <kind>archive</kind>
         <file>bios.a67</file>
         <name>idl_busy.o67</name>
      </input_file>
      <input_file id="fl-a0">
         <path>c:\ti\bios_5_42_01_09\packages\ti\bios\lib\</path>
         <kind>archive</kind>
         <file>biosC6000.a67</file>
         <name>idl_cal.o67</name>
      </input_file>
      <input_file id="fl-a1">
         <path>c:\ti\bios_5_42_01_09\packages\ti\bios\lib\</path>
         <kind>archive</kind>
         <file>bios.a67</file>
         <name>idl.o67</name>
      </input_file>
      <input_file id="fl-a2">
         <path>c:\ti\bios_5_42_01_09\packages\ti\bios\lib\</path>
         <kind>archive</kind>
         <file>bios.a67</file>
         <name>knl_swit.o67</name>
      </input_file>
      <input_file id="fl-a3">
         <path>c:\ti\bios_5_42_01_09\packages\ti\bios\lib\</path>
         <kind>archive</kind>
         <file>bios.a67</file>
         <name>log.o67</name>
      </input_file>
      <input_file id="fl-a4">
         <path>c:\ti\bios_5_42_01_09\packages\ti\bios\lib\</path>
         <kind>archive</kind>
         <file>bios.a67</file>
         <name>pip.o67</name>
      </input_file>
      <input_file id="fl-a5">
         <path>c:\ti\bios_5_42_01_09\packages\ti\bios\lib\</path>
         <kind>archive</kind>
         <file>bios.a67</file>
         <name>prd.o67</name>
      </input_file>
      <input_file id="fl-a6">
         <path>c:\ti\bios_5_42_01_09\packages\ti\bios\lib\</path>
         <kind>archive</kind>
         <file>bios.a67</file>
         <name>rta.o67</name>
      </input_file>
      <input_file id="fl-a7">
         <path>c:\ti\bios_5_42_01_09\packages\ti\bios\lib\</path>
         <kind>archive</kind>
         <file>bios.a67</file>
         <name>rta_andn.o67</name>
      </input_file>
      <input_file id="fl-a8">
         <path>c:\ti\bios_5_42_01_09\packages\ti\bios\lib\</path>
         <kind>archive</kind>
         <file>bios.a67</file>
         <name>sts.o67</name>
      </input_file>
      <input_file id="fl-a9">
         <path>c:\ti\bios_5_42_01_09\packages\ti\bios\lib\</path>
         <kind>archive</kind>
         <file>bios.a67</file>
         <name>clk_data.o67</name>
      </input_file>
      <input_file id="fl-aa">
         <path>c:\ti\bios_5_42_01_09\packages\ti\bios\lib\</path>
         <kind>archive</kind>
         <file>bios.a67</file>
         <name>clk_data2.o67</name>
      </input_file>
      <input_file id="fl-ab">
         <path>c:\ti\bios_5_42_01_09\packages\ti\bios\lib\</path>
         <kind>archive</kind>
         <file>biosC6000.a67</file>
         <name>clk_meas.o67</name>
      </input_file>
      <input_file id="fl-ac">
         <path>c:\ti\bios_5_42_01_09\packages\ti\bios\lib\</path>
         <kind>archive</kind>
         <file>biosC6000.a67</file>
         <name>clk_start.o67</name>
      </input_file>
      <input_file id="fl-ad">
         <path>c:\ti\bios_5_42_01_09\packages\ti\bios\lib\</path>
         <kind>archive</kind>
         <file>biosC6000.a67</file>
         <name>clk_stop.o67</name>
      </input_file>
      <input_file id="fl-ae">
         <path>c:\ti\C6xCSL\lib_3x\</path>
         <kind>archive</kind>
         <file>csl6713.lib</file>
         <name>csl.obj</name>
      </input_file>
      <input_file id="fl-af">
         <path>c:\ti\DSK6713\c6000\dsk6713\lib\</path>
         <kind>archive</kind>
         <file>dsk6713bsl.lib</file>
         <name>dsk6713_led.obj</name>
      </input_file>
      <input_file id="fl-b0">
         <path>c:\ti\DSK6713\c6000\dsk6713\lib\</path>
         <kind>archive</kind>
         <file>dsk6713bsl.lib</file>
         <name>dsk6713.obj</name>
      </input_file>
      <input_file id="fl-b1">
         <path>C:\ti\DSPLIB\c6700\dsplib\lib\</path>
         <kind>archive</kind>
         <file>dsp67x.lib</file>
         <name>DSPF_sp_cfftr2_dit.obj</name>
      </input_file>
      <input_file id="fl-b2">
         <path>C:\ti\DSPLIB\c6700\dsplib\lib\</path>
         <kind>archive</kind>
         <file>dsp67x.lib</file>
         <name>DSPF_sp_icfftr2_dif.obj</name>
      </input_file>
      <input_file id="fl-b3">
         <path>c:\ti\C6xCSL\lib_3x\</path>
         <kind>archive</kind>
         <file>csl6713.lib</file>
         <name>csl_edma.obj</name>
      </input_file>
      <input_file id="fl-b4">
         <path>c:\ti\bios_5_42_01_09\packages\ti\bios\lib\</path>
         <kind>archive</kind>
         <file>bios.a67</file>
         <name>gbl_cslcacheinit.o67</name>
      </input_file>
      <input_file id="fl-b5">
         <path>c:\ti\bios_5_42_01_09\packages\ti\bios\lib\</path>
         <kind>archive</kind>
         <file>bios.a67</file>
         <name>gbl_vers.o67</name>
      </input_file>
      <input_file id="fl-b6">
         <path>c:\ti\bios_5_42_01_09\packages\ti\bios\lib\</path>
         <kind>archive</kind>
         <file>bios.a67</file>
         <name>hwi_c.o67</name>
      </input_file>
      <input_file id="fl-b7">
         <path>c:\ti\C6xCSL\lib_3x\</path>
         <kind>archive</kind>
         <file>csl6713.lib</file>
         <name>csl_irq.obj</name>
      </input_file>
      <input_file id="fl-b8">
         <path>c:\ti\bios_5_42_01_09\packages\ti\bios\lib\</path>
         <kind>archive</kind>
         <file>bios.a67</file>
         <name>knl.o67</name>
      </input_file>
      <input_file id="fl-b9">
         <path>c:\ti\bios_5_42_01_09\packages\ti\bios\lib\</path>
         <kind>archive</kind>
         <file>bios.a67</file>
         <name>knl_exit.o67</name>
      </input_file>
      <input_file id="fl-ba">
         <path>c:\ti\bios_5_42_01_09\packages\ti\bios\lib\</path>
         <kind>archive</kind>
         <file>bios.a67</file>
         <name>knl_chec.o67</name>
      </input_file>
      <input_file id="fl-bb">
         <path>c:\ti\bios_5_42_01_09\packages\ti\bios\lib\</path>
         <kind>archive</kind>
         <file>bios.a67</file>
         <name>knl_post.o67</name>
      </input_file>
      <input_file id="fl-bc">
         <path>c:\ti\bios_5_42_01_09\packages\ti\bios\lib\</path>
         <kind>archive</kind>
         <file>bios.a67</file>
         <name>knl_ipos.o67</name>
      </input_file>
      <input_file id="fl-bd">
         <path>c:\ti\bios_5_42_01_09\packages\ti\bios\lib\</path>
         <kind>archive</kind>
         <file>bios.a67</file>
         <name>knl_run.o67</name>
      </input_file>
      <input_file id="fl-be">
         <path>c:\ti\C6xCSL\lib_3x\</path>
         <kind>archive</kind>
         <file>csl6713.lib</file>
         <name>csl_mcbsp.obj</name>
      </input_file>
      <input_file id="fl-bf">
         <path>c:\ti\bios_5_42_01_09\packages\ti\bios\lib\</path>
         <kind>archive</kind>
         <file>bios.a67</file>
         <name>obj_init.o67</name>
      </input_file>
      <input_file id="fl-c0">
         <path>c:\ti\bios_5_42_01_09\packages\ti\rtdx\lib\c6000\</path>
         <kind>archive</kind>
         <file>rtdx.lib</file>
         <name>buffer2.o62</name>
      </input_file>
      <input_file id="fl-c1">
         <path>c:\ti\bios_5_42_01_09\packages\ti\rtdx\lib\c6000\</path>
         <kind>archive</kind>
         <file>rtdx.lib</file>
         <name>buffer1.o62</name>
      </input_file>
      <input_file id="fl-c2">
         <path>c:\ti\bios_5_42_01_09\packages\ti\rtdx\lib\c6000\</path>
         <kind>archive</kind>
         <file>rtdx.lib</file>
         <name>intr_tgt.o62</name>
      </input_file>
      <input_file id="fl-c3">
         <path>c:\ti\bios_5_42_01_09\packages\ti\rtdx\lib\c6000\</path>
         <kind>archive</kind>
         <file>rtdx.lib</file>
         <name>rtdx_mon.o62</name>
      </input_file>
      <input_file id="fl-c4">
         <path>c:\ti\bios_5_42_01_09\packages\ti\bios\lib\</path>
         <kind>archive</kind>
         <file>bios.a67</file>
         <name>sem_pend_binary.o67</name>
      </input_file>
      <input_file id="fl-c5">
         <path>c:\ti\bios_5_42_01_09\packages\ti\bios\lib\</path>
         <kind>archive</kind>
         <file>bios.a67</file>
         <name>sem_pend.o67</name>
      </input_file>
      <input_file id="fl-c6">
         <path>c:\ti\bios_5_42_01_09\packages\ti\bios\lib\</path>
         <kind>archive</kind>
         <file>bios.a67</file>
         <name>sem_post_asm.o67</name>
      </input_file>
      <input_file id="fl-c7">
         <path>c:\ti\bios_5_42_01_09\packages\ti\bios\lib\</path>
         <kind>archive</kind>
         <file>bios.a67</file>
         <name>sem_post.o67</name>
      </input_file>
      <input_file id="fl-c8">
         <path>c:\ti\bios_5_42_01_09\packages\ti\bios\lib\</path>
         <kind>archive</kind>
         <file>bios.a67</file>
         <name>sts_set.o67</name>
      </input_file>
      <input_file id="fl-c9">
         <path>c:\ti\C6xCSL\lib_3x\</path>
         <kind>archive</kind>
         <file>csl6713.lib</file>
         <name>csl_timer.obj</name>
      </input_file>
      <input_file id="fl-ca">
         <path>c:\ti\bios_5_42_01_09\packages\ti\bios\lib\</path>
         <kind>archive</kind>
         <file>bios.a67</file>
         <name>tsk.o67</name>
      </input_file>
      <input_file id="fl-cb">
         <path>c:\ti\bios_5_42_01_09\packages\ti\bios\lib\</path>
         <kind>archive</kind>
         <file>bios.a67</file>
         <name>tsk_exit.o67</name>
      </input_file>
      <input_file id="fl-cc">
         <path>c:\ti\bios_5_42_01_09\packages\ti\bios\lib\</path>
         <kind>archive</kind>
         <file>bios.a67</file>
         <name>sys_exit.o67</name>
      </input_file>
      <input_file id="fl-cd">
         <path>c:\ti\bios_5_42_01_09\packages\ti\bios\lib\</path>
         <kind>archive</kind>
         <file>bios.a67</file>
         <name>sys.o67</name>
      </input_file>
      <input_file id="fl-ce">
         <path>c:\ti\bios_5_42_01_09\packages\ti\bios\lib\</path>
         <kind>archive</kind>
         <file>bios.a67</file>
         <name>tsk_init.o67</name>
      </input_file>
      <input_file id="fl-cf">
         <path>c:\ti\bios_5_42_01_09\packages\ti\bios\lib\</path>
         <kind>archive</kind>
         <file>bios.a67</file>
         <name>tsk_setu.o67</name>
      </input_file>
      <input_file id="fl-d0">
         <path>c:\ti\bios_5_42_01_09\packages\ti\bios\lib\</path>
         <kind>archive</kind>
         <file>bios.a67</file>
         <name>tsk_stup.o67</name>
      </input_file>
      <input_file id="fl-d1">
         <path>c:\ti\bios_5_42_01_09\packages\ti\bios\lib\</path>
         <kind>archive</kind>
         <file>bios.a67</file>
         <name>lck.o67</name>
      </input_file>
      <input_file id="fl-d2">
         <path>c:\ti\bios_5_42_01_09\packages\ti\bios\lib\</path>
         <kind>archive</kind>
         <file>bios.a67</file>
         <name>sem_pend_counting.o67</name>
      </input_file>
      <input_file id="fl-d3">
         <path>c:\ti\bios_5_42_01_09\packages\ti\bios\lib\</path>
         <kind>archive</kind>
         <file>bios.a67</file>
         <name>sys_abor.o67</name>
      </input_file>
      <input_file id="fl-d4">
         <path>c:\ti\bios_5_42_01_09\packages\ti\bios\lib\</path>
         <kind>archive</kind>
         <file>bios.a67</file>
         <name>gbl_setL2CacheMode.o67</name>
      </input_file>
      <input_file id="fl-d5">
         <path>c:\ti\bios_5_42_01_09\packages\ti\bios\lib\</path>
         <kind>archive</kind>
         <file>bios.a67</file>
         <name>sem_dopo.o67</name>
      </input_file>
      <input_file id="fl-d6">
         <path>c:\ti\bios_5_42_01_09\packages\ti\bios\lib\</path>
         <kind>archive</kind>
         <file>bios.a67</file>
         <name>autoinit.o67</name>
      </input_file>
      <input_file id="fl-d7">
         <path>c:\ti\ccsv6\tools\compiler\c6000_7.4.8\lib\</path>
         <kind>archive</kind>
         <file>rts6700.lib</file>
         <name>divd.obj</name>
      </input_file>
      <input_file id="fl-d8">
         <path>c:\ti\ccsv6\tools\compiler\c6000_7.4.8\lib\</path>
         <kind>archive</kind>
         <file>rts6700.lib</file>
         <name>divf.obj</name>
      </input_file>
      <input_file id="fl-d9">
         <path>c:\ti\ccsv6\tools\compiler\c6000_7.4.8\lib\</path>
         <kind>archive</kind>
         <file>rts6700.lib</file>
         <name>frcmpyd_div.obj</name>
      </input_file>
      <input_file id="fl-da">
         <path>c:\ti\ccsv6\tools\compiler\c6000_7.4.8\lib\</path>
         <kind>archive</kind>
         <file>rts6700.lib</file>
         <name>llshift.obj</name>
      </input_file>
      <input_file id="fl-db">
         <path>c:\ti\ccsv6\tools\compiler\c6000_7.4.8\lib\</path>
         <kind>archive</kind>
         <file>rts6700.lib</file>
         <name>mpyll.obj</name>
      </input_file>
      <input_file id="fl-dc">
         <path>c:\ti\ccsv6\tools\compiler\c6000_7.4.8\lib\</path>
         <kind>archive</kind>
         <file>rts6700.lib</file>
         <name>_lock.obj</name>
      </input_file>
      <input_file id="fl-dd">
         <path>c:\ti\ccsv6\tools\compiler\c6000_7.4.8\lib\</path>
         <kind>archive</kind>
         <file>rts6700.lib</file>
         <name>strasg.obj</name>
      </input_file>
      <input_file id="fl-de">
         <path>c:\ti\ccsv6\tools\compiler\c6000_7.4.8\lib\</path>
         <kind>archive</kind>
         <file>rts6700.lib</file>
         <name>atan.obj</name>
      </input_file>
      <input_file id="fl-df">
         <path>c:\ti\ccsv6\tools\compiler\c6000_7.4.8\lib\</path>
         <kind>archive</kind>
         <file>rts6700.lib</file>
         <name>atexit.obj</name>
      </input_file>
      <input_file id="fl-e0">
         <path>c:\ti\ccsv6\tools\compiler\c6000_7.4.8\lib\</path>
         <kind>archive</kind>
         <file>rts6700.lib</file>
         <name>sinit.obj</name>
      </input_file>
      <input_file id="fl-e1">
         <path>c:\ti\ccsv6\tools\compiler\c6000_7.4.8\lib\</path>
         <kind>archive</kind>
         <file>rts6700.lib</file>
         <name>exit.obj</name>
      </input_file>
      <input_file id="fl-e2">
         <path>c:\ti\ccsv6\tools\compiler\c6000_7.4.8\lib\</path>
         <kind>archive</kind>
         <file>rts6700.lib</file>
         <name>cos.obj</name>
      </input_file>
      <input_file id="fl-e3">
         <path>c:\ti\ccsv6\tools\compiler\c6000_7.4.8\lib\</path>
         <kind>archive</kind>
         <file>rts6700.lib</file>
         <name>round.obj</name>
      </input_file>
      <input_file id="fl-e4">
         <path>c:\ti\ccsv6\tools\compiler\c6000_7.4.8\lib\</path>
         <kind>archive</kind>
         <file>rts6700.lib</file>
         <name>trunc.obj</name>
      </input_file>
      <input_file id="fl-e5">
         <path>c:\ti\ccsv6\tools\compiler\c6000_7.4.8\lib\</path>
         <kind>archive</kind>
         <file>rts6700.lib</file>
         <name>memcpy62.obj</name>
      </input_file>
      <input_file id="fl-e6">
         <path>c:\ti\ccsv6\tools\compiler\c6000_7.4.8\lib\</path>
         <kind>archive</kind>
         <file>rts6700.lib</file>
         <name>modf.obj</name>
      </input_file>
      <input_file id="fl-e7">
         <path>c:\ti\ccsv6\tools\compiler\c6000_7.4.8\lib\</path>
         <kind>archive</kind>
         <file>rts6700.lib</file>
         <name>sin.obj</name>
      </input_file>
      <input_file id="fl-e8">
         <path>c:\ti\ccsv6\tools\compiler\c6000_7.4.8\lib\</path>
         <kind>archive</kind>
         <file>rts6700.lib</file>
         <name>sqrt.obj</name>
      </input_file>
      <input_file id="fl-e9">
         <path>c:\ti\ccsv6\tools\compiler\c6000_7.4.8\lib\</path>
         <kind>archive</kind>
         <file>rts6700.lib</file>
         <name>errno.obj</name>
      </input_file>
   </input_file_list>
   <object_component_list>
      <object_component id="oc-72">
         <name>.vers</name>
         <load_address>0x0</load_address>
         <run_address>0x0</run_address>
         <size>0x3c</size>
         <input_file_ref idref="fl-d"/>
      </object_component>
      <object_component id="oc-5f">
         <name>.clk</name>
         <uninitialized>true</uninitialized>
         <run_address>0xde58</run_address>
         <size>0x8</size>
         <input_file_ref idref="fl-d"/>
      </object_component>
      <object_component id="oc-60">
         <name>.prd</name>
         <uninitialized>true</uninitialized>
         <run_address>0xf5e4</run_address>
         <size>0x20</size>
         <input_file_ref idref="fl-d"/>
      </object_component>
      <object_component id="oc-7">
         <name>HWI_A_VECS</name>
         <load_address>0x0</load_address>
         <run_address>0x0</run_address>
         <size>0x0</size>
      </object_component>
      <object_component id="oc-67">
         <name>.hwi_vec</name>
         <load_address>0x0</load_address>
         <run_address>0x0</run_address>
         <size>0x200</size>
         <input_file_ref idref="fl-d"/>
      </object_component>
      <object_component id="oc-68">
         <name>.swi</name>
         <uninitialized>true</uninitialized>
         <run_address>0xf440</run_address>
         <size>0x84</size>
         <input_file_ref idref="fl-d"/>
      </object_component>
      <object_component id="oc-69">
         <name>.tsk</name>
         <uninitialized>true</uninitialized>
         <run_address>0xf2c8</run_address>
         <size>0xc0</size>
         <input_file_ref idref="fl-d"/>
      </object_component>
      <object_component id="oc-6d">
         <name>.idl</name>
         <uninitialized>true</uninitialized>
         <run_address>0xf62c</run_address>
         <size>0x10</size>
         <input_file_ref idref="fl-d"/>
      </object_component>
      <object_component id="oc-6c">
         <name>.idlcal</name>
         <uninitialized>true</uninitialized>
         <run_address>0xf63c</run_address>
         <size>0x10</size>
         <input_file_ref idref="fl-d"/>
      </object_component>
      <object_component id="oc-52">
         <name>.bss</name>
         <uninitialized>true</uninitialized>
         <run_address>0xed30</run_address>
         <size>0x1c</size>
         <input_file_ref idref="fl-c"/>
      </object_component>
      <object_component id="oc-5a">
         <name>.bss</name>
         <uninitialized>true</uninitialized>
         <run_address>0xed7c</run_address>
         <size>0x18</size>
         <input_file_ref idref="fl-d"/>
      </object_component>
      <object_component id="oc-7b">
         <name>.bss</name>
         <uninitialized>true</uninitialized>
         <run_address>0xeb80</run_address>
         <size>0xcc</size>
         <input_file_ref idref="fl-8e"/>
      </object_component>
      <object_component id="oc-7d">
         <name>.bss</name>
         <uninitialized>true</uninitialized>
         <run_address>0xea80</run_address>
         <size>0x100</size>
         <input_file_ref idref="fl-8f"/>
      </object_component>
      <object_component id="oc-84">
         <name>.bss</name>
         <uninitialized>true</uninitialized>
         <run_address>0xed64</run_address>
         <size>0x18</size>
         <input_file_ref idref="fl-91"/>
      </object_component>
      <object_component id="oc-8a">
         <name>.bss</name>
         <uninitialized>true</uninitialized>
         <run_address>0xec4c</run_address>
         <size>0x9c</size>
         <input_file_ref idref="fl-92"/>
      </object_component>
      <object_component id="oc-b8">
         <name>.bss</name>
         <uninitialized>true</uninitialized>
         <run_address>0xed4c</run_address>
         <size>0x18</size>
         <input_file_ref idref="fl-9e"/>
      </object_component>
      <object_component id="oc-ba">
         <name>.bss</name>
         <uninitialized>true</uninitialized>
         <run_address>0xedc8</run_address>
         <size>0x4</size>
         <input_file_ref idref="fl-9f"/>
      </object_component>
      <object_component id="oc-e6">
         <name>.bss</name>
         <uninitialized>true</uninitialized>
         <run_address>0xedb0</run_address>
         <size>0x8</size>
         <input_file_ref idref="fl-a9"/>
      </object_component>
      <object_component id="oc-e9">
         <name>.bss</name>
         <uninitialized>true</uninitialized>
         <run_address>0xedc0</run_address>
         <size>0x4</size>
         <input_file_ref idref="fl-aa"/>
      </object_component>
      <object_component id="oc-127">
         <name>.bss</name>
         <uninitialized>true</uninitialized>
         <run_address>0xece8</run_address>
         <size>0x48</size>
         <input_file_ref idref="fl-b8"/>
      </object_component>
      <object_component id="oc-14e">
         <name>.bss</name>
         <uninitialized>true</uninitialized>
         <run_address>0xed94</run_address>
         <size>0x10</size>
         <input_file_ref idref="fl-c1"/>
      </object_component>
      <object_component id="oc-177">
         <name>.bss</name>
         <uninitialized>true</uninitialized>
         <run_address>0xeda4</run_address>
         <size>0xc</size>
         <input_file_ref idref="fl-ca"/>
      </object_component>
      <object_component id="oc-185">
         <name>.bss</name>
         <uninitialized>true</uninitialized>
         <run_address>0xedb8</run_address>
         <size>0x8</size>
         <input_file_ref idref="fl-cd"/>
      </object_component>
      <object_component id="oc-1a6">
         <name>.bss</name>
         <uninitialized>true</uninitialized>
         <run_address>0xedc4</run_address>
         <size>0x4</size>
         <input_file_ref idref="fl-d4"/>
      </object_component>
      <object_component id="oc-4f">
         <name>.far</name>
         <uninitialized>true</uninitialized>
         <run_address>0xd938</run_address>
         <size>0x34</size>
         <input_file_ref idref="fl-b"/>
      </object_component>
      <object_component id="oc-57">
         <name>.far</name>
         <uninitialized>true</uninitialized>
         <run_address>0xd82c</run_address>
         <size>0x50</size>
         <input_file_ref idref="fl-c"/>
      </object_component>
      <object_component id="oc-97">
         <name>.far</name>
         <uninitialized>true</uninitialized>
         <run_address>0xd9d8</run_address>
         <size>0x10</size>
         <input_file_ref idref="fl-95"/>
      </object_component>
      <object_component id="oc-a4">
         <name>.far</name>
         <uninitialized>true</uninitialized>
         <run_address>0xd9e8</run_address>
         <size>0xc</size>
         <input_file_ref idref="fl-98"/>
      </object_component>
      <object_component id="oc-f9">
         <name>.far</name>
         <uninitialized>true</uninitialized>
         <run_address>0xd96c</run_address>
         <size>0x28</size>
         <input_file_ref idref="fl-ae"/>
      </object_component>
      <object_component id="oc-fe">
         <name>.far</name>
         <uninitialized>true</uninitialized>
         <run_address>0xda0a</run_address>
         <size>0x2</size>
         <input_file_ref idref="fl-af"/>
      </object_component>
      <object_component id="oc-103">
         <name>.far</name>
         <uninitialized>true</uninitialized>
         <run_address>0xda08</run_address>
         <size>0x2</size>
         <input_file_ref idref="fl-b0"/>
      </object_component>
      <object_component id="oc-111">
         <name>.far</name>
         <uninitialized>true</uninitialized>
         <run_address>0xd788</run_address>
         <size>0x54</size>
         <input_file_ref idref="fl-b3"/>
      </object_component>
      <object_component id="oc-123">
         <name>.far</name>
         <uninitialized>true</uninitialized>
         <run_address>0xd4a8</run_address>
         <size>0xf4</size>
         <input_file_ref idref="fl-b7"/>
      </object_component>
      <object_component id="oc-12a">
         <name>.far</name>
         <uninitialized>true</uninitialized>
         <run_address>0xd59c</run_address>
         <size>0xd8</size>
         <input_file_ref idref="fl-b8"/>
      </object_component>
      <object_component id="oc-141">
         <name>.far</name>
         <uninitialized>true</uninitialized>
         <run_address>0xd900</run_address>
         <size>0x38</size>
         <input_file_ref idref="fl-be"/>
      </object_component>
      <object_component id="oc-147">
         <name>.far</name>
         <uninitialized>true</uninitialized>
         <run_address>0xd734</run_address>
         <size>0x54</size>
         <input_file_ref idref="fl-bf"/>
      </object_component>
      <object_component id="oc-173">
         <name>.far</name>
         <uninitialized>true</uninitialized>
         <run_address>0xd994</run_address>
         <size>0x24</size>
         <input_file_ref idref="fl-c9"/>
      </object_component>
      <object_component id="oc-17a">
         <name>.far</name>
         <uninitialized>true</uninitialized>
         <run_address>0xd6d8</run_address>
         <size>0x5c</size>
         <input_file_ref idref="fl-ca"/>
      </object_component>
      <object_component id="oc-188">
         <name>.far</name>
         <uninitialized>true</uninitialized>
         <run_address>0xd9b8</run_address>
         <size>0x20</size>
         <input_file_ref idref="fl-cd"/>
      </object_component>
      <object_component id="oc-195">
         <name>.far</name>
         <uninitialized>true</uninitialized>
         <run_address>0xd7dc</run_address>
         <size>0x50</size>
         <input_file_ref idref="fl-d0"/>
      </object_component>
      <object_component id="oc-1c5">
         <name>.far</name>
         <uninitialized>true</uninitialized>
         <run_address>0xda00</run_address>
         <size>0x8</size>
         <input_file_ref idref="fl-dc"/>
      </object_component>
      <object_component id="oc-1cd">
         <name>.far</name>
         <uninitialized>true</uninitialized>
         <run_address>0xd678</run_address>
         <size>0x60</size>
         <input_file_ref idref="fl-de"/>
      </object_component>
      <object_component id="oc-1d2">
         <name>.far</name>
         <uninitialized>true</uninitialized>
         <run_address>0xd320</run_address>
         <size>0x188</size>
         <input_file_ref idref="fl-df"/>
      </object_component>
      <object_component id="oc-1d7">
         <name>.far</name>
         <uninitialized>true</uninitialized>
         <run_address>0xd87c</run_address>
         <size>0x4</size>
         <input_file_ref idref="fl-e0"/>
      </object_component>
      <object_component id="oc-1dc">
         <name>.far</name>
         <uninitialized>true</uninitialized>
         <run_address>0xd9f4</run_address>
         <size>0xc</size>
         <input_file_ref idref="fl-e1"/>
      </object_component>
      <object_component id="oc-1e1">
         <name>.far</name>
         <uninitialized>true</uninitialized>
         <run_address>0xd880</run_address>
         <size>0x40</size>
         <input_file_ref idref="fl-e2"/>
      </object_component>
      <object_component id="oc-1f2">
         <name>.far</name>
         <uninitialized>true</uninitialized>
         <run_address>0xd8c0</run_address>
         <size>0x40</size>
         <input_file_ref idref="fl-e7"/>
      </object_component>
      <object_component id="oc-1fa">
         <name>.far</name>
         <uninitialized>true</uninitialized>
         <run_address>0xd674</run_address>
         <size>0x4</size>
         <input_file_ref idref="fl-e9"/>
      </object_component>
      <object_component id="oc-70">
         <name>.sem</name>
         <uninitialized>true</uninitialized>
         <run_address>0xefcc</run_address>
         <size>0x2c</size>
         <input_file_ref idref="fl-d"/>
      </object_component>
      <object_component id="oc-86">
         <name>.bios</name>
         <load_address>0x5de0</load_address>
         <run_address>0x5de0</run_address>
         <size>0x600</size>
         <input_file_ref idref="fl-91"/>
      </object_component>
      <object_component id="oc-1a9">
         <name>.bios</name>
         <load_address>0x63e0</load_address>
         <run_address>0x63e0</run_address>
         <size>0x5e0</size>
         <input_file_ref idref="fl-d4"/>
      </object_component>
      <object_component id="oc-45">
         <name>.bios</name>
         <load_address>0x69c0</load_address>
         <run_address>0x69c0</run_address>
         <size>0x540</size>
         <input_file_ref idref="fl-92"/>
      </object_component>
      <object_component id="oc-46">
         <name>.bios</name>
         <load_address>0x6f00</load_address>
         <run_address>0x6f00</run_address>
         <size>0x460</size>
         <input_file_ref idref="fl-8f"/>
      </object_component>
      <object_component id="oc-d5">
         <name>.bios</name>
         <load_address>0x7360</load_address>
         <run_address>0x7360</run_address>
         <size>0x3a0</size>
         <input_file_ref idref="fl-a5"/>
      </object_component>
      <object_component id="oc-13d">
         <name>.bios</name>
         <load_address>0x7700</load_address>
         <run_address>0x7700</run_address>
         <size>0x2c0</size>
         <input_file_ref idref="fl-bd"/>
      </object_component>
      <object_component id="oc-da">
         <name>.bios</name>
         <load_address>0x79c0</load_address>
         <run_address>0x79c0</run_address>
         <size>0x2c0</size>
         <input_file_ref idref="fl-a6"/>
      </object_component>
      <object_component id="oc-163">
         <name>.bios</name>
         <load_address>0x7c80</load_address>
         <run_address>0x7c80</run_address>
         <size>0x2c0</size>
         <input_file_ref idref="fl-c5"/>
      </object_component>
      <object_component id="oc-49">
         <name>.bios</name>
         <load_address>0x7f40</load_address>
         <run_address>0x7f40</run_address>
         <size>0x260</size>
         <input_file_ref idref="fl-95"/>
      </object_component>
      <object_component id="oc-d1">
         <name>.bios</name>
         <load_address>0x81a0</load_address>
         <run_address>0x81a0</run_address>
         <size>0x240</size>
         <input_file_ref idref="fl-a4"/>
      </object_component>
      <object_component id="oc-1ad">
         <name>.bios</name>
         <load_address>0x83e0</load_address>
         <run_address>0x83e0</run_address>
         <size>0x220</size>
         <input_file_ref idref="fl-d5"/>
      </object_component>
      <object_component id="oc-18f">
         <name>.bios</name>
         <load_address>0x8600</load_address>
         <run_address>0x8600</run_address>
         <size>0x200</size>
         <input_file_ref idref="fl-cf"/>
      </object_component>
      <object_component id="oc-c9">
         <name>.bios</name>
         <load_address>0x8800</load_address>
         <run_address>0x8800</run_address>
         <size>0x1c0</size>
         <input_file_ref idref="fl-a2"/>
      </object_component>
      <object_component id="oc-aa">
         <name>.bios</name>
         <load_address>0x89c0</load_address>
         <run_address>0x89c0</run_address>
         <size>0x1c0</size>
         <input_file_ref idref="fl-9a"/>
      </object_component>
      <object_component id="oc-17e">
         <name>.bios</name>
         <load_address>0x8b80</load_address>
         <run_address>0x8b80</run_address>
         <size>0x1a0</size>
         <input_file_ref idref="fl-cb"/>
      </object_component>
      <object_component id="oc-1b1">
         <name>.bios</name>
         <load_address>0x8d20</load_address>
         <run_address>0x8d20</run_address>
         <size>0x180</size>
         <input_file_ref idref="fl-d6"/>
      </object_component>
      <object_component id="oc-196">
         <name>.bios</name>
         <load_address>0x8ea0</load_address>
         <run_address>0x8ea0</run_address>
         <size>0x180</size>
         <input_file_ref idref="fl-d0"/>
      </object_component>
      <object_component id="oc-130">
         <name>.bios</name>
         <load_address>0x9020</load_address>
         <run_address>0x9020</run_address>
         <size>0x140</size>
         <input_file_ref idref="fl-ba"/>
      </object_component>
      <object_component id="oc-116">
         <name>.bios</name>
         <load_address>0x9160</load_address>
         <run_address>0x9160</run_address>
         <size>0xe0</size>
         <input_file_ref idref="fl-b4"/>
      </object_component>
      <object_component id="oc-12d">
         <name>.bios</name>
         <load_address>0x9240</load_address>
         <run_address>0x9240</run_address>
         <size>0xe0</size>
         <input_file_ref idref="fl-b9"/>
      </object_component>
      <object_component id="oc-16b">
         <name>.bios</name>
         <load_address>0x9320</load_address>
         <run_address>0x9320</run_address>
         <size>0xe0</size>
         <input_file_ref idref="fl-c7"/>
      </object_component>
      <object_component id="oc-166">
         <name>.bios</name>
         <load_address>0x9400</load_address>
         <run_address>0x9400</run_address>
         <size>0xe0</size>
         <input_file_ref idref="fl-c6"/>
      </object_component>
      <object_component id="oc-ec">
         <name>.bios</name>
         <load_address>0x94e0</load_address>
         <run_address>0x94e0</run_address>
         <size>0xe0</size>
         <input_file_ref idref="fl-ab"/>
      </object_component>
      <object_component id="oc-139">
         <name>.bios</name>
         <load_address>0x95c0</load_address>
         <run_address>0x95c0</run_address>
         <size>0xc0</size>
         <input_file_ref idref="fl-bc"/>
      </object_component>
      <object_component id="oc-135">
         <name>.bios</name>
         <load_address>0x9680</load_address>
         <run_address>0x9680</run_address>
         <size>0xc0</size>
         <input_file_ref idref="fl-bb"/>
      </object_component>
      <object_component id="oc-19b">
         <name>.bios</name>
         <load_address>0x9740</load_address>
         <run_address>0x9740</run_address>
         <size>0xc0</size>
         <input_file_ref idref="fl-d1"/>
      </object_component>
      <object_component id="oc-182">
         <name>.bios</name>
         <load_address>0x9800</load_address>
         <run_address>0x9800</run_address>
         <size>0xc0</size>
         <input_file_ref idref="fl-cc"/>
      </object_component>
      <object_component id="oc-47">
         <name>.bios</name>
         <load_address>0x98c0</load_address>
         <run_address>0x98c0</run_address>
         <size>0xc0</size>
         <input_file_ref idref="fl-8d"/>
      </object_component>
      <object_component id="oc-ae">
         <name>.bios</name>
         <load_address>0x9980</load_address>
         <run_address>0x9980</run_address>
         <size>0x80</size>
         <input_file_ref idref="fl-9b"/>
      </object_component>
      <object_component id="oc-bc">
         <name>.bios</name>
         <load_address>0x9a00</load_address>
         <run_address>0x9a00</run_address>
         <size>0x80</size>
         <input_file_ref idref="fl-9f"/>
      </object_component>
      <object_component id="oc-cd">
         <name>.bios</name>
         <load_address>0x9a80</load_address>
         <run_address>0x9a80</run_address>
         <size>0x80</size>
         <input_file_ref idref="fl-a3"/>
      </object_component>
      <object_component id="oc-e2">
         <name>.bios</name>
         <load_address>0x9b00</load_address>
         <run_address>0x9b00</run_address>
         <size>0x80</size>
         <input_file_ref idref="fl-a8"/>
      </object_component>
      <object_component id="oc-c0">
         <name>.bios</name>
         <load_address>0x9b80</load_address>
         <run_address>0x9b80</run_address>
         <size>0x80</size>
         <input_file_ref idref="fl-a0"/>
      </object_component>
      <object_component id="oc-11d">
         <name>.bios</name>
         <load_address>0x9c00</load_address>
         <run_address>0x9c00</run_address>
         <size>0x60</size>
         <input_file_ref idref="fl-b6"/>
      </object_component>
      <object_component id="oc-15e">
         <name>.bios</name>
         <load_address>0x9c60</load_address>
         <run_address>0x9c60</run_address>
         <size>0x60</size>
         <input_file_ref idref="fl-c4"/>
      </object_component>
      <object_component id="oc-19e">
         <name>.bios</name>
         <load_address>0x9cc0</load_address>
         <run_address>0x9cc0</run_address>
         <size>0x60</size>
         <input_file_ref idref="fl-d2"/>
      </object_component>
      <object_component id="oc-1a3">
         <name>.bios</name>
         <load_address>0x9d20</load_address>
         <run_address>0x9d20</run_address>
         <size>0x60</size>
         <input_file_ref idref="fl-d3"/>
      </object_component>
      <object_component id="oc-48">
         <name>.bios</name>
         <load_address>0x9d80</load_address>
         <run_address>0x9d80</run_address>
         <size>0x60</size>
         <input_file_ref idref="fl-98"/>
      </object_component>
      <object_component id="oc-f0">
         <name>.bios</name>
         <load_address>0x9de0</load_address>
         <run_address>0x9de0</run_address>
         <size>0x60</size>
         <input_file_ref idref="fl-ac"/>
      </object_component>
      <object_component id="oc-42">
         <name>.bios</name>
         <load_address>0x9e40</load_address>
         <run_address>0x9e40</run_address>
         <size>0x40</size>
         <input_file_ref idref="fl-90"/>
      </object_component>
      <object_component id="oc-de">
         <name>.bios</name>
         <load_address>0x9e80</load_address>
         <run_address>0x9e80</run_address>
         <size>0x40</size>
         <input_file_ref idref="fl-a7"/>
      </object_component>
      <object_component id="oc-41">
         <name>.bios</name>
         <load_address>0x9ec0</load_address>
         <run_address>0x9ec0</run_address>
         <size>0x40</size>
         <input_file_ref idref="fl-96"/>
      </object_component>
      <object_component id="oc-f4">
         <name>.bios</name>
         <load_address>0x9f00</load_address>
         <run_address>0x9f00</run_address>
         <size>0x40</size>
         <input_file_ref idref="fl-ad"/>
      </object_component>
      <object_component id="oc-4c">
         <name>.bios</name>
         <load_address>0x9f40</load_address>
         <run_address>0x9f40</run_address>
         <size>0x20</size>
         <input_file_ref idref="fl-93"/>
      </object_component>
      <object_component id="oc-119">
         <name>.bios</name>
         <load_address>0x9f60</load_address>
         <run_address>0x9f60</run_address>
         <size>0x20</size>
         <input_file_ref idref="fl-b5"/>
      </object_component>
      <object_component id="oc-c4">
         <name>.bios</name>
         <load_address>0x9f80</load_address>
         <run_address>0x9f80</run_address>
         <size>0x20</size>
         <input_file_ref idref="fl-a1"/>
      </object_component>
      <object_component id="oc-16e">
         <name>.bios</name>
         <load_address>0x9fa0</load_address>
         <run_address>0x9fa0</run_address>
         <size>0x20</size>
         <input_file_ref idref="fl-c8"/>
      </object_component>
      <object_component id="oc-4b">
         <name>.bios</name>
         <load_address>0x9fc0</load_address>
         <run_address>0x9fc0</run_address>
         <size>0x20</size>
         <input_file_ref idref="fl-97"/>
      </object_component>
      <object_component id="oc-4a">
         <name>.bios</name>
         <load_address>0x9fe0</load_address>
         <run_address>0x9fe0</run_address>
         <size>0x20</size>
         <input_file_ref idref="fl-99"/>
      </object_component>
      <object_component id="oc-152">
         <name>.pinit</name>
         <load_address>0xf65c</load_address>
         <run_address>0xf65c</run_address>
         <size>0x4</size>
         <input_file_ref idref="fl-c1"/>
      </object_component>
      <object_component id="oc-15b">
         <name>.pinit</name>
         <load_address>0xf660</load_address>
         <run_address>0xf660</run_address>
         <size>0x4</size>
         <input_file_ref idref="fl-c3"/>
      </object_component>
      <object_component id="oc-5e">
         <name>.sys</name>
         <uninitialized>true</uninitialized>
         <run_address>0xf64c</run_address>
         <size>0x10</size>
         <input_file_ref idref="fl-d"/>
      </object_component>
      <object_component id="oc-1fc">
         <name>.text</name>
         <load_address>0x200</load_address>
         <run_address>0x200</run_address>
         <size>0x1520</size>
         <input_file_ref idref="fl-c"/>
      </object_component>
      <object_component id="oc-208">
         <name>.text:__divd</name>
         <load_address>0x1720</load_address>
         <run_address>0x1720</run_address>
         <size>0x720</size>
         <input_file_ref idref="fl-d7"/>
      </object_component>
      <object_component id="oc-10c">
         <name>.text</name>
         <load_address>0x1e40</load_address>
         <run_address>0x1e40</run_address>
         <size>0x640</size>
         <input_file_ref idref="fl-b2"/>
      </object_component>
      <object_component id="oc-108">
         <name>.text</name>
         <load_address>0x2480</load_address>
         <run_address>0x2480</run_address>
         <size>0x4e0</size>
         <input_file_ref idref="fl-b1"/>
      </object_component>
      <object_component id="oc-102">
         <name>.text</name>
         <load_address>0x2960</load_address>
         <run_address>0x2960</run_address>
         <size>0x480</size>
         <input_file_ref idref="fl-b0"/>
      </object_component>
      <object_component id="oc-209">
         <name>.text:_cos</name>
         <load_address>0x2de0</load_address>
         <run_address>0x2de0</run_address>
         <size>0x340</size>
         <input_file_ref idref="fl-e2"/>
      </object_component>
      <object_component id="oc-214">
         <name>.text:__divf</name>
         <load_address>0x3120</load_address>
         <run_address>0x3120</run_address>
         <size>0x300</size>
         <input_file_ref idref="fl-d8"/>
      </object_component>
      <object_component id="oc-20a">
         <name>.text:_sin</name>
         <load_address>0x3420</load_address>
         <run_address>0x3420</run_address>
         <size>0x2e0</size>
         <input_file_ref idref="fl-e7"/>
      </object_component>
      <object_component id="oc-20c">
         <name>.text:_EDMA_open</name>
         <load_address>0x3700</load_address>
         <run_address>0x3700</run_address>
         <size>0x280</size>
         <input_file_ref idref="fl-b3"/>
      </object_component>
      <object_component id="oc-211">
         <name>.text</name>
         <load_address>0x3980</load_address>
         <run_address>0x3980</run_address>
         <size>0x260</size>
         <input_file_ref idref="fl-b"/>
      </object_component>
      <object_component id="oc-207">
         <name>.text:_atan</name>
         <load_address>0x3be0</load_address>
         <run_address>0x3be0</run_address>
         <size>0x240</size>
         <input_file_ref idref="fl-de"/>
      </object_component>
      <object_component id="oc-205">
         <name>.text:_memcpy</name>
         <load_address>0x3e20</load_address>
         <run_address>0x3e20</run_address>
         <size>0x240</size>
         <input_file_ref idref="fl-e5"/>
      </object_component>
      <object_component id="oc-210">
         <name>.text:__CSL_init</name>
         <load_address>0x4060</load_address>
         <run_address>0x4060</run_address>
         <size>0x220</size>
         <input_file_ref idref="fl-ae"/>
      </object_component>
      <object_component id="oc-fd">
         <name>.text</name>
         <load_address>0x4280</load_address>
         <run_address>0x4280</run_address>
         <size>0x1e0</size>
         <input_file_ref idref="fl-af"/>
      </object_component>
      <object_component id="oc-20e">
         <name>.text:_IRQ_map</name>
         <load_address>0x4460</load_address>
         <run_address>0x4460</run_address>
         <size>0x1c0</size>
         <input_file_ref idref="fl-b7"/>
      </object_component>
      <object_component id="oc-22d">
         <name>.text:_mux2Tables</name>
         <load_address>0x4620</load_address>
         <run_address>0x4620</run_address>
         <size>0x1c0</size>
         <input_file_ref idref="fl-b7"/>
      </object_component>
      <object_component id="oc-225">
         <name>.text:_MCBSP_reset</name>
         <load_address>0x47e0</load_address>
         <run_address>0x47e0</run_address>
         <size>0x1a0</size>
         <input_file_ref idref="fl-be"/>
      </object_component>
      <object_component id="oc-43">
         <name>.text</name>
         <load_address>0x4980</load_address>
         <run_address>0x4980</run_address>
         <size>0x180</size>
         <input_file_ref idref="fl-94"/>
      </object_component>
      <object_component id="oc-22f">
         <name>.text:_call_dtors</name>
         <load_address>0x4b00</load_address>
         <run_address>0x4b00</run_address>
         <size>0x160</size>
         <input_file_ref idref="fl-e0"/>
      </object_component>
      <object_component id="oc-220">
         <name>.text:_EDMA_reset</name>
         <load_address>0x4c60</load_address>
         <run_address>0x4c60</run_address>
         <size>0x140</size>
         <input_file_ref idref="fl-b3"/>
      </object_component>
      <object_component id="oc-224">
         <name>.text:_TIMER_open</name>
         <load_address>0x4da0</load_address>
         <run_address>0x4da0</run_address>
         <size>0x140</size>
         <input_file_ref idref="fl-c9"/>
      </object_component>
      <object_component id="oc-21c">
         <name>.text:__frcmpyd_div</name>
         <load_address>0x4ee0</load_address>
         <run_address>0x4ee0</run_address>
         <size>0x140</size>
         <input_file_ref idref="fl-d9"/>
      </object_component>
      <object_component id="oc-20b">
         <name>.text:_sqrt</name>
         <load_address>0x5020</load_address>
         <run_address>0x5020</run_address>
         <size>0x140</size>
         <input_file_ref idref="fl-e8"/>
      </object_component>
      <object_component id="oc-22e">
         <name>.text:_TIMER_reset</name>
         <load_address>0x5160</load_address>
         <run_address>0x5160</run_address>
         <size>0x120</size>
         <input_file_ref idref="fl-c9"/>
      </object_component>
      <object_component id="oc-20d">
         <name>.text:_EDMA_intAlloc</name>
         <load_address>0x5280</load_address>
         <run_address>0x5280</run_address>
         <size>0x100</size>
         <input_file_ref idref="fl-b3"/>
      </object_component>
      <object_component id="oc-212">
         <name>.text:_MCBSP_open</name>
         <load_address>0x5380</load_address>
         <run_address>0x5380</run_address>
         <size>0x100</size>
         <input_file_ref idref="fl-be"/>
      </object_component>
      <object_component id="oc-213">
         <name>.text:_MCBSP_start</name>
         <load_address>0x5480</load_address>
         <run_address>0x5480</run_address>
         <size>0x100</size>
         <input_file_ref idref="fl-be"/>
      </object_component>
      <object_component id="oc-21e">
         <name>.text:__nround</name>
         <load_address>0x5580</load_address>
         <run_address>0x5580</run_address>
         <size>0xe0</size>
         <input_file_ref idref="fl-e3"/>
      </object_component>
      <object_component id="oc-200">
         <name>.text:__strasg</name>
         <load_address>0x5660</load_address>
         <run_address>0x5660</run_address>
         <size>0xe0</size>
         <input_file_ref idref="fl-dd"/>
      </object_component>
      <object_component id="oc-219">
         <name>.text:_atexit</name>
         <load_address>0x5740</load_address>
         <run_address>0x5740</run_address>
         <size>0xe0</size>
         <input_file_ref idref="fl-df"/>
      </object_component>
      <object_component id="oc-21f">
         <name>.text:_modf</name>
         <load_address>0x5820</load_address>
         <run_address>0x5820</run_address>
         <size>0xe0</size>
         <input_file_ref idref="fl-e6"/>
      </object_component>
      <object_component id="oc-192">
         <name>.text</name>
         <load_address>0x5900</load_address>
         <run_address>0x5900</run_address>
         <size>0xc0</size>
         <input_file_ref idref="fl-d0"/>
      </object_component>
      <object_component id="oc-223">
         <name>.text:__IRQ_init</name>
         <load_address>0x59c0</load_address>
         <run_address>0x59c0</run_address>
         <size>0xa0</size>
         <input_file_ref idref="fl-b7"/>
      </object_component>
      <object_component id="oc-22b">
         <name>.text:__mpyll</name>
         <load_address>0x5a60</load_address>
         <run_address>0x5a60</run_address>
         <size>0xa0</size>
         <input_file_ref idref="fl-db"/>
      </object_component>
      <object_component id="oc-222">
         <name>.text:_setMux</name>
         <load_address>0x5b00</load_address>
         <run_address>0x5b00</run_address>
         <size>0xa0</size>
         <input_file_ref idref="fl-b7"/>
      </object_component>
      <object_component id="oc-22c">
         <name>.text:_EDMA_disableChannel</name>
         <load_address>0x5ba0</load_address>
         <run_address>0x5ba0</run_address>
         <size>0x60</size>
         <input_file_ref idref="fl-b3"/>
      </object_component>
      <object_component id="oc-221">
         <name>.text:_EDMA_enableChannel</name>
         <load_address>0x5c00</load_address>
         <run_address>0x5c00</run_address>
         <size>0x60</size>
         <input_file_ref idref="fl-b3"/>
      </object_component>
      <object_component id="oc-21b">
         <name>.text:__llshru</name>
         <load_address>0x5c60</load_address>
         <run_address>0x5c60</run_address>
         <size>0x60</size>
         <input_file_ref idref="fl-da"/>
      </object_component>
      <object_component id="oc-22a">
         <name>.text:___add_dtor</name>
         <load_address>0x5cc0</load_address>
         <run_address>0x5cc0</run_address>
         <size>0x40</size>
         <input_file_ref idref="fl-e0"/>
      </object_component>
      <object_component id="oc-21d">
         <name>.text:__trunc</name>
         <load_address>0x5d00</load_address>
         <run_address>0x5d00</run_address>
         <size>0x40</size>
         <input_file_ref idref="fl-e4"/>
      </object_component>
      <object_component id="oc-20f">
         <name>.text:_CSL6713_LIB_</name>
         <load_address>0x5d40</load_address>
         <run_address>0x5d40</run_address>
         <size>0x20</size>
         <input_file_ref idref="fl-ae"/>
      </object_component>
      <object_component id="oc-206">
         <name>.text:__nop</name>
         <load_address>0x5d60</load_address>
         <run_address>0x5d60</run_address>
         <size>0x20</size>
         <input_file_ref idref="fl-dc"/>
      </object_component>
      <object_component id="oc-203">
         <name>.text:__register_lock</name>
         <load_address>0x5d80</load_address>
         <run_address>0x5d80</run_address>
         <size>0x20</size>
         <input_file_ref idref="fl-dc"/>
      </object_component>
      <object_component id="oc-204">
         <name>.text:__register_unlock</name>
         <load_address>0x5da0</load_address>
         <run_address>0x5da0</run_address>
         <size>0x20</size>
         <input_file_ref idref="fl-dc"/>
      </object_component>
      <object_component id="oc-121">
         <name>.text</name>
         <load_address>0x5dc0</load_address>
         <run_address>0x5dc0</run_address>
         <size>0x20</size>
         <input_file_ref idref="fl-b7"/>
      </object_component>
      <object_component id="oc-5c">
         <name>.cinit</name>
         <load_address>0xa000</load_address>
         <run_address>0xa000</run_address>
         <size>0x79c</size>
         <input_file_ref idref="fl-d"/>
      </object_component>
      <object_component id="oc-7c">
         <name>.cinit</name>
         <load_address>0xa7a0</load_address>
         <run_address>0xa7a0</run_address>
         <size>0x26c</size>
         <input_file_ref idref="fl-8e"/>
      </object_component>
      <object_component id="oc-129">
         <name>.cinit</name>
         <load_address>0xaa10</load_address>
         <run_address>0xaa10</run_address>
         <size>0x1a4</size>
         <input_file_ref idref="fl-b8"/>
      </object_component>
      <object_component id="oc-122">
         <name>.cinit</name>
         <load_address>0xabb8</load_address>
         <run_address>0xabb8</run_address>
         <size>0x12c</size>
         <input_file_ref idref="fl-b7"/>
      </object_component>
      <object_component id="oc-54">
         <name>.cinit</name>
         <load_address>0xace8</load_address>
         <run_address>0xace8</run_address>
         <size>0xd4</size>
         <input_file_ref idref="fl-c"/>
      </object_component>
      <object_component id="oc-8b">
         <name>.cinit</name>
         <load_address>0xadc0</load_address>
         <run_address>0xadc0</run_address>
         <size>0xb0</size>
         <input_file_ref idref="fl-92"/>
      </object_component>
      <object_component id="oc-179">
         <name>.cinit</name>
         <load_address>0xae70</load_address>
         <run_address>0xae70</run_address>
         <size>0x80</size>
         <input_file_ref idref="fl-ca"/>
      </object_component>
      <object_component id="oc-110">
         <name>.cinit</name>
         <load_address>0xaef0</load_address>
         <run_address>0xaef0</run_address>
         <size>0x70</size>
         <input_file_ref idref="fl-b3"/>
      </object_component>
      <object_component id="oc-1cc">
         <name>.cinit</name>
         <load_address>0xaf60</load_address>
         <run_address>0xaf60</run_address>
         <size>0x70</size>
         <input_file_ref idref="fl-de"/>
      </object_component>
      <object_component id="oc-194">
         <name>.cinit</name>
         <load_address>0xafd0</load_address>
         <run_address>0xafd0</run_address>
         <size>0x60</size>
         <input_file_ref idref="fl-d0"/>
      </object_component>
      <object_component id="oc-85">
         <name>.cinit</name>
         <load_address>0xb030</load_address>
         <run_address>0xb030</run_address>
         <size>0x5c</size>
         <input_file_ref idref="fl-91"/>
      </object_component>
      <object_component id="oc-140">
         <name>.cinit</name>
         <load_address>0xb090</load_address>
         <run_address>0xb090</run_address>
         <size>0x54</size>
         <input_file_ref idref="fl-be"/>
      </object_component>
      <object_component id="oc-d9">
         <name>.cinit</name>
         <load_address>0xb0e8</load_address>
         <run_address>0xb0e8</run_address>
         <size>0x4c</size>
         <input_file_ref idref="fl-a6"/>
      </object_component>
      <object_component id="oc-172">
         <name>.cinit</name>
         <load_address>0xb138</load_address>
         <run_address>0xb138</run_address>
         <size>0x4c</size>
         <input_file_ref idref="fl-c9"/>
      </object_component>
      <object_component id="oc-150">
         <name>.cinit</name>
         <load_address>0xb188</load_address>
         <run_address>0xb188</run_address>
         <size>0x4c</size>
         <input_file_ref idref="fl-c1"/>
      </object_component>
      <object_component id="oc-4e">
         <name>.cinit</name>
         <load_address>0xb1d8</load_address>
         <run_address>0xb1d8</run_address>
         <size>0x48</size>
         <input_file_ref idref="fl-b"/>
      </object_component>
      <object_component id="oc-1e0">
         <name>.cinit</name>
         <load_address>0xb220</load_address>
         <run_address>0xb220</run_address>
         <size>0x48</size>
         <input_file_ref idref="fl-e2"/>
      </object_component>
      <object_component id="oc-1f1">
         <name>.cinit</name>
         <load_address>0xb268</load_address>
         <run_address>0xb268</run_address>
         <size>0x48</size>
         <input_file_ref idref="fl-e7"/>
      </object_component>
      <object_component id="oc-f8">
         <name>.cinit</name>
         <load_address>0xb2b0</load_address>
         <run_address>0xb2b0</run_address>
         <size>0x3c</size>
         <input_file_ref idref="fl-ae"/>
      </object_component>
      <object_component id="oc-b9">
         <name>.cinit</name>
         <load_address>0xb2f0</load_address>
         <run_address>0xb2f0</run_address>
         <size>0x34</size>
         <input_file_ref idref="fl-9e"/>
      </object_component>
      <object_component id="oc-a3">
         <name>.cinit</name>
         <load_address>0xb328</load_address>
         <run_address>0xb328</run_address>
         <size>0x2c</size>
         <input_file_ref idref="fl-98"/>
      </object_component>
      <object_component id="oc-1db">
         <name>.cinit</name>
         <load_address>0xb358</load_address>
         <run_address>0xb358</run_address>
         <size>0x2c</size>
         <input_file_ref idref="fl-e1"/>
      </object_component>
      <object_component id="oc-146">
         <name>.cinit</name>
         <load_address>0xb388</load_address>
         <run_address>0xb388</run_address>
         <size>0x24</size>
         <input_file_ref idref="fl-bf"/>
      </object_component>
      <object_component id="oc-187">
         <name>.cinit</name>
         <load_address>0xb3b0</load_address>
         <run_address>0xb3b0</run_address>
         <size>0x1c</size>
         <input_file_ref idref="fl-cd"/>
      </object_component>
      <object_component id="oc-1c4">
         <name>.cinit</name>
         <load_address>0xb3d0</load_address>
         <run_address>0xb3d0</run_address>
         <size>0x1c</size>
         <input_file_ref idref="fl-dc"/>
      </object_component>
      <object_component id="oc-1d1">
         <name>.cinit</name>
         <load_address>0xb3f0</load_address>
         <run_address>0xb3f0</run_address>
         <size>0x1c</size>
         <input_file_ref idref="fl-df"/>
      </object_component>
      <object_component id="oc-96">
         <name>.cinit</name>
         <load_address>0xb410</load_address>
         <run_address>0xb410</run_address>
         <size>0x18</size>
         <input_file_ref idref="fl-95"/>
      </object_component>
      <object_component id="oc-1a8">
         <name>.cinit</name>
         <load_address>0xb428</load_address>
         <run_address>0xb428</run_address>
         <size>0xc</size>
         <input_file_ref idref="fl-d4"/>
      </object_component>
      <object_component id="oc-bb">
         <name>.cinit</name>
         <load_address>0xb438</load_address>
         <run_address>0xb438</run_address>
         <size>0xc</size>
         <input_file_ref idref="fl-9f"/>
      </object_component>
      <object_component id="oc-c8">
         <name>.cinit</name>
         <load_address>0xb448</load_address>
         <run_address>0xb448</run_address>
         <size>0xc</size>
         <input_file_ref idref="fl-a2"/>
      </object_component>
      <object_component id="oc-1f9">
         <name>.cinit</name>
         <load_address>0xb458</load_address>
         <run_address>0xb458</run_address>
         <size>0xc</size>
         <input_file_ref idref="fl-e9"/>
      </object_component>
      <object_component id="oc-1d6">
         <name>.cinit</name>
         <load_address>0xb468</load_address>
         <run_address>0xb468</run_address>
         <size>0xc</size>
         <input_file_ref idref="fl-e0"/>
      </object_component>
      <object_component id="oc-216">
         <name>.switch</name>
         <load_address>0xf5bc</load_address>
         <run_address>0xf5bc</run_address>
         <size>0x28</size>
         <input_file_ref idref="fl-c3"/>
      </object_component>
      <object_component id="oc-5b">
         <name>.gblinit</name>
         <load_address>0xf534</load_address>
         <run_address>0xf534</run_address>
         <size>0x4c</size>
         <input_file_ref idref="fl-d"/>
      </object_component>
      <object_component id="oc-71">
         <name>.sysinit</name>
         <load_address>0xde60</load_address>
         <run_address>0xde60</run_address>
         <size>0x2c0</size>
         <input_file_ref idref="fl-d"/>
      </object_component>
      <object_component id="oc-44">
         <name>.sysinit</name>
         <load_address>0xe120</load_address>
         <run_address>0xe120</run_address>
         <size>0xc0</size>
         <input_file_ref idref="fl-9c"/>
      </object_component>
      <object_component id="oc-18b">
         <name>.sysinit</name>
         <load_address>0xe1e0</load_address>
         <run_address>0xe1e0</run_address>
         <size>0x80</size>
         <input_file_ref idref="fl-ce"/>
      </object_component>
      <object_component id="oc-148">
         <name>.sysinit</name>
         <load_address>0xe260</load_address>
         <run_address>0xe260</run_address>
         <size>0x20</size>
         <input_file_ref idref="fl-bf"/>
      </object_component>
      <object_component id="oc-b7">
         <name>.trcdata</name>
         <load_address>0xf668</load_address>
         <run_address>0xf668</run_address>
         <size>0xc</size>
         <input_file_ref idref="fl-9d"/>
      </object_component>
      <object_component id="oc-5d">
         <name>.rtdx_data</name>
         <uninitialized>true</uninitialized>
         <run_address>0xda0c</run_address>
         <size>0x410</size>
         <input_file_ref idref="fl-d"/>
      </object_component>
      <object_component id="oc-151">
         <name>.rtdx_data</name>
         <uninitialized>true</uninitialized>
         <run_address>0xde1c</run_address>
         <size>0x20</size>
         <input_file_ref idref="fl-c1"/>
      </object_component>
      <object_component id="oc-15a">
         <name>.rtdx_data</name>
         <uninitialized>true</uninitialized>
         <run_address>0xde3c</run_address>
         <size>0x1c</size>
         <input_file_ref idref="fl-c3"/>
      </object_component>
      <object_component id="oc-1fd">
         <name>.rtdx_text:_RTDX_Poll</name>
         <load_address>0xc480</load_address>
         <run_address>0xc480</run_address>
         <size>0x400</size>
         <input_file_ref idref="fl-c3"/>
      </object_component>
      <object_component id="oc-218">
         <name>.rtdx_text:_RTDX_Buffer_WriteCB</name>
         <load_address>0xc880</load_address>
         <run_address>0xc880</run_address>
         <size>0x340</size>
         <input_file_ref idref="fl-c1"/>
      </object_component>
      <object_component id="oc-228">
         <name>.rtdx_text:_RTDX_write_next</name>
         <load_address>0xcbc0</load_address>
         <run_address>0xcbc0</run_address>
         <size>0x300</size>
         <input_file_ref idref="fl-c1"/>
      </object_component>
      <object_component id="oc-229">
         <name>.rtdx_text:_RTDX_Mon_Queue</name>
         <load_address>0xcec0</load_address>
         <run_address>0xcec0</run_address>
         <size>0x140</size>
         <input_file_ref idref="fl-c3"/>
      </object_component>
      <object_component id="oc-227">
         <name>.rtdx_text:_claim</name>
         <load_address>0xd000</load_address>
         <run_address>0xd000</run_address>
         <size>0xe0</size>
         <input_file_ref idref="fl-c1"/>
      </object_component>
      <object_component id="oc-202">
         <name>.rtdx_text:_RTDX_Init_RT_Monitor</name>
         <load_address>0xd0e0</load_address>
         <run_address>0xd0e0</run_address>
         <size>0x80</size>
         <input_file_ref idref="fl-c3"/>
      </object_component>
      <object_component id="oc-201">
         <name>.rtdx_text:_RTDX_Buffer_Initialize</name>
         <load_address>0xd160</load_address>
         <run_address>0xd160</run_address>
         <size>0x60</size>
         <input_file_ref idref="fl-c1"/>
      </object_component>
      <object_component id="oc-217">
         <name>.rtdx_text:_RTDX_Buffer_ReadCB</name>
         <load_address>0xd1c0</load_address>
         <run_address>0xd1c0</run_address>
         <size>0x60</size>
         <input_file_ref idref="fl-c0"/>
      </object_component>
      <object_component id="oc-226">
         <name>.rtdx_text:_RTDX_Buffer_Size</name>
         <load_address>0xd220</load_address>
         <run_address>0xd220</run_address>
         <size>0x40</size>
         <input_file_ref idref="fl-c1"/>
      </object_component>
      <object_component id="oc-21a">
         <name>.rtdx_text:_RTDX_Final_RT_Monitor</name>
         <load_address>0xd260</load_address>
         <run_address>0xd260</run_address>
         <size>0x40</size>
         <input_file_ref idref="fl-c3"/>
      </object_component>
      <object_component id="oc-1fe">
         <name>.rtdx_text:_RTDX_Buffer_Read</name>
         <load_address>0xd2a0</load_address>
         <run_address>0xd2a0</run_address>
         <size>0x20</size>
         <input_file_ref idref="fl-c0"/>
      </object_component>
      <object_component id="oc-1ff">
         <name>.rtdx_text:_RTDX_Buffer_Write</name>
         <load_address>0xd2c0</load_address>
         <run_address>0xd2c0</run_address>
         <size>0x20</size>
         <input_file_ref idref="fl-c1"/>
      </object_component>
      <object_component id="oc-215">
         <name>.rtdx_text:_RTDX_checksum</name>
         <load_address>0xd2e0</load_address>
         <run_address>0xd2e0</run_address>
         <size>0x20</size>
         <input_file_ref idref="fl-c3"/>
      </object_component>
      <object_component id="oc-156">
         <name>.rtdx_text</name>
         <load_address>0xd300</load_address>
         <run_address>0xd300</run_address>
         <size>0x20</size>
         <input_file_ref idref="fl-c2"/>
      </object_component>
      <object_component id="oc-6a">
         <name>.TSK_idle$stk</name>
         <uninitialized>true</uninitialized>
         <run_address>0xe280</run_address>
         <size>0x400</size>
         <input_file_ref idref="fl-d"/>
      </object_component>
      <object_component id="oc-6b">
         <name>.task_led_toggle$stk</name>
         <uninitialized>true</uninitialized>
         <run_address>0xb480</run_address>
         <size>0x1000</size>
         <input_file_ref idref="fl-d"/>
      </object_component>
      <object_component id="oc-6e">
         <name>.LOG_system$buf</name>
         <uninitialized>true</uninitialized>
         <run_address>0xf000</run_address>
         <size>0x100</size>
         <input_file_ref idref="fl-d"/>
      </object_component>
      <object_component id="oc-63">
         <name>.hst1</name>
         <uninitialized>true</uninitialized>
         <run_address>0xf61c</run_address>
         <size>0x10</size>
         <input_file_ref idref="fl-d"/>
      </object_component>
      <object_component id="oc-66">
         <name>.hst0</name>
         <uninitialized>true</uninitialized>
         <run_address>0xf100</run_address>
         <size>0x100</size>
         <input_file_ref idref="fl-d"/>
      </object_component>
      <object_component id="oc-197">
         <name>.const</name>
         <load_address>0xf388</load_address>
         <run_address>0xf388</run_address>
         <size>0x4e</size>
         <input_file_ref idref="fl-d0"/>
      </object_component>
      <object_component id="oc-9b">
         <name>.const</name>
         <load_address>0xf3d6</load_address>
         <run_address>0xf3d6</run_address>
         <size>0x23</size>
         <input_file_ref idref="fl-96"/>
      </object_component>
      <object_component id="oc-9f">
         <name>.const</name>
         <load_address>0xf3f9</load_address>
         <run_address>0xf3f9</run_address>
         <size>0x22</size>
         <input_file_ref idref="fl-97"/>
      </object_component>
      <object_component id="oc-104">
         <name>.const</name>
         <load_address>0xf41c</load_address>
         <run_address>0xf41c</run_address>
         <size>0x20</size>
         <input_file_ref idref="fl-b0"/>
      </object_component>
      <object_component id="oc-17b">
         <name>.const</name>
         <load_address>0xf43c</load_address>
         <run_address>0xf43c</run_address>
         <size>0x1</size>
         <input_file_ref idref="fl-ca"/>
      </object_component>
      <object_component id="oc-61">
         <name>.printf</name>
         <load_address>0xf43d</load_address>
         <run_address>0xf43d</run_address>
         <size>0xaa</size>
         <input_file_ref idref="fl-d"/>
      </object_component>
      <object_component id="oc-b3">
         <name>.args</name>
         <load_address>0xb47c</load_address>
         <run_address>0xb47c</run_address>
         <size>0x0</size>
         <input_file_ref idref="fl-9c"/>
      </object_component>
      <object_component id="oc-35">
         <name>_SYS_PUTCBEG</name>
         <load_address>0xedcc</load_address>
         <run_address>0xedcc</run_address>
         <size>0x0</size>
      </object_component>
      <object_component id="oc-37">
         <name>_SYS_PUTCEND</name>
         <load_address>0xefcc</load_address>
         <run_address>0xefcc</run_address>
         <size>0x0</size>
      </object_component>
      <object_component id="oc-64">
         <name>.hst</name>
         <uninitialized>true</uninitialized>
         <run_address>0xf580</run_address>
         <size>0x3c</size>
         <input_file_ref idref="fl-d"/>
      </object_component>
      <object_component id="oc-6f">
         <name>.log</name>
         <load_address>0xf604</load_address>
         <run_address>0xf604</run_address>
         <size>0x18</size>
         <input_file_ref idref="fl-d"/>
      </object_component>
      <object_component id="oc-65">
         <name>.pip</name>
         <uninitialized>true</uninitialized>
         <run_address>0xf200</run_address>
         <size>0xc8</size>
         <input_file_ref idref="fl-d"/>
      </object_component>
      <object_component id="oc-62">
         <name>.sts</name>
         <load_address>0xf4c4</load_address>
         <run_address>0xf4c4</run_address>
         <size>0x70</size>
         <input_file_ref idref="fl-d"/>
      </object_component>
      <object_component id="oc-3d">
         <name>GBL_stackbeg</name>
         <uninitialized>true</uninitialized>
         <run_address>0xe680</run_address>
         <size>0x0</size>
      </object_component>
      <object_component id="oc-b4">
         <name>.stack</name>
         <uninitialized>true</uninitialized>
         <run_address>0xe680</run_address>
         <size>0x0</size>
         <input_file_ref idref="fl-9c"/>
      </object_component>
      <object_component id="oc-267">
         <name>.stack</name>
         <uninitialized>true</uninitialized>
         <run_address>0xe680</run_address>
         <size>0x0</size>
      </object_component>
      <object_component id="oc-55">
         <name>.databuffer</name>
         <uninitialized>true</uninitialized>
         <run_address>0x23e00</run_address>
         <size>0x3840</size>
         <input_file_ref idref="fl-c"/>
      </object_component>
      <object_component id="oc-56">
         <name>.processbuffer</name>
         <uninitialized>true</uninitialized>
         <run_address>0x80400000</run_address>
         <size>0x3a1c0</size>
         <input_file_ref idref="fl-c"/>
      </object_component>
      <object_component id="oc-4d">
         <name>.debug_info</name>
         <load_address>0x0</load_address>
         <run_address>0x0</run_address>
         <size>0xb38</size>
         <input_file_ref idref="fl-b"/>
      </object_component>
      <object_component id="oc-53">
         <name>.debug_info</name>
         <load_address>0xb38</load_address>
         <run_address>0xb38</run_address>
         <size>0x1e84</size>
         <input_file_ref idref="fl-c"/>
      </object_component>
      <object_component id="oc-73">
         <name>.debug_info</name>
         <load_address>0x29bc</load_address>
         <run_address>0x29bc</run_address>
         <size>0x32c</size>
         <input_file_ref idref="fl-d"/>
      </object_component>
      <object_component id="oc-76">
         <name>.debug_info</name>
         <load_address>0x2ce8</load_address>
         <run_address>0x2ce8</run_address>
         <size>0x5ca</size>
         <input_file_ref idref="fl-e"/>
      </object_component>
      <object_component id="oc-78">
         <name>.debug_info</name>
         <load_address>0x32b2</load_address>
         <run_address>0x32b2</run_address>
         <size>0xf8</size>
         <input_file_ref idref="fl-8d"/>
      </object_component>
      <object_component id="oc-7e">
         <name>.debug_info</name>
         <load_address>0x33aa</load_address>
         <run_address>0x33aa</run_address>
         <size>0xb9</size>
         <input_file_ref idref="fl-8f"/>
      </object_component>
      <object_component id="oc-81">
         <name>.debug_info</name>
         <load_address>0x3463</load_address>
         <run_address>0x3463</run_address>
         <size>0xaf</size>
         <input_file_ref idref="fl-90"/>
      </object_component>
      <object_component id="oc-87">
         <name>.debug_info</name>
         <load_address>0x3512</load_address>
         <run_address>0x3512</run_address>
         <size>0x1a5</size>
         <input_file_ref idref="fl-91"/>
      </object_component>
      <object_component id="oc-8c">
         <name>.debug_info</name>
         <load_address>0x36b7</load_address>
         <run_address>0x36b7</run_address>
         <size>0x13c</size>
         <input_file_ref idref="fl-92"/>
      </object_component>
      <object_component id="oc-8f">
         <name>.debug_info</name>
         <load_address>0x37f3</load_address>
         <run_address>0x37f3</run_address>
         <size>0x607</size>
         <input_file_ref idref="fl-93"/>
      </object_component>
      <object_component id="oc-92">
         <name>.debug_info</name>
         <load_address>0x3dfa</load_address>
         <run_address>0x3dfa</run_address>
         <size>0x6f0</size>
         <input_file_ref idref="fl-94"/>
      </object_component>
      <object_component id="oc-95">
         <name>.debug_info</name>
         <load_address>0x44ea</load_address>
         <run_address>0x44ea</run_address>
         <size>0xf1f</size>
         <input_file_ref idref="fl-95"/>
      </object_component>
      <object_component id="oc-9a">
         <name>.debug_info</name>
         <load_address>0x5409</load_address>
         <run_address>0x5409</run_address>
         <size>0x7fd</size>
[...]
         <value>0x9c2c</value>
         <object_component_ref idref="oc-11d"/>
      </symbol>
      <symbol id="sm-4e8">
         <name>_HWI_enable</name>
         <value>0x9c18</value>
         <object_component_ref idref="oc-11d"/>
      </symbol>
      <symbol id="sm-4e9">
         <name>_HWI_disable</name>
         <value>0x9c00</value>
         <object_component_ref idref="oc-11d"/>
      </symbol>
      <symbol id="sm-4ff">
         <name>__IRQ_eventTable</name>
         <value>0xd4d0</value>
         <object_component_ref idref="oc-123"/>
      </symbol>
      <symbol id="sm-500">
         <name>__IRQ_intTable</name>
         <value>0xd554</value>
         <object_component_ref idref="oc-123"/>
      </symbol>
      <symbol id="sm-501">
         <name>_IRQ_map</name>
         <value>0x4460</value>
         <object_component_ref idref="oc-20e"/>
      </symbol>
      <symbol id="sm-502">
         <name>__IRQ_init</name>
         <value>0x59c0</value>
         <object_component_ref idref="oc-223"/>
      </symbol>
      <symbol id="sm-503">
         <name>__IRQ_dispatchTable</name>
         <value>0xd594</value>
         <object_component_ref idref="oc-123"/>
      </symbol>
      <symbol id="sm-504">
         <name>__IRQ_hookFetchPacket</name>
         <value>0x5dc0</value>
         <object_component_ref idref="oc-121"/>
      </symbol>
      <symbol id="sm-510">
         <name>_KNL_maxqueue</name>
         <value>0xed18</value>
         <object_component_ref idref="oc-127"/>
      </symbol>
      <symbol id="sm-511">
         <name>_KNL_inactive</name>
         <value>0xecf8</value>
         <object_component_ref idref="oc-127"/>
      </symbol>
      <symbol id="sm-512">
         <name>_KNL_tswitchfxn</name>
         <value>0xed1c</value>
         <object_component_ref idref="oc-127"/>
      </symbol>
      <symbol id="sm-513">
         <name>_KNL_setpri</name>
         <value>0xecf4</value>
         <object_component_ref idref="oc-127"/>
      </symbol>
      <symbol id="sm-514">
         <name>_KNL_swiptr</name>
         <value>0xed10</value>
         <object_component_ref idref="oc-127"/>
      </symbol>
      <symbol id="sm-515">
         <name>_KNL_dummy</name>
         <value>0xd63c</value>
         <object_component_ref idref="oc-12a"/>
      </symbol>
      <symbol id="sm-516">
         <name>_KNL_curtask</name>
         <value>0xed04</value>
         <object_component_ref idref="oc-127"/>
      </symbol>
      <symbol id="sm-517">
         <name>_KNL_curqueue</name>
         <value>0xed14</value>
         <object_component_ref idref="oc-127"/>
      </symbol>
      <symbol id="sm-518">
         <name>_KNL_wList</name>
         <value>0xecec</value>
         <object_component_ref idref="oc-127"/>
      </symbol>
      <symbol id="sm-519">
         <name>_KNL_curtime</name>
         <value>0xed0c</value>
         <object_component_ref idref="oc-127"/>
      </symbol>
      <symbol id="sm-51a">
         <name>_KNL_set</name>
         <value>0xed00</value>
         <object_component_ref idref="oc-127"/>
      </symbol>
      <symbol id="sm-51b">
         <name>_KNL_alarm</name>
         <value>0xecf0</value>
         <object_component_ref idref="oc-127"/>
      </symbol>
      <symbol id="sm-51c">
         <name>_KNL_prevtask</name>
         <value>0xed08</value>
         <object_component_ref idref="oc-127"/>
      </symbol>
      <symbol id="sm-51d">
         <name>_KNL_queues</name>
         <value>0xd59c</value>
         <object_component_ref idref="oc-12a"/>
      </symbol>
      <symbol id="sm-51e">
         <name>_KNL_idlefxn</name>
         <value>0xed2c</value>
         <object_component_ref idref="oc-127"/>
      </symbol>
      <symbol id="sm-51f">
         <name>_KNL_priority</name>
         <value>0xecfc</value>
         <object_component_ref idref="oc-127"/>
      </symbol>
      <symbol id="sm-520">
         <name>_KNL_treadyfxn</name>
         <value>0xed28</value>
         <object_component_ref idref="oc-127"/>
      </symbol>
      <symbol id="sm-521">
         <name>_KNL_tcreatefxn</name>
         <value>0xed20</value>
         <object_component_ref idref="oc-127"/>
      </symbol>
      <symbol id="sm-522">
         <name>_KNL_wFlag</name>
         <value>0xece8</value>
         <object_component_ref idref="oc-127"/>
      </symbol>
      <symbol id="sm-523">
         <name>_KNL_tdeletefxn</name>
         <value>0xed24</value>
         <object_component_ref idref="oc-127"/>
      </symbol>
      <symbol id="sm-52d">
         <name>_KNL_exit</name>
         <value>0x9240</value>
         <object_component_ref idref="oc-12d"/>
      </symbol>
      <symbol id="sm-52e">
         <name>_KNL_enter</name>
         <value>0x9294</value>
         <object_component_ref idref="oc-12d"/>
      </symbol>
      <symbol id="sm-536">
         <name>__KNL_lat1beg</name>
         <value>0x9070</value>
         <object_component_ref idref="oc-130"/>
      </symbol>
      <symbol id="sm-537">
         <name>__KNL_lat1end</name>
         <value>0x90f8</value>
         <object_component_ref idref="oc-130"/>
      </symbol>
      <symbol id="sm-538">
         <name>_KNL_max</name>
         <value>0x911c</value>
         <object_component_ref idref="oc-130"/>
      </symbol>
      <symbol id="sm-539">
         <name>_KNL_check</name>
         <value>0x9020</value>
         <object_component_ref idref="oc-130"/>
      </symbol>
      <symbol id="sm-53a">
         <name>_KNL_idle</name>
         <value>0x90f8</value>
         <object_component_ref idref="oc-130"/>
      </symbol>
      <symbol id="sm-544">
         <name>_KNL_post</name>
         <value>0x9680</value>
         <object_component_ref idref="oc-135"/>
      </symbol>
      <symbol id="sm-54e">
         <name>_KNL_ipost</name>
         <value>0x95c0</value>
         <object_component_ref idref="oc-139"/>
      </symbol>
      <symbol id="sm-558">
         <name>_KNL_run</name>
         <value>0x7700</value>
         <object_component_ref idref="oc-13d"/>
      </symbol>
      <symbol id="sm-56a">
         <name>_MCBSP_reset</name>
         <value>0x47e0</value>
         <object_component_ref idref="oc-225"/>
      </symbol>
      <symbol id="sm-56b">
         <name>_MCBSP_open</name>
         <value>0x5380</value>
         <object_component_ref idref="oc-212"/>
      </symbol>
      <symbol id="sm-56c">
         <name>__MCBSP_hDev0</name>
         <value>0xd930</value>
         <object_component_ref idref="oc-141"/>
      </symbol>
      <symbol id="sm-56d">
         <name>__MCBSP_hDev1</name>
         <value>0xd934</value>
         <object_component_ref idref="oc-141"/>
      </symbol>
      <symbol id="sm-56e">
         <name>_MCBSP_start</name>
         <value>0x5480</value>
         <object_component_ref idref="oc-213"/>
      </symbol>
      <symbol id="sm-57c">
         <name>_OBJ_table</name>
         <value>0xd734</value>
         <object_component_ref idref="oc-147"/>
      </symbol>
      <symbol id="sm-57d">
         <name>_OBJ_init</name>
         <value>0xe260</value>
         <object_component_ref idref="oc-148"/>
      </symbol>
      <symbol id="sm-57e">
         <name>_OBJ_segtab</name>
         <value>0xd76c</value>
         <object_component_ref idref="oc-147"/>
      </symbol>
      <symbol id="sm-58a">
         <name>_RTDX_Buffer_ReadCB</name>
         <value>0xd1c0</value>
         <object_component_ref idref="oc-217"/>
      </symbol>
      <symbol id="sm-58b">
         <name>RTDX_NORMALIZED_HDR</name>
         <value>0x1</value>
      </symbol>
      <symbol id="sm-58c">
         <name>_RTDX_Buffer_Read</name>
         <value>0xd2a0</value>
         <object_component_ref idref="oc-1fe"/>
      </symbol>
      <symbol id="sm-5a8">
         <name>_rtdx_buffer_state</name>
         <value>0xde1c</value>
         <object_component_ref idref="oc-151"/>
      </symbol>
      <symbol id="sm-5a9">
         <name>_RTDX_Buffer_WriteCB</name>
         <value>0xc880</value>
         <object_component_ref idref="oc-218"/>
      </symbol>
      <symbol id="sm-5aa">
         <name>_rtdxNullChanCnt</name>
         <value>0xed9c</value>
         <object_component_ref idref="oc-14e"/>
      </symbol>
      <symbol id="sm-5ab">
         <name>_RTDX_writing</name>
         <value>0xde28</value>
         <object_component_ref idref="oc-151"/>
      </symbol>
      <symbol id="sm-5ac">
         <name>_RTDX_Buffer_Initialize</name>
         <value>0xd160</value>
         <object_component_ref idref="oc-201"/>
      </symbol>
      <symbol id="sm-5ad">
         <name>_RTDX_Buffer_Write</name>
         <value>0xd2c0</value>
         <object_component_ref idref="oc-1ff"/>
      </symbol>
      <symbol id="sm-5ae">
         <name>_rtdxNullFuncCnt</name>
         <value>0xeda0</value>
         <object_component_ref idref="oc-14e"/>
      </symbol>
      <symbol id="sm-5af">
         <name>_RTDX_Buffer_Size</name>
         <value>0xd220</value>
         <object_component_ref idref="oc-226"/>
      </symbol>
      <symbol id="sm-5b9">
         <name>_RTDX_Mask_IER</name>
         <value>0xd300</value>
         <object_component_ref idref="oc-156"/>
      </symbol>
      <symbol id="sm-5d1">
         <name>_RTDX_Mon_Queue</name>
         <value>0xcec0</value>
         <object_component_ref idref="oc-229"/>
      </symbol>
      <symbol id="sm-5d2">
         <name>_rtdx_mon_state</name>
         <value>0xde3c</value>
         <object_component_ref idref="oc-15a"/>
      </symbol>
      <symbol id="sm-5d3">
         <name>_RTDX_JTAGONLY</name>
         <value>0x2</value>
      </symbol>
      <symbol id="sm-5d4">
         <name>_RTDX_Final_RT_Monitor</name>
         <value>0xd260</value>
         <object_component_ref idref="oc-21a"/>
      </symbol>
      <symbol id="sm-5d5">
         <name>_RTDX_Poll</name>
         <value>0xc480</value>
         <object_component_ref idref="oc-1fd"/>
      </symbol>
      <symbol id="sm-5d6">
         <name>_RTDX_Init_RT_Monitor</name>
         <value>0xd0e0</value>
         <object_component_ref idref="oc-202"/>
      </symbol>
      <symbol id="sm-5de">
         <name>_SEM_pendBinary</name>
         <value>0x9c60</value>
         <object_component_ref idref="oc-15e"/>
      </symbol>
      <symbol id="sm-5e8">
         <name>_SEM_pendEnterKnl</name>
         <value>0x7c80</value>
         <object_component_ref idref="oc-163"/>
      </symbol>
      <symbol id="sm-5f0">
         <name>_SEM_postBinary</name>
         <value>0x9400</value>
         <object_component_ref idref="oc-166"/>
      </symbol>
      <symbol id="sm-5f1">
         <name>_SEM_post</name>
         <value>0x9400</value>
         <object_component_ref idref="oc-166"/>
      </symbol>
      <symbol id="sm-5fb">
         <name>_SEM_postEnterKnl</name>
         <value>0x9320</value>
         <object_component_ref idref="oc-16b"/>
      </symbol>
      <symbol id="sm-603">
         <name>_STS_set</name>
         <value>0x9fa0</value>
         <object_component_ref idref="oc-16e"/>
      </symbol>
      <symbol id="sm-613">
         <name>_TIMER_reset</name>
         <value>0x5160</value>
         <object_component_ref idref="oc-22e"/>
      </symbol>
      <symbol id="sm-614">
         <name>_TIMER_open</name>
         <value>0x4da0</value>
         <object_component_ref idref="oc-224"/>
      </symbol>
      <symbol id="sm-615">
         <name>__TIMER_hDev0</name>
         <value>0xd9ac</value>
         <object_component_ref idref="oc-173"/>
      </symbol>
      <symbol id="sm-616">
         <name>__TIMER_hDev1</name>
         <value>0xd9b0</value>
         <object_component_ref idref="oc-173"/>
      </symbol>
      <symbol id="sm-617">
         <name>__TIMER_hBios</name>
         <value>0xd9b4</value>
         <object_component_ref idref="oc-173"/>
      </symbol>
      <symbol id="sm-618">
         <name>__TIMER_deviceTable</name>
         <value>0xd994</value>
         <object_component_ref idref="oc-173"/>
      </symbol>
      <symbol id="sm-626">
         <name>_TSK_nTasks</name>
         <value>0xeda4</value>
         <object_component_ref idref="oc-177"/>
      </symbol>
      <symbol id="sm-627">
         <name>_TSK_config</name>
         <value>0xd6f4</value>
         <object_component_ref idref="oc-17a"/>
      </symbol>
      <symbol id="sm-628">
         <name>_TSK</name>
         <value>0xedac</value>
         <object_component_ref idref="oc-177"/>
      </symbol>
      <symbol id="sm-629">
         <name>_TSK_timerSem</name>
         <value>0xd714</value>
         <object_component_ref idref="oc-17a"/>
      </symbol>
      <symbol id="sm-62a">
         <name>_TSK_pid</name>
         <value>0xeda8</value>
         <object_component_ref idref="oc-177"/>
      </symbol>
      <symbol id="sm-62b">
         <name>_TSK_ATTRS</name>
         <value>0xd6d8</value>
         <object_component_ref idref="oc-17a"/>
      </symbol>
      <symbol id="sm-635">
         <name>_TSK_exit</name>
         <value>0x8b80</value>
         <object_component_ref idref="oc-17e"/>
      </symbol>
      <symbol id="sm-63f">
         <name>_SYS_exit</name>
         <value>0x9800</value>
         <object_component_ref idref="oc-182"/>
      </symbol>
      <symbol id="sm-64b">
         <name>_SYS_exitStack</name>
         <value>0xd9b8</value>
         <object_component_ref idref="oc-188"/>
      </symbol>
      <symbol id="sm-64c">
         <name>_SYS_exitStackPtr</name>
         <value>0xedb8</value>
         <object_component_ref idref="oc-185"/>
      </symbol>
      <symbol id="sm-64d">
         <name>_SYS_exitStackTop</name>
         <value>0xedbc</value>
         <object_component_ref idref="oc-185"/>
      </symbol>
      <symbol id="sm-657">
         <name>_TSK_init</name>
         <value>0xe1e0</value>
         <object_component_ref idref="oc-18b"/>
      </symbol>
      <symbol id="sm-661">
         <name>_TSK_setup</name>
         <value>0x8600</value>
         <object_component_ref idref="oc-18f"/>
      </symbol>
      <symbol id="sm-673">
         <name>__MEM_mutex</name>
         <value>0xd804</value>
         <object_component_ref idref="oc-195"/>
      </symbol>
      <symbol id="sm-674">
         <name>_TSK_startup</name>
         <value>0x8f60</value>
         <object_component_ref idref="oc-196"/>
      </symbol>
      <symbol id="sm-675">
         <name>__TSK_mutex</name>
         <value>0xd7dc</value>
         <object_component_ref idref="oc-195"/>
      </symbol>
      <symbol id="sm-67f">
         <name>_LCK_pend</name>
         <value>0x9770</value>
         <object_component_ref idref="oc-19b"/>
      </symbol>
      <symbol id="sm-680">
         <name>_LCK_post</name>
         <value>0x9740</value>
         <object_component_ref idref="oc-19b"/>
      </symbol>
      <symbol id="sm-688">
         <name>_SEM_pend</name>
         <value>0x9cc0</value>
         <object_component_ref idref="oc-19e"/>
      </symbol>
      <symbol id="sm-692">
         <name>_SYS_abort</name>
         <value>0x9d20</value>
         <object_component_ref idref="oc-1a3"/>
      </symbol>
      <symbol id="sm-6a0">
         <name>__GBL_setL2CacheMode</name>
         <value>0x6814</value>
         <object_component_ref idref="oc-1a9"/>
      </symbol>
      <symbol id="sm-6aa">
         <name>__SEM_dopost</name>
         <value>0x83e0</value>
         <object_component_ref idref="oc-1ad"/>
      </symbol>
      <symbol id="sm-6b4">
         <name>__auto_init</name>
         <value>0x8d20</value>
         <object_component_ref idref="oc-1b1"/>
      </symbol>
      <symbol id="sm-6be">
         <name>__divd</name>
         <value>0x1720</value>
         <object_component_ref idref="oc-208"/>
      </symbol>
      <symbol id="sm-6c8">
         <name>__divf</name>
         <value>0x3120</value>
         <object_component_ref idref="oc-214"/>
      </symbol>
      <symbol id="sm-6d2">
         <name>__frcmpyd_div</name>
         <value>0x4ee0</value>
         <object_component_ref idref="oc-21c"/>
      </symbol>
      <symbol id="sm-6dc">
         <name>__llshru</name>
         <value>0x5c60</value>
         <object_component_ref idref="oc-21b"/>
      </symbol>
      <symbol id="sm-6e6">
         <name>__mpyll</name>
         <value>0x5a60</value>
         <object_component_ref idref="oc-22b"/>
      </symbol>
      <symbol id="sm-6f8">
         <name>__unlock</name>
         <value>0xda04</value>
         <object_component_ref idref="oc-1c5"/>
      </symbol>
      <symbol id="sm-6f9">
         <name>__lock</name>
         <value>0xda00</value>
         <object_component_ref idref="oc-1c5"/>
      </symbol>
      <symbol id="sm-6fa">
         <name>__register_lock</name>
         <value>0x5d80</value>
         <object_component_ref idref="oc-203"/>
      </symbol>
      <symbol id="sm-6fb">
         <name>__nop</name>
         <value>0x5d60</value>
         <object_component_ref idref="oc-206"/>
      </symbol>
      <symbol id="sm-6fc">
         <name>__register_unlock</name>
         <value>0x5da0</value>
         <object_component_ref idref="oc-204"/>
      </symbol>
      <symbol id="sm-704">
         <name>__strasg</name>
         <value>0x5660</value>
         <object_component_ref idref="oc-200"/>
      </symbol>
      <symbol id="sm-712">
         <name>_atan</name>
         <value>0x3be0</value>
         <object_component_ref idref="oc-207"/>
      </symbol>
      <symbol id="sm-720">
         <name>_atexit</name>
         <value>0x5740</value>
         <object_component_ref idref="oc-219"/>
      </symbol>
      <symbol id="sm-721">
         <name>___atexit_func_id__</name>
         <value>0xd320</value>
         <object_component_ref idref="oc-1d2"/>
      </symbol>
      <symbol id="sm-731">
         <name>_dtors</name>
         <value>0xd87c</value>
         <object_component_ref idref="oc-1d7"/>
      </symbol>
      <symbol id="sm-732">
         <name>_call_dtors</name>
         <value>0x4b00</value>
         <object_component_ref idref="oc-22f"/>
      </symbol>
      <symbol id="sm-733">
         <name>___add_dtor</name>
         <value>0x5cc0</value>
         <object_component_ref idref="oc-22a"/>
      </symbol>
      <symbol id="sm-73f">
         <name>___TI_enable_exit_profile_output</name>
         <value>0xd9fc</value>
         <object_component_ref idref="oc-1dc"/>
      </symbol>
      <symbol id="sm-740">
         <name>__cleanup_ptr</name>
         <value>0xd9f4</value>
         <object_component_ref idref="oc-1dc"/>
      </symbol>
      <symbol id="sm-741">
         <name>__dtors_ptr</name>
         <value>0xd9f8</value>
         <object_component_ref idref="oc-1dc"/>
      </symbol>
      <symbol id="sm-74f">
         <name>_cos</name>
         <value>0x2de0</value>
         <object_component_ref idref="oc-209"/>
      </symbol>
      <symbol id="sm-759">
         <name>__nround</name>
         <value>0x5580</value>
         <object_component_ref idref="oc-21e"/>
      </symbol>
      <symbol id="sm-763">
         <name>__trunc</name>
         <value>0x5d00</value>
         <object_component_ref idref="oc-21d"/>
      </symbol>
      <symbol id="sm-76d">
         <name>_memcpy</name>
         <value>0x3e20</value>
         <object_component_ref idref="oc-205"/>
      </symbol>
      <symbol id="sm-777">
         <name>_modf</name>
         <value>0x5820</value>
         <object_component_ref idref="oc-21f"/>
      </symbol>
      <symbol id="sm-785">
         <name>_sin</name>
         <value>0x3420</value>
         <object_component_ref idref="oc-20a"/>
      </symbol>
      <symbol id="sm-78f">
         <name>_sqrt</name>
         <value>0x5020</value>
         <object_component_ref idref="oc-20b"/>
      </symbol>
      <symbol id="sm-799">
         <name>_errno</name>
         <value>0xd674</value>
         <object_component_ref idref="oc-1fa"/>
      </symbol>
   </symbol_table>
</link_info>
